Component: ARM Compiler 5.05 (build 41) Tool: armlink [4d0eb9]

==============================================================================

Section Cross References

    main.o(i.main) refers to boards.o(i.bsp_board_leds_init) for bsp_board_leds_init
    main.o(i.main) refers to nrf_drv_timer.o(i.nrf_drv_timer_init) for nrf_drv_timer_init
    main.o(i.main) refers to app_error.o(i.app_error_handler_bare) for app_error_handler_bare
    main.o(i.main) refers to nrf_drv_timer.o(i.nrf_drv_timer_extended_compare) for nrf_drv_timer_extended_compare
    main.o(i.main) refers to nrf_drv_timer.o(i.nrf_drv_timer_enable) for nrf_drv_timer_enable
    main.o(i.main) refers to main.o(.constdata) for .constdata
    main.o(i.main) refers to main.o(i.timer_led_event_handler) for timer_led_event_handler
    main.o(i.timer_led_event_handler) refers to boards.o(i.bsp_board_led_invert) for bsp_board_led_invert
    main.o(i.timer_led_event_handler) refers to main.o(.data) for .data
    boards.o(i.bsp_board_button_idx_to_pin) refers to boards.o(.constdata) for .constdata
    boards.o(i.bsp_board_button_state_get) refers to boards.o(.constdata) for .constdata
    boards.o(i.bsp_board_buttons_init) refers to boards.o(i.nrf_gpio_cfg) for nrf_gpio_cfg
    boards.o(i.bsp_board_buttons_init) refers to boards.o(.constdata) for .constdata
    boards.o(i.bsp_board_led_idx_to_pin) refers to boards.o(.constdata) for .constdata
    boards.o(i.bsp_board_led_invert) refers to boards.o(.constdata) for .constdata
    boards.o(i.bsp_board_led_off) refers to boards.o(i.nrf_gpio_pin_write) for nrf_gpio_pin_write
    boards.o(i.bsp_board_led_off) refers to boards.o(.constdata) for .constdata
    boards.o(i.bsp_board_led_on) refers to boards.o(i.nrf_gpio_pin_write) for nrf_gpio_pin_write
    boards.o(i.bsp_board_led_on) refers to boards.o(.constdata) for .constdata
    boards.o(i.bsp_board_led_state_get) refers to boards.o(.constdata) for .constdata
    boards.o(i.bsp_board_leds_init) refers to boards.o(i.nrf_gpio_cfg) for nrf_gpio_cfg
    boards.o(i.bsp_board_leds_init) refers to boards.o(i.bsp_board_leds_off) for bsp_board_leds_off
    boards.o(i.bsp_board_leds_init) refers to boards.o(.constdata) for .constdata
    boards.o(i.bsp_board_leds_off) refers to boards.o(i.bsp_board_led_off) for bsp_board_led_off
    boards.o(i.bsp_board_leds_on) refers to boards.o(i.bsp_board_led_on) for bsp_board_led_on
    boards.o(i.bsp_board_pin_to_button_idx) refers to boards.o(.constdata) for .constdata
    boards.o(i.bsp_board_pin_to_led_idx) refers to boards.o(.constdata) for .constdata
    arm_startup_nrf51.o(RESET) refers to arm_startup_nrf51.o(STACK) for __initial_sp
    arm_startup_nrf51.o(RESET) refers to arm_startup_nrf51.o(.text) for Reset_Handler
    arm_startup_nrf51.o(RESET) refers to nrf_drv_uart.o(i.UART0_IRQHandler) for UART0_IRQHandler
    arm_startup_nrf51.o(RESET) refers to nrf_drv_timer.o(i.TIMER1_IRQHandler) for TIMER1_IRQHandler
    arm_startup_nrf51.o(.text) refers to system_nrf51.o(i.SystemInit) for SystemInit
    arm_startup_nrf51.o(.text) refers to entry.o(.ARM.Collect$$$$00000000) for __main
    system_nrf51.o(i.SystemCoreClockUpdate) refers to system_nrf51.o(.data) for .data
    system_nrf51.o(i.SystemInit) refers to system_nrf51.o(i.is_manual_peripheral_setup_needed) for is_manual_peripheral_setup_needed
    nrf_drv_timer.o(i.TIMER1_IRQHandler) refers to nrf_drv_timer.o(.bss) for .bss
    nrf_drv_timer.o(i.nrf_drv_timer_disable) refers to nrf_drv_timer.o(.bss) for .bss
    nrf_drv_timer.o(i.nrf_drv_timer_enable) refers to nrf_drv_timer.o(.bss) for .bss
    nrf_drv_timer.o(i.nrf_drv_timer_extended_compare) refers to nrf_drv_timer.o(i.nrf_drv_timer_compare) for nrf_drv_timer_compare
    nrf_drv_timer.o(i.nrf_drv_timer_init) refers to nrf_drv_common.o(i.nrf_drv_common_irq_enable) for nrf_drv_common_irq_enable
    nrf_drv_timer.o(i.nrf_drv_timer_init) refers to nrf_drv_timer.o(.bss) for .bss
    nrf_drv_timer.o(i.nrf_drv_timer_uninit) refers to nrf_drv_timer.o(i.nrf_drv_timer_disable) for nrf_drv_timer_disable
    nrf_drv_timer.o(i.nrf_drv_timer_uninit) refers to nrf_drv_timer.o(.bss) for .bss
    nrf_drv_uart.o(i.UART0_IRQHandler) refers to nrf_drv_uart.o(i.uart_irq_handler) for uart_irq_handler
    nrf_drv_uart.o(i.UART0_IRQHandler) refers to nrf_drv_uart.o(.bss) for .bss
    nrf_drv_uart.o(i.apply_config) refers to nrf_drv_uart.o(i.nrf_gpio_cfg_output) for nrf_gpio_cfg_output
    nrf_drv_uart.o(i.apply_config) refers to nrf_drv_uart.o(i.nrf_gpio_cfg_input) for nrf_gpio_cfg_input
    nrf_drv_uart.o(i.nrf_drv_uart_init) refers to nrf_drv_uart.o(i.apply_config) for apply_config
    nrf_drv_uart.o(i.nrf_drv_uart_init) refers to nrf_drv_common.o(i.nrf_drv_common_irq_enable) for nrf_drv_common_irq_enable
    nrf_drv_uart.o(i.nrf_drv_uart_init) refers to nrf_drv_uart.o(.bss) for .bss
    nrf_drv_uart.o(i.nrf_drv_uart_rx) refers to nrf_drv_uart.o(i.nrf_drv_uart_rx_for_uart) for nrf_drv_uart_rx_for_uart
    nrf_drv_uart.o(i.nrf_drv_uart_rx) refers to nrf_drv_uart.o(.bss) for .bss
    nrf_drv_uart.o(i.nrf_drv_uart_rx_disable) refers to nrf_drv_uart.o(.bss) for .bss
    nrf_drv_uart.o(i.nrf_drv_uart_rx_enable) refers to nrf_drv_uart.o(i.rx_enable) for rx_enable
    nrf_drv_uart.o(i.nrf_drv_uart_rx_enable) refers to nrf_drv_uart.o(.bss) for .bss
    nrf_drv_uart.o(i.nrf_drv_uart_rx_for_uart) refers to nrf_drv_uart.o(i.rx_enable) for rx_enable
    nrf_drv_uart.o(i.nrf_drv_uart_rx_for_uart) refers to nrf_drv_uart.o(i.nrf_uart_event_check) for nrf_uart_event_check
    nrf_drv_uart.o(i.nrf_drv_uart_rx_for_uart) refers to nrf_drv_uart.o(i.rx_byte) for rx_byte
    nrf_drv_uart.o(i.nrf_drv_uart_rx_for_uart) refers to nrf_drv_uart.o(.bss) for .bss
    nrf_drv_uart.o(i.nrf_drv_uart_tx) refers to nrf_drv_uart.o(i.nrf_drv_uart_tx_in_progress) for nrf_drv_uart_tx_in_progress
    nrf_drv_uart.o(i.nrf_drv_uart_tx) refers to nrf_drv_uart.o(i.nrf_drv_uart_tx_for_uart) for nrf_drv_uart_tx_for_uart
    nrf_drv_uart.o(i.nrf_drv_uart_tx) refers to nrf_drv_uart.o(.bss) for .bss
    nrf_drv_uart.o(i.nrf_drv_uart_tx_abort) refers to nrf_drv_uart.o(i.tx_done_event) for tx_done_event
    nrf_drv_uart.o(i.nrf_drv_uart_tx_abort) refers to nrf_drv_uart.o(.bss) for .bss
    nrf_drv_uart.o(i.nrf_drv_uart_tx_for_uart) refers to nrf_drv_uart.o(i.tx_byte) for tx_byte
    nrf_drv_uart.o(i.nrf_drv_uart_tx_for_uart) refers to nrf_drv_uart.o(i.nrf_uart_event_check) for nrf_uart_event_check
    nrf_drv_uart.o(i.nrf_drv_uart_tx_for_uart) refers to nrf_drv_uart.o(.bss) for .bss
    nrf_drv_uart.o(i.nrf_drv_uart_tx_in_progress) refers to nrf_drv_uart.o(.bss) for .bss
    nrf_drv_uart.o(i.nrf_drv_uart_uninit) refers to nrf_drv_uart.o(i.nrf_gpio_cfg_default) for nrf_gpio_cfg_default
    nrf_drv_uart.o(i.nrf_drv_uart_uninit) refers to nrf_drv_uart.o(.bss) for .bss
    nrf_drv_uart.o(i.nrf_gpio_cfg_default) refers to nrf_drv_uart.o(i.nrf_gpio_cfg) for nrf_gpio_cfg
    nrf_drv_uart.o(i.nrf_gpio_cfg_input) refers to nrf_drv_uart.o(i.nrf_gpio_cfg) for nrf_gpio_cfg
    nrf_drv_uart.o(i.nrf_gpio_cfg_output) refers to nrf_drv_uart.o(i.nrf_gpio_cfg) for nrf_gpio_cfg
    nrf_drv_uart.o(i.uart_irq_handler) refers to nrf_drv_uart.o(i.nrf_uart_int_enable_check) for nrf_uart_int_enable_check
    nrf_drv_uart.o(i.uart_irq_handler) refers to nrf_drv_uart.o(i.nrf_uart_event_check) for nrf_uart_event_check
    nrf_drv_uart.o(i.uart_irq_handler) refers to nrf_drv_uart.o(i.rx_byte) for rx_byte
    nrf_drv_uart.o(i.uart_irq_handler) refers to nrf_drv_uart.o(i.rx_done_event) for rx_done_event
    nrf_drv_uart.o(i.uart_irq_handler) refers to nrf_drv_uart.o(i.tx_byte) for tx_byte
    nrf_drv_uart.o(i.uart_irq_handler) refers to nrf_drv_uart.o(i.tx_done_event) for tx_done_event
    app_error.o(i.app_error_handler) refers to app_error_weak.o(i.app_error_fault_handler) for app_error_fault_handler
    app_error.o(i.app_error_handler_bare) refers to app_error_weak.o(i.app_error_fault_handler) for app_error_fault_handler
    app_error.o(i.app_error_save_and_stop) refers to app_error.o(.bss) for .bss
    app_util_platform.o(i.app_util_critical_region_enter) refers to app_util_platform.o(i.app_util_disable_irq) for app_util_disable_irq
    app_util_platform.o(i.app_util_critical_region_exit) refers to app_util_platform.o(i.app_util_enable_irq) for app_util_enable_irq
    app_util_platform.o(i.app_util_disable_irq) refers to app_util_platform.o(.data) for .data
    app_util_platform.o(i.app_util_enable_irq) refers to app_util_platform.o(.data) for .data
    nrf_assert.o(i.assert_nrf_callback) refers to app_error_weak.o(i.app_error_fault_handler) for app_error_fault_handler
    segger_rtt.o(i.SEGGER_RTT_ConfigDownBuffer) refers to segger_rtt.o(i._DoInit) for _DoInit
    segger_rtt.o(i.SEGGER_RTT_ConfigDownBuffer) refers to app_util_platform.o(i.app_util_critical_region_enter) for app_util_critical_region_enter
    segger_rtt.o(i.SEGGER_RTT_ConfigDownBuffer) refers to app_util_platform.o(i.app_util_critical_region_exit) for app_util_critical_region_exit
    segger_rtt.o(i.SEGGER_RTT_ConfigDownBuffer) refers to segger_rtt.o(.bss) for .bss
    segger_rtt.o(i.SEGGER_RTT_ConfigUpBuffer) refers to segger_rtt.o(i._DoInit) for _DoInit
    segger_rtt.o(i.SEGGER_RTT_ConfigUpBuffer) refers to app_util_platform.o(i.app_util_critical_region_enter) for app_util_critical_region_enter
    segger_rtt.o(i.SEGGER_RTT_ConfigUpBuffer) refers to app_util_platform.o(i.app_util_critical_region_exit) for app_util_critical_region_exit
    segger_rtt.o(i.SEGGER_RTT_ConfigUpBuffer) refers to segger_rtt.o(.bss) for .bss
    segger_rtt.o(i.SEGGER_RTT_GetKey) refers to segger_rtt.o(i.SEGGER_RTT_Read) for SEGGER_RTT_Read
    segger_rtt.o(i.SEGGER_RTT_HasData) refers to segger_rtt.o(.bss) for .bss
    segger_rtt.o(i.SEGGER_RTT_HasKey) refers to segger_rtt.o(i._DoInit) for _DoInit
    segger_rtt.o(i.SEGGER_RTT_HasKey) refers to segger_rtt.o(.bss) for .bss
    segger_rtt.o(i.SEGGER_RTT_Init) refers to segger_rtt.o(i._DoInit) for _DoInit
    segger_rtt.o(i.SEGGER_RTT_Init) refers to segger_rtt.o(.bss) for .bss
    segger_rtt.o(i.SEGGER_RTT_Read) refers to app_util_platform.o(i.app_util_critical_region_enter) for app_util_critical_region_enter
    segger_rtt.o(i.SEGGER_RTT_Read) refers to segger_rtt.o(i.SEGGER_RTT_ReadNoLock) for SEGGER_RTT_ReadNoLock
    segger_rtt.o(i.SEGGER_RTT_Read) refers to app_util_platform.o(i.app_util_critical_region_exit) for app_util_critical_region_exit
    segger_rtt.o(i.SEGGER_RTT_ReadNoLock) refers to segger_rtt.o(i._DoInit) for _DoInit
    segger_rtt.o(i.SEGGER_RTT_ReadNoLock) refers to memcpya.o(.text) for __aeabi_memcpy
    segger_rtt.o(i.SEGGER_RTT_ReadNoLock) refers to segger_rtt.o(.bss) for .bss
    segger_rtt.o(i.SEGGER_RTT_SetNameDownBuffer) refers to segger_rtt.o(i._DoInit) for _DoInit
    segger_rtt.o(i.SEGGER_RTT_SetNameDownBuffer) refers to app_util_platform.o(i.app_util_critical_region_enter) for app_util_critical_region_enter
    segger_rtt.o(i.SEGGER_RTT_SetNameDownBuffer) refers to app_util_platform.o(i.app_util_critical_region_exit) for app_util_critical_region_exit
    segger_rtt.o(i.SEGGER_RTT_SetNameDownBuffer) refers to segger_rtt.o(.bss) for .bss
    segger_rtt.o(i.SEGGER_RTT_SetNameUpBuffer) refers to segger_rtt.o(i._DoInit) for _DoInit
    segger_rtt.o(i.SEGGER_RTT_SetNameUpBuffer) refers to app_util_platform.o(i.app_util_critical_region_enter) for app_util_critical_region_enter
    segger_rtt.o(i.SEGGER_RTT_SetNameUpBuffer) refers to app_util_platform.o(i.app_util_critical_region_exit) for app_util_critical_region_exit
    segger_rtt.o(i.SEGGER_RTT_SetNameUpBuffer) refers to segger_rtt.o(.bss) for .bss
    segger_rtt.o(i.SEGGER_RTT_SetTerminal) refers to segger_rtt.o(i._DoInit) for _DoInit
    segger_rtt.o(i.SEGGER_RTT_SetTerminal) refers to app_util_platform.o(i.app_util_critical_region_enter) for app_util_critical_region_enter
    segger_rtt.o(i.SEGGER_RTT_SetTerminal) refers to segger_rtt.o(i._GetAvailWriteSpace) for _GetAvailWriteSpace
    segger_rtt.o(i.SEGGER_RTT_SetTerminal) refers to segger_rtt.o(i._WriteNoCheck) for _WriteNoCheck
    segger_rtt.o(i.SEGGER_RTT_SetTerminal) refers to segger_rtt.o(i._WriteBlocking) for _WriteBlocking
    segger_rtt.o(i.SEGGER_RTT_SetTerminal) refers to app_util_platform.o(i.app_util_critical_region_exit) for app_util_critical_region_exit
    segger_rtt.o(i.SEGGER_RTT_SetTerminal) refers to segger_rtt.o(.bss) for .bss
    segger_rtt.o(i.SEGGER_RTT_SetTerminal) refers to segger_rtt.o(.data) for .data
    segger_rtt.o(i.SEGGER_RTT_TerminalOut) refers to segger_rtt.o(i._DoInit) for _DoInit
    segger_rtt.o(i.SEGGER_RTT_TerminalOut) refers to strlen.o(.text) for strlen
    segger_rtt.o(i.SEGGER_RTT_TerminalOut) refers to app_util_platform.o(i.app_util_critical_region_enter) for app_util_critical_region_enter
    segger_rtt.o(i.SEGGER_RTT_TerminalOut) refers to segger_rtt.o(i._GetAvailWriteSpace) for _GetAvailWriteSpace
    segger_rtt.o(i.SEGGER_RTT_TerminalOut) refers to segger_rtt.o(i._PostTerminalSwitch) for _PostTerminalSwitch
    segger_rtt.o(i.SEGGER_RTT_TerminalOut) refers to segger_rtt.o(i._WriteBlocking) for _WriteBlocking
    segger_rtt.o(i.SEGGER_RTT_TerminalOut) refers to app_util_platform.o(i.app_util_critical_region_exit) for app_util_critical_region_exit
    segger_rtt.o(i.SEGGER_RTT_TerminalOut) refers to segger_rtt.o(.bss) for .bss
    segger_rtt.o(i.SEGGER_RTT_TerminalOut) refers to segger_rtt.o(.data) for .data
    segger_rtt.o(i.SEGGER_RTT_WaitKey) refers to segger_rtt.o(i.SEGGER_RTT_GetKey) for SEGGER_RTT_GetKey
    segger_rtt.o(i.SEGGER_RTT_Write) refers to segger_rtt.o(i._DoInit) for _DoInit
    segger_rtt.o(i.SEGGER_RTT_Write) refers to app_util_platform.o(i.app_util_critical_region_enter) for app_util_critical_region_enter
    segger_rtt.o(i.SEGGER_RTT_Write) refers to segger_rtt.o(i.SEGGER_RTT_WriteNoLock) for SEGGER_RTT_WriteNoLock
    segger_rtt.o(i.SEGGER_RTT_Write) refers to app_util_platform.o(i.app_util_critical_region_exit) for app_util_critical_region_exit
    segger_rtt.o(i.SEGGER_RTT_Write) refers to segger_rtt.o(.bss) for .bss
    segger_rtt.o(i.SEGGER_RTT_WriteNoLock) refers to segger_rtt.o(i._GetAvailWriteSpace) for _GetAvailWriteSpace
    segger_rtt.o(i.SEGGER_RTT_WriteNoLock) refers to segger_rtt.o(i._WriteNoCheck) for _WriteNoCheck
    segger_rtt.o(i.SEGGER_RTT_WriteNoLock) refers to segger_rtt.o(i._WriteBlocking) for _WriteBlocking
    segger_rtt.o(i.SEGGER_RTT_WriteNoLock) refers to segger_rtt.o(.bss) for .bss
    segger_rtt.o(i.SEGGER_RTT_WriteSkipNoLock) refers to memcpya.o(.text) for __aeabi_memcpy
    segger_rtt.o(i.SEGGER_RTT_WriteSkipNoLock) refers to segger_rtt.o(.bss) for .bss
    segger_rtt.o(i.SEGGER_RTT_WriteString) refers to strlen.o(.text) for strlen
    segger_rtt.o(i.SEGGER_RTT_WriteString) refers to segger_rtt.o(i.SEGGER_RTT_Write) for SEGGER_RTT_Write
    segger_rtt.o(i._DoInit) refers to strcpy.o(.text) for strcpy
    segger_rtt.o(i._DoInit) refers to segger_rtt.o(.bss) for .bss
    segger_rtt.o(i._PostTerminalSwitch) refers to segger_rtt.o(i._WriteBlocking) for _WriteBlocking
    segger_rtt.o(i._PostTerminalSwitch) refers to segger_rtt.o(.data) for .data
    segger_rtt.o(i._WriteBlocking) refers to memcpya.o(.text) for __aeabi_memcpy
    segger_rtt.o(i._WriteNoCheck) refers to memcpya.o(.text) for __aeabi_memcpy
    entry.o(.ARM.Collect$$$$00000000) refers (Special) to entry10a.o(.ARM.Collect$$$$0000000D) for __rt_final_cpp
    entry.o(.ARM.Collect$$$$00000000) refers (Special) to entry11a.o(.ARM.Collect$$$$0000000F) for __rt_final_exit
    entry.o(.ARM.Collect$$$$00000000) refers (Special) to entry7b.o(.ARM.Collect$$$$00000008) for _main_clock
    entry.o(.ARM.Collect$$$$00000000) refers (Special) to entry8b.o(.ARM.Collect$$$$0000000A) for _main_cpp_init
    entry.o(.ARM.Collect$$$$00000000) refers (Special) to entry9a.o(.ARM.Collect$$$$0000000B) for _main_init
    entry.o(.ARM.Collect$$$$00000000) refers (Special) to entry5.o(.ARM.Collect$$$$00000004) for _main_scatterload
    entry.o(.ARM.Collect$$$$00000000) refers (Special) to entry2.o(.ARM.Collect$$$$00000001) for _main_stk
    entry2.o(.ARM.Collect$$$$00000001) refers to entry2.o(.ARM.Collect$$$$00002712) for __lit__00000000
    entry2.o(.ARM.Collect$$$$00002712) refers to arm_startup_nrf51.o(STACK) for __initial_sp
    entry2.o(__vectab_stack_and_reset_area) refers to arm_startup_nrf51.o(STACK) for __initial_sp
    entry2.o(__vectab_stack_and_reset_area) refers to entry.o(.ARM.Collect$$$$00000000) for __main
    entry5.o(.ARM.Collect$$$$00000004) refers to init.o(.text) for __scatterload
    entry9a.o(.ARM.Collect$$$$0000000B) refers to main.o(i.main) for main
    entry9b.o(.ARM.Collect$$$$0000000C) refers to main.o(i.main) for main
    init.o(.text) refers to entry5.o(.ARM.Collect$$$$00000004) for __main_after_scatterload


==============================================================================

Removing Unused input sections from the image.

    Removing main.o(.rev16_text), (4 bytes).
    Removing main.o(.revsh_text), (4 bytes).
    Removing boards.o(.rev16_text), (4 bytes).
    Removing boards.o(.revsh_text), (4 bytes).
    Removing boards.o(i.bsp_board_button_idx_to_pin), (12 bytes).
    Removing boards.o(i.bsp_board_button_state_get), (32 bytes).
    Removing boards.o(i.bsp_board_buttons_init), (36 bytes).
    Removing boards.o(i.bsp_board_led_idx_to_pin), (12 bytes).
    Removing boards.o(i.bsp_board_led_on), (20 bytes).
    Removing boards.o(i.bsp_board_led_state_get), (32 bytes).
    Removing boards.o(i.bsp_board_leds_on), (18 bytes).
    Removing boards.o(i.bsp_board_pin_to_button_idx), (36 bytes).
    Removing boards.o(i.bsp_board_pin_to_led_idx), (36 bytes).
    Removing arm_startup_nrf51.o(HEAP), (2048 bytes).
    Removing system_nrf51.o(.rev16_text), (4 bytes).
    Removing system_nrf51.o(.revsh_text), (4 bytes).
    Removing system_nrf51.o(i.SystemCoreClockUpdate), (16 bytes).
    Removing nrf_drv_common.o(.rev16_text), (4 bytes).
    Removing nrf_drv_common.o(.revsh_text), (4 bytes).
    Removing nrf_drv_timer.o(.rev16_text), (4 bytes).
    Removing nrf_drv_timer.o(.revsh_text), (4 bytes).
    Removing nrf_drv_timer.o(i.nrf_drv_timer_capture), (28 bytes).
    Removing nrf_drv_timer.o(i.nrf_drv_timer_clear), (8 bytes).
    Removing nrf_drv_timer.o(i.nrf_drv_timer_compare_int_disable), (18 bytes).
    Removing nrf_drv_timer.o(i.nrf_drv_timer_compare_int_enable), (34 bytes).
    Removing nrf_drv_timer.o(i.nrf_drv_timer_disable), (24 bytes).
    Removing nrf_drv_timer.o(i.nrf_drv_timer_increment), (8 bytes).
    Removing nrf_drv_timer.o(i.nrf_drv_timer_pause), (8 bytes).
    Removing nrf_drv_timer.o(i.nrf_drv_timer_resume), (8 bytes).
    Removing nrf_drv_timer.o(i.nrf_drv_timer_uninit), (88 bytes).
    Removing nrf_drv_timer.o(.constdata), (19 bytes).
    Removing nrf_drv_uart.o(.rev16_text), (4 bytes).
    Removing nrf_drv_uart.o(.revsh_text), (4 bytes).
    Removing nrf_drv_uart.o(i.apply_config), (132 bytes).
    Removing nrf_drv_uart.o(i.nrf_drv_uart_errorsrc_get), (24 bytes).
    Removing nrf_drv_uart.o(i.nrf_drv_uart_init), (128 bytes).
    Removing nrf_drv_uart.o(i.nrf_drv_uart_rx), (92 bytes).
    Removing nrf_drv_uart.o(i.nrf_drv_uart_rx_abort), (22 bytes).
    Removing nrf_drv_uart.o(i.nrf_drv_uart_rx_disable), (28 bytes).
    Removing nrf_drv_uart.o(i.nrf_drv_uart_rx_enable), (44 bytes).
    Removing nrf_drv_uart.o(i.nrf_drv_uart_rx_for_uart), (168 bytes).
    Removing nrf_drv_uart.o(i.nrf_drv_uart_tx), (52 bytes).
    Removing nrf_drv_uart.o(i.nrf_drv_uart_tx_abort), (48 bytes).
    Removing nrf_drv_uart.o(i.nrf_drv_uart_tx_for_uart), (140 bytes).
    Removing nrf_drv_uart.o(i.nrf_drv_uart_tx_in_progress), (24 bytes).
    Removing nrf_drv_uart.o(i.nrf_drv_uart_uninit), (152 bytes).
    Removing nrf_drv_uart.o(i.nrf_gpio_cfg), (40 bytes).
    Removing nrf_drv_uart.o(i.nrf_gpio_cfg_default), (18 bytes).
    Removing nrf_drv_uart.o(i.nrf_gpio_cfg_input), (18 bytes).
    Removing nrf_drv_uart.o(i.nrf_gpio_cfg_output), (20 bytes).
    Removing nrf_drv_uart.o(i.rx_enable), (26 bytes).
    Removing nrf_drv_uart.o(.constdata), (18 bytes).
    Removing nrf_drv_uart.o(.constdata), (25 bytes).
    Removing nrf_drv_uart.o(.constdata), (16 bytes).
    Removing nrf_drv_uart.o(.constdata), (25 bytes).
    Removing nrf_drv_uart.o(.constdata), (16 bytes).
    Removing app_error.o(.rev16_text), (4 bytes).
    Removing app_error.o(.revsh_text), (4 bytes).
    Removing app_error.o(i.app_error_handler), (28 bytes).
    Removing app_error.o(i.app_error_save_and_stop), (100 bytes).
    Removing app_error.o(.bss), (32 bytes).
    Removing app_error_weak.o(.rev16_text), (4 bytes).
    Removing app_error_weak.o(.revsh_text), (4 bytes).
    Removing app_util_platform.o(.rev16_text), (4 bytes).
    Removing app_util_platform.o(.revsh_text), (4 bytes).
    Removing app_util_platform.o(i.app_util_critical_region_enter), (8 bytes).
    Removing app_util_platform.o(i.app_util_critical_region_exit), (8 bytes).
    Removing app_util_platform.o(i.app_util_disable_irq), (16 bytes).
    Removing app_util_platform.o(i.app_util_enable_irq), (20 bytes).
    Removing app_util_platform.o(.data), (4 bytes).
    Removing nrf_assert.o(.rev16_text), (4 bytes).
    Removing nrf_assert.o(.revsh_text), (4 bytes).
    Removing nrf_assert.o(i.assert_nrf_callback), (24 bytes).
    Removing nrf_log_backend_serial.o(.rev16_text), (4 bytes).
    Removing nrf_log_backend_serial.o(.revsh_text), (4 bytes).
    Removing nrf_log_frontend.o(.rev16_text), (4 bytes).
    Removing nrf_log_frontend.o(.revsh_text), (4 bytes).
    Removing segger_rtt.o(.rev16_text), (4 bytes).
    Removing segger_rtt.o(.revsh_text), (4 bytes).
    Removing segger_rtt.o(i.SEGGER_RTT_ConfigDownBuffer), (88 bytes).
    Removing segger_rtt.o(i.SEGGER_RTT_ConfigUpBuffer), (88 bytes).
    Removing segger_rtt.o(i.SEGGER_RTT_GetKey), (28 bytes).
    Removing segger_rtt.o(i.SEGGER_RTT_HasData), (20 bytes).
    Removing segger_rtt.o(i.SEGGER_RTT_HasKey), (36 bytes).
    Removing segger_rtt.o(i.SEGGER_RTT_Init), (20 bytes).
    Removing segger_rtt.o(i.SEGGER_RTT_Read), (38 bytes).
    Removing segger_rtt.o(i.SEGGER_RTT_ReadNoLock), (128 bytes).
    Removing segger_rtt.o(i.SEGGER_RTT_SetNameDownBuffer), (60 bytes).
    Removing segger_rtt.o(i.SEGGER_RTT_SetNameUpBuffer), (60 bytes).
    Removing segger_rtt.o(i.SEGGER_RTT_SetTerminal), (128 bytes).
    Removing segger_rtt.o(i.SEGGER_RTT_TerminalOut), (168 bytes).
    Removing segger_rtt.o(i.SEGGER_RTT_WaitKey), (12 bytes).
    Removing segger_rtt.o(i.SEGGER_RTT_Write), (56 bytes).
    Removing segger_rtt.o(i.SEGGER_RTT_WriteNoLock), (92 bytes).
    Removing segger_rtt.o(i.SEGGER_RTT_WriteSkipNoLock), (108 bytes).
    Removing segger_rtt.o(i.SEGGER_RTT_WriteString), (24 bytes).
    Removing segger_rtt.o(i._DoInit), (104 bytes).
    Removing segger_rtt.o(i._GetAvailWriteSpace), (22 bytes).
    Removing segger_rtt.o(i._PostTerminalSwitch), (32 bytes).
    Removing segger_rtt.o(i._WriteBlocking), (96 bytes).
    Removing segger_rtt.o(i._WriteNoCheck), (60 bytes).
    Removing segger_rtt.o(.bss), (200 bytes).
    Removing segger_rtt.o(.data), (17 bytes).

103 unused section(s) (total 5846 bytes) removed from the image.

==============================================================================

Image Symbol Table

    Local Symbols

    Symbol Name                              Value     Ov Type        Size  Object(Section)

    RESET                                    0x00000000   Section      192  arm_startup_nrf51.o(RESET)
    ../clib/microlib/init/entry.s            0x00000000   Number         0  entry7a.o ABSOLUTE
    ../clib/microlib/init/entry.s            0x00000000   Number         0  entry10b.o ABSOLUTE
    ../clib/microlib/init/entry.s            0x00000000   Number         0  entry5.o ABSOLUTE
    ../clib/microlib/init/entry.s            0x00000000   Number         0  entry2.o ABSOLUTE
    ../clib/microlib/init/entry.s            0x00000000   Number         0  entry10a.o ABSOLUTE
    ../clib/microlib/init/entry.s            0x00000000   Number         0  entry9a.o ABSOLUTE
    ../clib/microlib/init/entry.s            0x00000000   Number         0  entry9b.o ABSOLUTE
    ../clib/microlib/init/entry.s            0x00000000   Number         0  entry8b.o ABSOLUTE
    ../clib/microlib/init/entry.s            0x00000000   Number         0  entry8a.o ABSOLUTE
    ../clib/microlib/init/entry.s            0x00000000   Number         0  entry7b.o ABSOLUTE
    ../clib/microlib/init/entry.s            0x00000000   Number         0  entry11b.o ABSOLUTE
    ../clib/microlib/init/entry.s            0x00000000   Number         0  entry11a.o ABSOLUTE
    ../clib/microlib/init/entry.s            0x00000000   Number         0  entry.o ABSOLUTE
    ../clib/microlib/string/memcpy.c         0x00000000   Number         0  memcpyb.o ABSOLUTE
    ../clib/microlib/string/memcpy.c         0x00000000   Number         0  memcpya.o ABSOLUTE
    ../clib/microlib/string/strcpy.c         0x00000000   Number         0  strcpy.o ABSOLUTE
    ../clib/microlib/string/strlen.c         0x00000000   Number         0  strlen.o ABSOLUTE
    ..\..\..\..\..\..\components\boards\boards.c 0x00000000   Number         0  boards.o ABSOLUTE
    ..\..\..\..\..\..\components\drivers_nrf\common\nrf_drv_common.c 0x00000000   Number         0  nrf_drv_common.o ABSOLUTE
    ..\..\..\..\..\..\components\drivers_nrf\timer\nrf_drv_timer.c 0x00000000   Number         0  nrf_drv_timer.o ABSOLUTE
    ..\..\..\..\..\..\components\drivers_nrf\uart\nrf_drv_uart.c 0x00000000   Number         0  nrf_drv_uart.o ABSOLUTE
    ..\..\..\..\..\..\components\libraries\log\src\nrf_log_backend_serial.c 0x00000000   Number         0  nrf_log_backend_serial.o ABSOLUTE
    ..\..\..\..\..\..\components\libraries\log\src\nrf_log_frontend.c 0x00000000   Number         0  nrf_log_frontend.o ABSOLUTE
    ..\..\..\..\..\..\components\libraries\util\app_error.c 0x00000000   Number         0  app_error.o ABSOLUTE
    ..\..\..\..\..\..\components\libraries\util\app_error_weak.c 0x00000000   Number         0  app_error_weak.o ABSOLUTE
    ..\..\..\..\..\..\components\libraries\util\app_util_platform.c 0x00000000   Number         0  app_util_platform.o ABSOLUTE
    ..\..\..\..\..\..\components\libraries\util\nrf_assert.c 0x00000000   Number         0  nrf_assert.o ABSOLUTE
    ..\..\..\..\..\..\components\libraries\util\sdk_errors.c 0x00000000   Number         0  sdk_errors.o ABSOLUTE
    ..\..\..\..\..\..\components\toolchain\arm\arm_startup_nrf51.s 0x00000000   Number         0  arm_startup_nrf51.o ABSOLUTE
    ..\..\..\..\..\..\components\toolchain\system_nrf51.c 0x00000000   Number         0  system_nrf51.o ABSOLUTE
    ..\..\..\..\..\..\external\segger_rtt\RTT_Syscalls_KEIL.c 0x00000000   Number         0  rtt_syscalls_keil.o ABSOLUTE
    ..\..\..\..\..\..\external\segger_rtt\SEGGER_RTT.c 0x00000000   Number         0  segger_rtt.o ABSOLUTE
    ..\..\..\..\..\..\external\segger_rtt\SEGGER_RTT_printf.c 0x00000000   Number         0  segger_rtt_printf.o ABSOLUTE
    ..\..\..\main.c                          0x00000000   Number         0  main.o ABSOLUTE
    ..\\..\\..\\..\\..\\..\\components\\boards\\boards.c 0x00000000   Number         0  boards.o ABSOLUTE
    ..\\..\\..\\..\\..\\..\\components\\drivers_nrf\\common\\nrf_drv_common.c 0x00000000   Number         0  nrf_drv_common.o ABSOLUTE
    ..\\..\\..\\..\\..\\..\\components\\drivers_nrf\\timer\\nrf_drv_timer.c 0x00000000   Number         0  nrf_drv_timer.o ABSOLUTE
    ..\\..\\..\\..\\..\\..\\components\\drivers_nrf\\uart\\nrf_drv_uart.c 0x00000000   Number         0  nrf_drv_uart.o ABSOLUTE
    ..\\..\\..\\..\\..\\..\\components\\libraries\\log\\src\\nrf_log_backend_serial.c 0x00000000   Number         0  nrf_log_backend_serial.o ABSOLUTE
    ..\\..\\..\\..\\..\\..\\components\\libraries\\log\\src\\nrf_log_frontend.c 0x00000000   Number         0  nrf_log_frontend.o ABSOLUTE
    ..\\..\\..\\..\\..\\..\\components\\libraries\\util\\app_error.c 0x00000000   Number         0  app_error.o ABSOLUTE
    ..\\..\\..\\..\\..\\..\\components\\libraries\\util\\app_error_weak.c 0x00000000   Number         0  app_error_weak.o ABSOLUTE
    ..\\..\\..\\..\\..\\..\\components\\libraries\\util\\app_util_platform.c 0x00000000   Number         0  app_util_platform.o ABSOLUTE
    ..\\..\\..\\..\\..\\..\\components\\libraries\\util\\nrf_assert.c 0x00000000   Number         0  nrf_assert.o ABSOLUTE
    ..\\..\\..\\..\\..\\..\\components\\toolchain\\system_nrf51.c 0x00000000   Number         0  system_nrf51.o ABSOLUTE
    ..\\..\\..\\..\\..\\..\\external\\segger_rtt\\SEGGER_RTT.c 0x00000000   Number         0  segger_rtt.o ABSOLUTE
    ..\\..\\..\\main.c                       0x00000000   Number         0  main.o ABSOLUTE
    dc.s                                     0x00000000   Number         0  dc.o ABSOLUTE
    handlers.s                               0x00000000   Number         0  handlers.o ABSOLUTE
    init.s                                   0x00000000   Number         0  init.o ABSOLUTE
    .ARM.Collect$$$$00000000                 0x000000c0   Section        0  entry.o(.ARM.Collect$$$$00000000)
    .ARM.Collect$$$$00000001                 0x000000c0   Section        4  entry2.o(.ARM.Collect$$$$00000001)
    .ARM.Collect$$$$00000004                 0x000000c4   Section        4  entry5.o(.ARM.Collect$$$$00000004)
    .ARM.Collect$$$$00000008                 0x000000c8   Section        0  entry7b.o(.ARM.Collect$$$$00000008)
    .ARM.Collect$$$$0000000A                 0x000000c8   Section        0  entry8b.o(.ARM.Collect$$$$0000000A)
    .ARM.Collect$$$$0000000B                 0x000000c8   Section        8  entry9a.o(.ARM.Collect$$$$0000000B)
    .ARM.Collect$$$$0000000D                 0x000000d0   Section        0  entry10a.o(.ARM.Collect$$$$0000000D)
    .ARM.Collect$$$$0000000F                 0x000000d0   Section        0  entry11a.o(.ARM.Collect$$$$0000000F)
    .ARM.Collect$$$$00002712                 0x000000d0   Section        4  entry2.o(.ARM.Collect$$$$00002712)
    __lit__00000000                          0x000000d0   Data           4  entry2.o(.ARM.Collect$$$$00002712)
    .text                                    0x000000d4   Section       56  arm_startup_nrf51.o(.text)
    .text                                    0x0000010c   Section       36  init.o(.text)
    i.SystemInit                             0x00000130   Section        0  system_nrf51.o(i.SystemInit)
    i.TIMER1_IRQHandler                      0x000001d0   Section        0  nrf_drv_timer.o(i.TIMER1_IRQHandler)
    i.UART0_IRQHandler                       0x00000214   Section        0  nrf_drv_uart.o(i.UART0_IRQHandler)
    i.__scatterload_copy                     0x00000228   Section       14  handlers.o(i.__scatterload_copy)
    i.__scatterload_null                     0x00000236   Section        2  handlers.o(i.__scatterload_null)
    i.__scatterload_zeroinit                 0x00000238   Section       14  handlers.o(i.__scatterload_zeroinit)
    i.app_error_fault_handler                0x00000248   Section        0  app_error_weak.o(i.app_error_fault_handler)
    i.app_error_handler_bare                 0x00000260   Section        0  app_error.o(i.app_error_handler_bare)
    i.bsp_board_led_invert                   0x00000278   Section        0  boards.o(i.bsp_board_led_invert)
    i.bsp_board_led_off                      0x00000298   Section        0  boards.o(i.bsp_board_led_off)
    i.bsp_board_leds_init                    0x000002ac   Section        0  boards.o(i.bsp_board_leds_init)
    i.bsp_board_leds_off                     0x000002d4   Section        0  boards.o(i.bsp_board_leds_off)
    i.is_manual_peripheral_setup_needed      0x000002e8   Section        0  system_nrf51.o(i.is_manual_peripheral_setup_needed)
    is_manual_peripheral_setup_needed        0x000002e9   Thumb Code    66  system_nrf51.o(i.is_manual_peripheral_setup_needed)
    i.main                                   0x00000330   Section        0  main.o(i.main)
    i.nrf_drv_common_irq_enable              0x00000388   Section        0  nrf_drv_common.o(i.nrf_drv_common_irq_enable)
    i.nrf_drv_timer_compare                  0x000003e8   Section        0  nrf_drv_timer.o(i.nrf_drv_timer_compare)
    i.nrf_drv_timer_enable                   0x00000414   Section        0  nrf_drv_timer.o(i.nrf_drv_timer_enable)
    i.nrf_drv_timer_extended_compare         0x00000430   Section        0  nrf_drv_timer.o(i.nrf_drv_timer_extended_compare)
    i.nrf_drv_timer_init                     0x00000460   Section        0  nrf_drv_timer.o(i.nrf_drv_timer_init)
    i.nrf_gpio_cfg                           0x000004fc   Section        0  boards.o(i.nrf_gpio_cfg)
    nrf_gpio_cfg                             0x000004fd   Thumb Code    40  boards.o(i.nrf_gpio_cfg)
    i.nrf_gpio_pin_write                     0x00000524   Section        0  boards.o(i.nrf_gpio_pin_write)
    nrf_gpio_pin_write                       0x00000525   Thumb Code    18  boards.o(i.nrf_gpio_pin_write)
    i.nrf_uart_event_check                   0x0000053c   Section        0  nrf_drv_uart.o(i.nrf_uart_event_check)
    nrf_uart_event_check                     0x0000053d   Thumb Code    10  nrf_drv_uart.o(i.nrf_uart_event_check)
    i.nrf_uart_int_enable_check              0x00000546   Section        0  nrf_drv_uart.o(i.nrf_uart_int_enable_check)
    nrf_uart_int_enable_check                0x00000547   Thumb Code    16  nrf_drv_uart.o(i.nrf_uart_int_enable_check)
    i.rx_byte                                0x00000556   Section        0  nrf_drv_uart.o(i.rx_byte)
    rx_byte                                  0x00000557   Thumb Code    38  nrf_drv_uart.o(i.rx_byte)
    i.rx_done_event                          0x0000057c   Section        0  nrf_drv_uart.o(i.rx_done_event)
    rx_done_event                            0x0000057d   Thumb Code    20  nrf_drv_uart.o(i.rx_done_event)
    i.timer_led_event_handler                0x00000590   Section        0  main.o(i.timer_led_event_handler)
    i.tx_byte                                0x000005b0   Section        0  nrf_drv_uart.o(i.tx_byte)
    tx_byte                                  0x000005b1   Thumb Code    30  nrf_drv_uart.o(i.tx_byte)
    i.tx_done_event                          0x000005ce   Section        0  nrf_drv_uart.o(i.tx_done_event)
    tx_done_event                            0x000005cf   Thumb Code    24  nrf_drv_uart.o(i.tx_done_event)
    i.uart_irq_handler                       0x000005e6   Section        0  nrf_drv_uart.o(i.uart_irq_handler)
    uart_irq_handler                         0x000005e7   Thumb Code   296  nrf_drv_uart.o(i.uart_irq_handler)
    .constdata                               0x00000710   Section       16  main.o(.constdata)
    .constdata                               0x00000720   Section        6  boards.o(.constdata)
    m_board_led_list                         0x00000720   Data           2  boards.o(.constdata)
    m_board_btn_list                         0x00000722   Data           4  boards.o(.constdata)
    .data                                    0x20000000   Section        4  main.o(.data)
    i                                        0x20000000   Data           4  main.o(.data)
    .data                                    0x20000004   Section        4  system_nrf51.o(.data)
    __tagsym$$used                           0x20000004   Number         0  system_nrf51.o(.data)
    .bss                                     0x20000008   Section       12  nrf_drv_timer.o(.bss)
    m_cb                                     0x20000008   Data          12  nrf_drv_timer.o(.bss)
    .bss                                     0x20000014   Section       28  nrf_drv_uart.o(.bss)
    m_cb                                     0x20000014   Data          28  nrf_drv_uart.o(.bss)
    STACK                                    0x20000030   Section     2048  arm_startup_nrf51.o(STACK)

    Global Symbols

    Symbol Name                              Value     Ov Type        Size  Object(Section)

    BuildAttributes$$THM_ISAv3M$S$PE$A:L22$X:L11$S22$IEEE1$IW$USESV6$~STKCKD$USESV7$~SHL$OSPACE$EBA8$MICROLIB$REQ8$PRES8$EABIv2 0x00000000   Number         0  anon$$obj.o ABSOLUTE
    __ARM_use_no_argv                        0x00000000   Number         0  main.o ABSOLUTE
    __Vectors                                0x00000000   Data           4  arm_startup_nrf51.o(RESET)
    __cpp_initialize__aeabi_                  - Undefined Weak Reference
    __cxa_finalize                            - Undefined Weak Reference
    __decompress                              - Undefined Weak Reference
    _clock_init                               - Undefined Weak Reference
    _microlib_exit                            - Undefined Weak Reference
    __Vectors_End                            0x000000c0   Data           0  arm_startup_nrf51.o(RESET)
    __Vectors_Size                           0x000000c0   Number         0  arm_startup_nrf51.o ABSOLUTE
    __main                                   0x000000c1   Thumb Code     0  entry.o(.ARM.Collect$$$$00000000)
    _main_stk                                0x000000c1   Thumb Code     0  entry2.o(.ARM.Collect$$$$00000001)
    _main_scatterload                        0x000000c5   Thumb Code     0  entry5.o(.ARM.Collect$$$$00000004)
    __main_after_scatterload                 0x000000c9   Thumb Code     0  entry5.o(.ARM.Collect$$$$00000004)
    _main_clock                              0x000000c9   Thumb Code     0  entry7b.o(.ARM.Collect$$$$00000008)
    _main_cpp_init                           0x000000c9   Thumb Code     0  entry8b.o(.ARM.Collect$$$$0000000A)
    _main_init                               0x000000c9   Thumb Code     0  entry9a.o(.ARM.Collect$$$$0000000B)
    __rt_final_cpp                           0x000000d1   Thumb Code     0  entry10a.o(.ARM.Collect$$$$0000000D)
    __rt_final_exit                          0x000000d1   Thumb Code     0  entry11a.o(.ARM.Collect$$$$0000000F)
    Reset_Handler                            0x000000d5   Thumb Code    26  arm_startup_nrf51.o(.text)
    NMI_Handler                              0x000000ef   Thumb Code     2  arm_startup_nrf51.o(.text)
    HardFault_Handler                        0x000000f1   Thumb Code     2  arm_startup_nrf51.o(.text)
    SVC_Handler                              0x000000f3   Thumb Code     2  arm_startup_nrf51.o(.text)
    PendSV_Handler                           0x000000f5   Thumb Code     2  arm_startup_nrf51.o(.text)
    SysTick_Handler                          0x000000f7   Thumb Code     2  arm_startup_nrf51.o(.text)
    ADC_IRQHandler                           0x000000f9   Thumb Code     0  arm_startup_nrf51.o(.text)
    CCM_AAR_IRQHandler                       0x000000f9   Thumb Code     0  arm_startup_nrf51.o(.text)
    ECB_IRQHandler                           0x000000f9   Thumb Code     0  arm_startup_nrf51.o(.text)
    GPIOTE_IRQHandler                        0x000000f9   Thumb Code     0  arm_startup_nrf51.o(.text)
    LPCOMP_IRQHandler                        0x000000f9   Thumb Code     0  arm_startup_nrf51.o(.text)
    POWER_CLOCK_IRQHandler                   0x000000f9   Thumb Code     0  arm_startup_nrf51.o(.text)
    QDEC_IRQHandler                          0x000000f9   Thumb Code     0  arm_startup_nrf51.o(.text)
    RADIO_IRQHandler                         0x000000f9   Thumb Code     0  arm_startup_nrf51.o(.text)
    RNG_IRQHandler                           0x000000f9   Thumb Code     0  arm_startup_nrf51.o(.text)
    RTC0_IRQHandler                          0x000000f9   Thumb Code     0  arm_startup_nrf51.o(.text)
    RTC1_IRQHandler                          0x000000f9   Thumb Code     0  arm_startup_nrf51.o(.text)
    SPI0_TWI0_IRQHandler                     0x000000f9   Thumb Code     0  arm_startup_nrf51.o(.text)
    SPI1_TWI1_IRQHandler                     0x000000f9   Thumb Code     0  arm_startup_nrf51.o(.text)
    SWI0_IRQHandler                          0x000000f9   Thumb Code     0  arm_startup_nrf51.o(.text)
    SWI1_IRQHandler                          0x000000f9   Thumb Code     0  arm_startup_nrf51.o(.text)
    SWI2_IRQHandler                          0x000000f9   Thumb Code     0  arm_startup_nrf51.o(.text)
    SWI3_IRQHandler                          0x000000f9   Thumb Code     0  arm_startup_nrf51.o(.text)
    SWI4_IRQHandler                          0x000000f9   Thumb Code     0  arm_startup_nrf51.o(.text)
    SWI5_IRQHandler                          0x000000f9   Thumb Code     0  arm_startup_nrf51.o(.text)
    TEMP_IRQHandler                          0x000000f9   Thumb Code     0  arm_startup_nrf51.o(.text)
    TIMER0_IRQHandler                        0x000000f9   Thumb Code     0  arm_startup_nrf51.o(.text)
    TIMER2_IRQHandler                        0x000000f9   Thumb Code     0  arm_startup_nrf51.o(.text)
    WDT_IRQHandler                           0x000000f9   Thumb Code     0  arm_startup_nrf51.o(.text)
    __scatterload                            0x0000010d   Thumb Code    28  init.o(.text)
    __scatterload_rt2                        0x0000010d   Thumb Code     0  init.o(.text)
    SystemInit                               0x00000131   Thumb Code   130  system_nrf51.o(i.SystemInit)
    TIMER1_IRQHandler                        0x000001d1   Thumb Code    60  nrf_drv_timer.o(i.TIMER1_IRQHandler)
    UART0_IRQHandler                         0x00000215   Thumb Code    12  nrf_drv_uart.o(i.UART0_IRQHandler)
    __scatterload_copy                       0x00000229   Thumb Code    14  handlers.o(i.__scatterload_copy)
    __scatterload_null                       0x00000237   Thumb Code     2  handlers.o(i.__scatterload_null)
    __scatterload_zeroinit                   0x00000239   Thumb Code    14  handlers.o(i.__scatterload_zeroinit)
    app_error_fault_handler                  0x00000249   Thumb Code    16  app_error_weak.o(i.app_error_fault_handler)
    app_error_handler_bare                   0x00000261   Thumb Code    20  app_error.o(i.app_error_handler_bare)
    bsp_board_led_invert                     0x00000279   Thumb Code    24  boards.o(i.bsp_board_led_invert)
    bsp_board_led_off                        0x00000299   Thumb Code    14  boards.o(i.bsp_board_led_off)
    bsp_board_leds_init                      0x000002ad   Thumb Code    36  boards.o(i.bsp_board_leds_init)
    bsp_board_leds_off                       0x000002d5   Thumb Code    18  boards.o(i.bsp_board_leds_off)
    main                                     0x00000331   Thumb Code    74  main.o(i.main)
    nrf_drv_common_irq_enable                0x00000389   Thumb Code    78  nrf_drv_common.o(i.nrf_drv_common_irq_enable)
    nrf_drv_timer_compare                    0x000003e9   Thumb Code    42  nrf_drv_timer.o(i.nrf_drv_timer_compare)
    nrf_drv_timer_enable                     0x00000415   Thumb Code    22  nrf_drv_timer.o(i.nrf_drv_timer_enable)
    nrf_drv_timer_extended_compare           0x00000431   Thumb Code    46  nrf_drv_timer.o(i.nrf_drv_timer_extended_compare)
    nrf_drv_timer_init                       0x00000461   Thumb Code   150  nrf_drv_timer.o(i.nrf_drv_timer_init)
    timer_led_event_handler                  0x00000591   Thumb Code    28  main.o(i.timer_led_event_handler)
    TIMER_LED                                0x00000710   Data           8  main.o(.constdata)
    Region$$Table$$Base                      0x00000728   Number         0  anon$$obj.o(Region$$Table)
    Region$$Table$$Limit                     0x00000748   Number         0  anon$$obj.o(Region$$Table)
    SystemCoreClock                          0x20000004   Data           4  system_nrf51.o(.data)
    __initial_sp                             0x20000830   Data           0  arm_startup_nrf51.o(STACK)



==============================================================================

Memory Map of the image

  Image Entry point : 0x000000c1

  Load Region LR_IROM1 (Base: 0x00000000, Size: 0x00000750, Max: 0x00040000, ABSOLUTE)

    Execution Region ER_IROM1 (Base: 0x00000000, Size: 0x00000748, Max: 0x00040000, ABSOLUTE)

    Base Addr    Size         Type   Attr      Idx    E Section Name        Object

    0x00000000   0x000000c0   Data   RO          237    RESET               arm_startup_nrf51.o
    0x000000c0   0x00000000   Code   RO          955  * .ARM.Collect$$$$00000000  mc_p.l(entry.o)
    0x000000c0   0x00000004   Code   RO          966    .ARM.Collect$$$$00000001  mc_p.l(entry2.o)
    0x000000c4   0x00000004   Code   RO          969    .ARM.Collect$$$$00000004  mc_p.l(entry5.o)
    0x000000c8   0x00000000   Code   RO          971    .ARM.Collect$$$$00000008  mc_p.l(entry7b.o)
    0x000000c8   0x00000000   Code   RO          973    .ARM.Collect$$$$0000000A  mc_p.l(entry8b.o)
    0x000000c8   0x00000008   Code   RO          974    .ARM.Collect$$$$0000000B  mc_p.l(entry9a.o)
    0x000000d0   0x00000000   Code   RO          976    .ARM.Collect$$$$0000000D  mc_p.l(entry10a.o)
    0x000000d0   0x00000000   Code   RO          978    .ARM.Collect$$$$0000000F  mc_p.l(entry11a.o)
    0x000000d0   0x00000004   Code   RO          967    .ARM.Collect$$$$00002712  mc_p.l(entry2.o)
    0x000000d4   0x00000038   Code   RO          238    .text               arm_startup_nrf51.o
    0x0000010c   0x00000024   Code   RO          980    .text               mc_p.l(init.o)
    0x00000130   0x000000a0   Code   RO          245    i.SystemInit        system_nrf51.o
    0x000001d0   0x00000044   Code   RO          326    i.TIMER1_IRQHandler  nrf_drv_timer.o
    0x00000214   0x00000014   Code   RO          463    i.UART0_IRQHandler  nrf_drv_uart.o
    0x00000228   0x0000000e   Code   RO          984    i.__scatterload_copy  mc_p.l(handlers.o)
    0x00000236   0x00000002   Code   RO          985    i.__scatterload_null  mc_p.l(handlers.o)
    0x00000238   0x0000000e   Code   RO          986    i.__scatterload_zeroinit  mc_p.l(handlers.o)
    0x00000246   0x00000002   PAD
    0x00000248   0x00000018   Code   RO          679    i.app_error_fault_handler  app_error_weak.o
    0x00000260   0x00000018   Code   RO          638    i.app_error_handler_bare  app_error.o
    0x00000278   0x00000020   Code   RO          129    i.bsp_board_led_invert  boards.o
    0x00000298   0x00000014   Code   RO          130    i.bsp_board_led_off  boards.o
    0x000002ac   0x00000028   Code   RO          133    i.bsp_board_leds_init  boards.o
    0x000002d4   0x00000012   Code   RO          134    i.bsp_board_leds_off  boards.o
    0x000002e6   0x00000002   PAD
    0x000002e8   0x00000048   Code   RO          246    i.is_manual_peripheral_setup_needed  system_nrf51.o
    0x00000330   0x00000058   Code   RO            3    i.main              main.o
    0x00000388   0x00000060   Code   RO          281    i.nrf_drv_common_irq_enable  nrf_drv_common.o
    0x000003e8   0x0000002a   Code   RO          329    i.nrf_drv_timer_compare  nrf_drv_timer.o
    0x00000412   0x00000002   PAD
    0x00000414   0x0000001c   Code   RO          333    i.nrf_drv_timer_enable  nrf_drv_timer.o
    0x00000430   0x0000002e   Code   RO          334    i.nrf_drv_timer_extended_compare  nrf_drv_timer.o
    0x0000045e   0x00000002   PAD
    0x00000460   0x0000009c   Code   RO          336    i.nrf_drv_timer_init  nrf_drv_timer.o
    0x000004fc   0x00000028   Code   RO          138    i.nrf_gpio_cfg      boards.o
    0x00000524   0x00000018   Code   RO          139    i.nrf_gpio_pin_write  boards.o
    0x0000053c   0x0000000a   Code   RO          481    i.nrf_uart_event_check  nrf_drv_uart.o
    0x00000546   0x00000010   Code   RO          482    i.nrf_uart_int_enable_check  nrf_drv_uart.o
    0x00000556   0x00000026   Code   RO          483    i.rx_byte           nrf_drv_uart.o
    0x0000057c   0x00000014   Code   RO          484    i.rx_done_event     nrf_drv_uart.o
    0x00000590   0x00000020   Code   RO            4    i.timer_led_event_handler  main.o
    0x000005b0   0x0000001e   Code   RO          486    i.tx_byte           nrf_drv_uart.o
    0x000005ce   0x00000018   Code   RO          487    i.tx_done_event     nrf_drv_uart.o
    0x000005e6   0x00000128   Code   RO          488    i.uart_irq_handler  nrf_drv_uart.o
    0x0000070e   0x00000002   PAD
    0x00000710   0x00000010   Data   RO            5    .constdata          main.o
    0x00000720   0x00000006   Data   RO          140    .constdata          boards.o
    0x00000726   0x00000002   PAD
    0x00000728   0x00000020   Data   RO          982    Region$$Table       anon$$obj.o


    Execution Region RW_IRAM1 (Base: 0x20000000, Size: 0x00000830, Max: 0x00008000, ABSOLUTE)

    Base Addr    Size         Type   Attr      Idx    E Section Name        Object

    0x20000000   0x00000004   Data   RW            6    .data               main.o
    0x20000004   0x00000004   Data   RW          247    .data               system_nrf51.o
    0x20000008   0x0000000c   Zero   RW          340    .bss                nrf_drv_timer.o
    0x20000014   0x0000001c   Zero   RW          489    .bss                nrf_drv_uart.o
    0x20000030   0x00000800   Zero   RW          235    STACK               arm_startup_nrf51.o


==============================================================================

Image component sizes


      Code (inc. data)   RO Data    RW Data    ZI Data      Debug   Object Name

        24          4          0          0          0       2057   app_error.o
        24          8          0          0          0       6258   app_error_weak.o
        56         18        192          0       2048        708   arm_startup_nrf51.o
       174         24          6          0          0       7565   boards.o
       120         18         16          4          0      31113   main.o
        96         18          0          0          0       6416   nrf_drv_common.o
       340         20          0          0         12      14491   nrf_drv_timer.o
       454          8          0          0         28      13321   nrf_drv_uart.o
       232         36          0          4          0       2267   system_nrf51.o

    ----------------------------------------------------------------------
      1528        154        248          8       2088      84196   Object Totals
         0          0         32          0          0          0   (incl. Generated)
         8          0          2          0          0          0   (incl. Padding)

    ----------------------------------------------------------------------

      Code (inc. data)   RO Data    RW Data    ZI Data      Debug   Library Member Name

         0          0          0          0          0          0   entry.o
         0          0          0          0          0          0   entry10a.o
         0          0          0          0          0          0   entry11a.o
         8          4          0          0          0          0   entry2.o
         4          0          0          0          0          0   entry5.o
         0          0          0          0          0          0   entry7b.o
         0          0          0          0          0          0   entry8b.o
         8          4          0          0          0          0   entry9a.o
        30          0          0          0          0          0   handlers.o
        36          8          0          0          0         68   init.o

    ----------------------------------------------------------------------
        88         16          0          0          0         68   Library Totals
         2          0          0          0          0          0   (incl. Padding)

    ----------------------------------------------------------------------

      Code (inc. data)   RO Data    RW Data    ZI Data      Debug   Library Name

        86         16          0          0          0         68   mc_p.l

    ----------------------------------------------------------------------
        88         16          0          0          0         68   Library Totals

    ----------------------------------------------------------------------

==============================================================================


      Code (inc. data)   RO Data    RW Data    ZI Data      Debug   

      1616        170        248          8       2088      83404   Grand Totals
      1616        170        248          8       2088      83404   ELF Image Totals
      1616        170        248          8          0          0   ROM Totals

==============================================================================

    Total RO  Size (Code + RO Data)                 1864 (   1.82kB)
    Total RW  Size (RW Data + ZI Data)              2096 (   2.05kB)
    Total ROM Size (Code + RO Data + RW Data)       1872 (   1.83kB)

==============================================================================

