Component: ARM Compiler 5.05 (build 41) Tool: armlink [4d0eb9]

==============================================================================

Section Cross References

    main.o(i.advertising_start) refers to memseta.o(.text) for __aeabi_memclr4
    main.o(i.advertising_start) refers to app_error.o(i.app_error_handler_bare) for app_error_handler_bare
    main.o(i.advertising_start) refers to boards.o(i.bsp_board_led_on) for bsp_board_led_on
    main.o(i.assert_nrf_callback) refers to app_error.o(i.app_error_handler) for app_error_handler
    main.o(i.ble_evt_dispatch) refers to main.o(i.on_ble_evt) for on_ble_evt
    main.o(i.ble_evt_dispatch) refers to ble_conn_params.o(i.ble_conn_params_on_ble_evt) for ble_conn_params_on_ble_evt
    main.o(i.ble_evt_dispatch) refers to ble_lbs.o(i.ble_lbs_on_ble_evt) for ble_lbs_on_ble_evt
    main.o(i.ble_evt_dispatch) refers to main.o(.bss) for .bss
    main.o(i.button_event_handler) refers to ble_lbs.o(i.ble_lbs_on_button_change) for ble_lbs_on_button_change
    main.o(i.button_event_handler) refers to app_error.o(i.app_error_handler_bare) for app_error_handler_bare
    main.o(i.button_event_handler) refers to main.o(.bss) for .bss
    main.o(i.conn_params_error_handler) refers to app_error.o(i.app_error_handler_bare) for app_error_handler_bare
    main.o(i.led_write_handler) refers to boards.o(i.bsp_board_led_on) for bsp_board_led_on
    main.o(i.led_write_handler) refers to boards.o(i.bsp_board_led_off) for bsp_board_led_off
    main.o(i.main) refers to boards.o(i.bsp_board_leds_init) for bsp_board_leds_init
    main.o(i.main) refers to app_timer.o(i.app_timer_init) for app_timer_init
    main.o(i.main) refers to app_error.o(i.app_error_handler_bare) for app_error_handler_bare
    main.o(i.main) refers to app_button.o(i.app_button_init) for app_button_init
    main.o(i.main) refers to softdevice_handler.o(i.softdevice_handler_init) for softdevice_handler_init
    main.o(i.main) refers to softdevice_handler.o(i.softdevice_enable_get_default_config) for softdevice_enable_get_default_config
    main.o(i.main) refers to softdevice_handler.o(i.softdevice_enable) for softdevice_enable
    main.o(i.main) refers to softdevice_handler.o(i.softdevice_ble_evt_handler_set) for softdevice_ble_evt_handler_set
    main.o(i.main) refers to ble_lbs.o(i.ble_lbs_init) for ble_lbs_init
    main.o(i.main) refers to memseta.o(.text) for __aeabi_memclr4
    main.o(i.main) refers to ble_advdata.o(i.ble_advdata_set) for ble_advdata_set
    main.o(i.main) refers to ble_conn_params.o(i.ble_conn_params_init) for ble_conn_params_init
    main.o(i.main) refers to main.o(i.advertising_start) for advertising_start
    main.o(i.main) refers to main.o(.bss) for .bss
    main.o(i.main) refers to main.o(.data) for .data
    main.o(i.main) refers to main.o(.constdata) for .constdata
    main.o(i.main) refers to main.o(i.ble_evt_dispatch) for ble_evt_dispatch
    main.o(i.main) refers to main.o(i.led_write_handler) for led_write_handler
    main.o(i.main) refers to main.o(i.on_conn_params_evt) for on_conn_params_evt
    main.o(i.main) refers to main.o(i.conn_params_error_handler) for conn_params_error_handler
    main.o(i.on_ble_evt) refers to app_error.o(i.app_error_handler_bare) for app_error_handler_bare
    main.o(i.on_ble_evt) refers to boards.o(i.bsp_board_led_on) for bsp_board_led_on
    main.o(i.on_ble_evt) refers to boards.o(i.bsp_board_led_off) for bsp_board_led_off
    main.o(i.on_ble_evt) refers to app_button.o(i.app_button_enable) for app_button_enable
    main.o(i.on_ble_evt) refers to app_button.o(i.app_button_disable) for app_button_disable
    main.o(i.on_ble_evt) refers to main.o(i.advertising_start) for advertising_start
    main.o(i.on_ble_evt) refers to memcpya.o(.text) for __aeabi_memcpy
    main.o(i.on_ble_evt) refers to main.o(.data) for .data
    main.o(i.on_conn_params_evt) refers to app_error.o(i.app_error_handler_bare) for app_error_handler_bare
    main.o(i.on_conn_params_evt) refers to main.o(.data) for .data
    main.o(.data) refers to main.o(i.button_event_handler) for button_event_handler
    boards.o(i.bsp_board_button_idx_to_pin) refers to boards.o(.constdata) for .constdata
    boards.o(i.bsp_board_button_state_get) refers to boards.o(.constdata) for .constdata
    boards.o(i.bsp_board_buttons_init) refers to boards.o(i.nrf_gpio_cfg) for nrf_gpio_cfg
    boards.o(i.bsp_board_buttons_init) refers to boards.o(.constdata) for .constdata
    boards.o(i.bsp_board_led_idx_to_pin) refers to boards.o(.constdata) for .constdata
    boards.o(i.bsp_board_led_invert) refers to boards.o(.constdata) for .constdata
    boards.o(i.bsp_board_led_off) refers to boards.o(i.nrf_gpio_pin_write) for nrf_gpio_pin_write
    boards.o(i.bsp_board_led_off) refers to boards.o(.constdata) for .constdata
    boards.o(i.bsp_board_led_on) refers to boards.o(i.nrf_gpio_pin_write) for nrf_gpio_pin_write
    boards.o(i.bsp_board_led_on) refers to boards.o(.constdata) for .constdata
[...]
    app_timer.o(i.app_timer_init) refers to app_timer.o(.data) for .data
    app_timer.o(i.app_timer_start) refers to app_util_platform.o(i.app_util_critical_region_enter) for app_util_critical_region_enter
    app_timer.o(i.app_timer_start) refers to app_timer.o(i.user_op_alloc) for user_op_alloc
    app_timer.o(i.app_timer_start) refers to app_util_platform.o(i.app_util_critical_region_exit) for app_util_critical_region_exit
    app_timer.o(i.app_timer_start) refers to app_timer.o(i.timer_list_handler_sched) for timer_list_handler_sched
    app_timer.o(i.app_timer_start) refers to app_timer.o(.data) for .data
    app_timer.o(i.app_timer_stop) refers to app_timer.o(i.timer_stop_op_schedule) for timer_stop_op_schedule
    app_timer.o(i.app_timer_stop) refers to app_timer.o(.data) for .data
    app_timer.o(i.app_timer_stop_all) refers to app_timer.o(i.timer_stop_op_schedule) for timer_stop_op_schedule
    app_timer.o(i.app_timer_stop_all) refers to app_timer.o(.data) for .data
    app_timer.o(i.compare_reg_update) refers to app_timer.o(i.nrf_delay_us) for nrf_delay_us
    app_timer.o(i.compare_reg_update) refers to app_timer.o(i.rtc1_stop) for rtc1_stop
    app_timer.o(i.compare_reg_update) refers to app_timer.o(.data) for .data
    app_timer.o(i.elapsed_ticks_acquire) refers to app_timer.o(.data) for .data
    app_timer.o(i.list_deletions_handler) refers to app_timer.o(.data) for .data
    app_timer.o(i.list_insertions_handler) refers to app_timer.o(i.timer_list_insert) for timer_list_insert
    app_timer.o(i.list_insertions_handler) refers to app_timer.o(.data) for .data
    app_timer.o(i.nrf_delay_us) refers to system_nrf51.o(.data) for SystemCoreClock
    app_timer.o(i.rtc1_stop) refers to app_timer.o(i.nrf_delay_us) for nrf_delay_us
    app_timer.o(i.rtc1_stop) refers to app_timer.o(.data) for .data
    app_timer.o(i.timer_list_handler) refers to app_timer.o(i.elapsed_ticks_acquire) for elapsed_ticks_acquire
    app_timer.o(i.timer_list_handler) refers to app_timer.o(i.list_deletions_handler) for list_deletions_handler
    app_timer.o(i.timer_list_handler) refers to app_timer.o(i.list_insertions_handler) for list_insertions_handler
    app_timer.o(i.timer_list_handler) refers to app_timer.o(i.compare_reg_update) for compare_reg_update
    app_timer.o(i.timer_list_handler) refers to app_timer.o(.data) for .data
    app_timer.o(i.timer_list_insert) refers to app_timer.o(.data) for .data
    app_timer.o(i.timer_stop_op_schedule) refers to app_util_platform.o(i.app_util_critical_region_enter) for app_util_critical_region_enter
    app_timer.o(i.timer_stop_op_schedule) refers to app_timer.o(i.user_op_alloc) for user_op_alloc
    app_timer.o(i.timer_stop_op_schedule) refers to app_util_platform.o(i.app_util_critical_region_exit) for app_util_critical_region_exit
    app_timer.o(i.timer_stop_op_schedule) refers to app_timer.o(i.timer_list_handler_sched) for timer_list_handler_sched
    app_timer.o(i.timer_stop_op_schedule) refers to app_timer.o(.data) for .data
    app_timer.o(i.timer_timeouts_check) refers to app_error.o(i.app_error_handler_bare) for app_error_handler_bare
    app_timer.o(i.timer_timeouts_check) refers to app_timer.o(i.timer_list_handler_sched) for timer_list_handler_sched
    app_timer.o(i.timer_timeouts_check) refers to app_timer.o(.data) for .data
    app_timer.o(i.user_op_alloc) refers to app_timer.o(.data) for .data
    app_util_platform.o(i.app_util_critical_region_enter) refers to app_util_platform.o(.data) for .data
    app_util_platform.o(i.app_util_critical_region_exit) refers to app_util_platform.o(.data) for .data
    app_util_platform.o(i.app_util_disable_irq) refers to app_util_platform.o(.data) for .data
    app_util_platform.o(i.app_util_enable_irq) refers to app_util_platform.o(.data) for .data
    nrf_assert.o(i.assert_nrf_callback) refers to app_error_weak.o(i.app_error_fault_handler) for app_error_fault_handler
    segger_rtt.o(i.SEGGER_RTT_ConfigDownBuffer) refers to segger_rtt.o(i._DoInit) for _DoInit
    segger_rtt.o(i.SEGGER_RTT_ConfigDownBuffer) refers to app_util_platform.o(i.app_util_critical_region_enter) for app_util_critical_region_enter
    segger_rtt.o(i.SEGGER_RTT_ConfigDownBuffer) refers to app_util_platform.o(i.app_util_critical_region_exit) for app_util_critical_region_exit
    segger_rtt.o(i.SEGGER_RTT_ConfigDownBuffer) refers to segger_rtt.o(.bss) for .bss
    segger_rtt.o(i.SEGGER_RTT_ConfigUpBuffer) refers to segger_rtt.o(i._DoInit) for _DoInit
    segger_rtt.o(i.SEGGER_RTT_ConfigUpBuffer) refers to app_util_platform.o(i.app_util_critical_region_enter) for app_util_critical_region_enter
    segger_rtt.o(i.SEGGER_RTT_ConfigUpBuffer) refers to app_util_platform.o(i.app_util_critical_region_exit) for app_util_critical_region_exit
    segger_rtt.o(i.SEGGER_RTT_ConfigUpBuffer) refers to segger_rtt.o(.bss) for .bss
    segger_rtt.o(i.SEGGER_RTT_GetKey) refers to segger_rtt.o(i.SEGGER_RTT_Read) for SEGGER_RTT_Read
    segger_rtt.o(i.SEGGER_RTT_HasData) refers to segger_rtt.o(.bss) for .bss
    segger_rtt.o(i.SEGGER_RTT_HasKey) refers to segger_rtt.o(i._DoInit) for _DoInit
    segger_rtt.o(i.SEGGER_RTT_HasKey) refers to segger_rtt.o(.bss) for .bss
    segger_rtt.o(i.SEGGER_RTT_Init) refers to segger_rtt.o(i._DoInit) for _DoInit
    segger_rtt.o(i.SEGGER_RTT_Init) refers to segger_rtt.o(.bss) for .bss
    segger_rtt.o(i.SEGGER_RTT_Read) refers to app_util_platform.o(i.app_util_critical_region_enter) for app_util_critical_region_enter
    segger_rtt.o(i.SEGGER_RTT_Read) refers to segger_rtt.o(i.SEGGER_RTT_ReadNoLock) for SEGGER_RTT_ReadNoLock
    segger_rtt.o(i.SEGGER_RTT_Read) refers to app_util_platform.o(i.app_util_critical_region_exit) for app_util_critical_region_exit
    segger_rtt.o(i.SEGGER_RTT_ReadNoLock) refers to segger_rtt.o(i._DoInit) for _DoInit
    segger_rtt.o(i.SEGGER_RTT_ReadNoLock) refers to memcpya.o(.text) for __aeabi_memcpy
    segger_rtt.o(i.SEGGER_RTT_ReadNoLock) refers to segger_rtt.o(.bss) for .bss
    segger_rtt.o(i.SEGGER_RTT_SetNameDownBuffer) refers to segger_rtt.o(i._DoInit) for _DoInit
    segger_rtt.o(i.SEGGER_RTT_SetNameDownBuffer) refers to app_util_platform.o(i.app_util_critical_region_enter) for app_util_critical_region_enter
    segger_rtt.o(i.SEGGER_RTT_SetNameDownBuffer) refers to app_util_platform.o(i.app_util_critical_region_exit) for app_util_critical_region_exit
    segger_rtt.o(i.SEGGER_RTT_SetNameDownBuffer) refers to segger_rtt.o(.bss) for .bss
    segger_rtt.o(i.SEGGER_RTT_SetNameUpBuffer) refers to segger_rtt.o(i._DoInit) for _DoInit
    segger_rtt.o(i.SEGGER_RTT_SetNameUpBuffer) refers to app_util_platform.o(i.app_util_critical_region_enter) for app_util_critical_region_enter
    segger_rtt.o(i.SEGGER_RTT_SetNameUpBuffer) refers to app_util_platform.o(i.app_util_critical_region_exit) for app_util_critical_region_exit
    segger_rtt.o(i.SEGGER_RTT_SetNameUpBuffer) refers to segger_rtt.o(.bss) for .bss
    segger_rtt.o(i.SEGGER_RTT_SetTerminal) refers to segger_rtt.o(i._DoInit) for _DoInit
    segger_rtt.o(i.SEGGER_RTT_SetTerminal) refers to app_util_platform.o(i.app_util_critical_region_enter) for app_util_critical_region_enter
    segger_rtt.o(i.SEGGER_RTT_SetTerminal) refers to segger_rtt.o(i._GetAvailWriteSpace) for _GetAvailWriteSpace
    segger_rtt.o(i.SEGGER_RTT_SetTerminal) refers to segger_rtt.o(i._WriteNoCheck) for _WriteNoCheck
    segger_rtt.o(i.SEGGER_RTT_SetTerminal) refers to segger_rtt.o(i._WriteBlocking) for _WriteBlocking
    segger_rtt.o(i.SEGGER_RTT_SetTerminal) refers to app_util_platform.o(i.app_util_critical_region_exit) for app_util_critical_region_exit
    segger_rtt.o(i.SEGGER_RTT_SetTerminal) refers to segger_rtt.o(.bss) for .bss
    segger_rtt.o(i.SEGGER_RTT_SetTerminal) refers to segger_rtt.o(.data) for .data
    segger_rtt.o(i.SEGGER_RTT_TerminalOut) refers to segger_rtt.o(i._DoInit) for _DoInit
    segger_rtt.o(i.SEGGER_RTT_TerminalOut) refers to strlen.o(.text) for strlen
    segger_rtt.o(i.SEGGER_RTT_TerminalOut) refers to app_util_platform.o(i.app_util_critical_region_enter) for app_util_critical_region_enter
    segger_rtt.o(i.SEGGER_RTT_TerminalOut) refers to segger_rtt.o(i._GetAvailWriteSpace) for _GetAvailWriteSpace
    segger_rtt.o(i.SEGGER_RTT_TerminalOut) refers to segger_rtt.o(i._PostTerminalSwitch) for _PostTerminalSwitch
    segger_rtt.o(i.SEGGER_RTT_TerminalOut) refers to segger_rtt.o(i._WriteBlocking) for _WriteBlocking
    segger_rtt.o(i.SEGGER_RTT_TerminalOut) refers to app_util_platform.o(i.app_util_critical_region_exit) for app_util_critical_region_exit
    segger_rtt.o(i.SEGGER_RTT_TerminalOut) refers to segger_rtt.o(.bss) for .bss
    segger_rtt.o(i.SEGGER_RTT_TerminalOut) refers to segger_rtt.o(.data) for .data
    segger_rtt.o(i.SEGGER_RTT_WaitKey) refers to segger_rtt.o(i.SEGGER_RTT_GetKey) for SEGGER_RTT_GetKey
    segger_rtt.o(i.SEGGER_RTT_Write) refers to segger_rtt.o(i._DoInit) for _DoInit
    segger_rtt.o(i.SEGGER_RTT_Write) refers to app_util_platform.o(i.app_util_critical_region_enter) for app_util_critical_region_enter
    segger_rtt.o(i.SEGGER_RTT_Write) refers to segger_rtt.o(i.SEGGER_RTT_WriteNoLock) for SEGGER_RTT_WriteNoLock
    segger_rtt.o(i.SEGGER_RTT_Write) refers to app_util_platform.o(i.app_util_critical_region_exit) for app_util_critical_region_exit
    segger_rtt.o(i.SEGGER_RTT_Write) refers to segger_rtt.o(.bss) for .bss
    segger_rtt.o(i.SEGGER_RTT_WriteNoLock) refers to segger_rtt.o(i._GetAvailWriteSpace) for _GetAvailWriteSpace
    segger_rtt.o(i.SEGGER_RTT_WriteNoLock) refers to segger_rtt.o(i._WriteNoCheck) for _WriteNoCheck
    segger_rtt.o(i.SEGGER_RTT_WriteNoLock) refers to segger_rtt.o(i._WriteBlocking) for _WriteBlocking
    segger_rtt.o(i.SEGGER_RTT_WriteNoLock) refers to segger_rtt.o(.bss) for .bss
    segger_rtt.o(i.SEGGER_RTT_WriteSkipNoLock) refers to memcpya.o(.text) for __aeabi_memcpy
    segger_rtt.o(i.SEGGER_RTT_WriteSkipNoLock) refers to segger_rtt.o(.bss) for .bss
    segger_rtt.o(i.SEGGER_RTT_WriteString) refers to strlen.o(.text) for strlen
    segger_rtt.o(i.SEGGER_RTT_WriteString) refers to segger_rtt.o(i.SEGGER_RTT_Write) for SEGGER_RTT_Write
    segger_rtt.o(i._DoInit) refers to strcpy.o(.text) for strcpy
    segger_rtt.o(i._DoInit) refers to segger_rtt.o(.bss) for .bss
    segger_rtt.o(i._PostTerminalSwitch) refers to segger_rtt.o(i._WriteBlocking) for _WriteBlocking
    segger_rtt.o(i._PostTerminalSwitch) refers to segger_rtt.o(.data) for .data
    segger_rtt.o(i._WriteBlocking) refers to memcpya.o(.text) for __aeabi_memcpy
    segger_rtt.o(i._WriteNoCheck) refers to memcpya.o(.text) for __aeabi_memcpy
    softdevice_handler.o(i.SWI2_IRQHandler) refers to app_error.o(i.app_error_handler_bare) for app_error_handler_bare
    softdevice_handler.o(i.SWI2_IRQHandler) refers to softdevice_handler.o(i.intern_softdevice_events_execute) for intern_softdevice_events_execute
    softdevice_handler.o(i.SWI2_IRQHandler) refers to softdevice_handler.o(.data) for .data
    softdevice_handler.o(i.intern_softdevice_events_execute) refers to app_error.o(i.app_error_handler_bare) for app_error_handler_bare
    softdevice_handler.o(i.intern_softdevice_events_execute) refers to nrf_drv_clock.o(i.nrf_drv_clock_on_soc_event) for nrf_drv_clock_on_soc_event
    softdevice_handler.o(i.intern_softdevice_events_execute) refers to softdevice_handler.o(.data) for .data
    softdevice_handler.o(i.sd_nvic_EnableIRQ) refers to softdevice_handler.o(i.__sd_nvic_app_accessible_irq) for __sd_nvic_app_accessible_irq
    softdevice_handler.o(i.sd_nvic_EnableIRQ) refers to app_util_platform.o(.data) for nrf_nvic_state
    softdevice_handler.o(i.softdevice_ble_evt_handler_set) refers to softdevice_handler.o(.data) for .data
    softdevice_handler.o(i.softdevice_enable_get_default_config) refers to memseta.o(.text) for __aeabi_memclr4
    softdevice_handler.o(i.softdevice_fault_handler) refers to app_error_weak.o(i.app_error_fault_handler) for app_error_fault_handler
    softdevice_handler.o(i.softdevice_handler_init) refers to nrf_drv_clock.o(i.nrf_drv_clock_on_sd_enable) for nrf_drv_clock_on_sd_enable
    softdevice_handler.o(i.softdevice_handler_init) refers to softdevice_handler.o(i.sd_nvic_EnableIRQ) for sd_nvic_EnableIRQ
    softdevice_handler.o(i.softdevice_handler_init) refers to softdevice_handler.o(.data) for .data
    softdevice_handler.o(i.softdevice_handler_init) refers to softdevice_handler.o(i.softdevice_fault_handler) for softdevice_fault_handler
    softdevice_handler.o(i.softdevice_handler_is_enabled) refers to softdevice_handler.o(.data) for .data
    softdevice_handler.o(i.softdevice_handler_is_suspended) refers to softdevice_handler.o(.data) for .data
    softdevice_handler.o(i.softdevice_handler_resume) refers to softdevice_handler.o(i.__sd_nvic_app_accessible_irq) for __sd_nvic_app_accessible_irq
    softdevice_handler.o(i.softdevice_handler_resume) refers to app_error.o(i.app_error_handler_bare) for app_error_handler_bare
    softdevice_handler.o(i.softdevice_handler_resume) refers to softdevice_handler.o(i.sd_nvic_EnableIRQ) for sd_nvic_EnableIRQ
    softdevice_handler.o(i.softdevice_handler_resume) refers to softdevice_handler.o(.data) for .data
    softdevice_handler.o(i.softdevice_handler_sd_disable) refers to nrf_drv_clock.o(i.nrf_drv_clock_on_sd_disable) for nrf_drv_clock_on_sd_disable
    softdevice_handler.o(i.softdevice_handler_sd_disable) refers to softdevice_handler.o(.data) for .data
    softdevice_handler.o(i.softdevice_handler_suspend) refers to softdevice_handler.o(i.__sd_nvic_app_accessible_irq) for __sd_nvic_app_accessible_irq
    softdevice_handler.o(i.softdevice_handler_suspend) refers to app_error.o(i.app_error_handler_bare) for app_error_handler_bare
    softdevice_handler.o(i.softdevice_handler_suspend) refers to app_util_platform.o(.data) for nrf_nvic_state
    softdevice_handler.o(i.softdevice_handler_suspend) refers to softdevice_handler.o(.data) for .data
    softdevice_handler.o(i.softdevice_sys_evt_handler_set) refers to softdevice_handler.o(.data) for .data
    entry.o(.ARM.Collect$$$$00000000) refers (Special) to entry10a.o(.ARM.Collect$$$$0000000D) for __rt_final_cpp
    entry.o(.ARM.Collect$$$$00000000) refers (Special) to entry11a.o(.ARM.Collect$$$$0000000F) for __rt_final_exit
    entry.o(.ARM.Collect$$$$00000000) refers (Special) to entry7b.o(.ARM.Collect$$$$00000008) for _main_clock
    entry.o(.ARM.Collect$$$$00000000) refers (Special) to entry8b.o(.ARM.Collect$$$$0000000A) for _main_cpp_init
    entry.o(.ARM.Collect$$$$00000000) refers (Special) to entry9a.o(.ARM.Collect$$$$0000000B) for _main_init
    entry.o(.ARM.Collect$$$$00000000) refers (Special) to entry5.o(.ARM.Collect$$$$00000004) for _main_scatterload
    entry.o(.ARM.Collect$$$$00000000) refers (Special) to entry2.o(.ARM.Collect$$$$00000001) for _main_stk
    entry2.o(.ARM.Collect$$$$00000001) refers to entry2.o(.ARM.Collect$$$$00002712) for __lit__00000000
    entry2.o(.ARM.Collect$$$$00002712) refers to arm_startup_nrf51.o(STACK) for __initial_sp
    entry2.o(__vectab_stack_and_reset_area) refers to arm_startup_nrf51.o(STACK) for __initial_sp
    entry2.o(__vectab_stack_and_reset_area) refers to entry.o(.ARM.Collect$$$$00000000) for __main
    entry5.o(.ARM.Collect$$$$00000004) refers to init.o(.text) for __scatterload
    entry9a.o(.ARM.Collect$$$$0000000B) refers to main.o(i.main) for main
    entry9b.o(.ARM.Collect$$$$0000000C) refers to main.o(i.main) for main
    init.o(.text) refers to entry5.o(.ARM.Collect$$$$00000004) for __main_after_scatterload


==============================================================================

Removing Unused input sections from the image.

    Removing main.o(.rev16_text), (4 bytes).
    Removing main.o(.revsh_text), (4 bytes).
    Removing main.o(i.assert_nrf_callback), (20 bytes).
    Removing boards.o(.rev16_text), (4 bytes).
    Removing boards.o(.revsh_text), (4 bytes).
    Removing boards.o(i.bsp_board_button_idx_to_pin), (12 bytes).
    Removing boards.o(i.bsp_board_button_state_get), (32 bytes).
    Removing boards.o(i.bsp_board_buttons_init), (36 bytes).
    Removing boards.o(i.bsp_board_led_idx_to_pin), (12 bytes).
    Removing boards.o(i.bsp_board_led_invert), (32 bytes).
    Removing boards.o(i.bsp_board_led_state_get), (28 bytes).
    Removing boards.o(i.bsp_board_leds_on), (18 bytes).
    Removing boards.o(i.bsp_board_pin_to_button_idx), (36 bytes).
    Removing boards.o(i.bsp_board_pin_to_led_idx), (36 bytes).
    Removing bsp.o(.rev16_text), (4 bytes).
    Removing bsp.o(.revsh_text), (4 bytes).
    Removing bsp.o(i.alert_timer_handler), (10 bytes).
    Removing bsp.o(i.bsp_button_event_handler), (144 bytes).
    Removing bsp.o(i.bsp_button_is_pressed), (8 bytes).
    Removing bsp.o(i.bsp_buttons_disable), (8 bytes).
    Removing bsp.o(i.bsp_buttons_enable), (8 bytes).
    Removing bsp.o(i.bsp_event_to_button_action_assign), (72 bytes).
    Removing bsp.o(i.bsp_indication_set), (28 bytes).
    Removing bsp.o(i.bsp_init), (152 bytes).
    Removing bsp.o(i.bsp_led_indication), (384 bytes).
    Removing bsp.o(i.bsp_wakeup_button_disable), (16 bytes).
    Removing bsp.o(i.bsp_wakeup_button_enable), (16 bytes).
    Removing bsp.o(i.button_timer_handler), (12 bytes).
    Removing bsp.o(i.leds_timer_handler), (24 bytes).
    Removing bsp.o(i.nrf_gpio_cfg_sense_set), (34 bytes).
    Removing bsp.o(.bss), (32 bytes).
    Removing bsp.o(.bss), (32 bytes).
    Removing bsp.o(.bss), (32 bytes).
    Removing bsp.o(.constdata), (28 bytes).
    Removing bsp.o(.data), (26 bytes).
    Removing bsp_nfc.o(.rev16_text), (4 bytes).
    Removing bsp_nfc.o(.revsh_text), (4 bytes).
    Removing bsp_nfc.o(i.bsp_nfc_btn_deinit), (12 bytes).
    Removing bsp_nfc.o(i.bsp_nfc_btn_init), (12 bytes).
    Removing bsp_nfc.o(i.bsp_nfc_sleep_mode_prepare), (4 bytes).
    Removing arm_startup_nrf51.o(HEAP), (2048 bytes).
    Removing system_nrf51.o(.rev16_text), (4 bytes).
    Removing system_nrf51.o(.revsh_text), (4 bytes).
    Removing system_nrf51.o(i.SystemCoreClockUpdate), (16 bytes).
    Removing ble_advdata.o(.rev16_text), (4 bytes).
    Removing ble_advdata.o(.revsh_text), (4 bytes).
    Removing ble_conn_params.o(.rev16_text), (4 bytes).
    Removing ble_conn_params.o(.revsh_text), (4 bytes).
    Removing ble_conn_params.o(i.ble_conn_params_change_conn_params), (80 bytes).
    Removing ble_conn_params.o(i.ble_conn_params_stop), (16 bytes).
    Removing ble_srv_common.o(.rev16_text), (4 bytes).
    Removing ble_srv_common.o(.revsh_text), (4 bytes).
    Removing ble_srv_common.o(i.ble_srv_ascii_to_utf8), (18 bytes).
    Removing ble_srv_common.o(i.ble_srv_is_indication_enabled), (14 bytes).
    Removing ble_srv_common.o(i.ble_srv_report_ref_encode), (12 bytes).
    Removing ble_srv_common.o(i.characteristic_add), (404 bytes).
    Removing ble_srv_common.o(i.descriptor_add), (176 bytes).
    Removing ble_srv_common.o(i.set_security_req), (46 bytes).
    Removing ble_lbs.o(.rev16_text), (4 bytes).
    Removing ble_lbs.o(.revsh_text), (4 bytes).
    Removing nrf_drv_clock.o(.rev16_text), (4 bytes).
    Removing nrf_drv_clock.o(.revsh_text), (4 bytes).
    Removing nrf_drv_clock.o(i.hfclk_stop), (44 bytes).
    Removing nrf_drv_clock.o(i.item_enqueue), (22 bytes).
    Removing nrf_drv_clock.o(i.lfclk_stop), (36 bytes).
    Removing nrf_drv_clock.o(i.nrf_clock_hf_is_running), (32 bytes).
    Removing nrf_drv_clock.o(i.nrf_drv_clock_calibration_abort), (4 bytes).
    Removing nrf_drv_clock.o(i.nrf_drv_clock_calibration_start), (4 bytes).
    Removing nrf_drv_clock.o(i.nrf_drv_clock_hfclk_is_running), (32 bytes).
    Removing nrf_drv_clock.o(i.nrf_drv_clock_hfclk_release), (48 bytes).
    Removing nrf_drv_clock.o(i.nrf_drv_clock_hfclk_request), (120 bytes).
    Removing nrf_drv_clock.o(i.nrf_drv_clock_init_check), (12 bytes).
    Removing nrf_drv_clock.o(i.nrf_drv_clock_is_calibrating), (4 bytes).
    Removing nrf_drv_clock.o(i.nrf_drv_clock_lfclk_is_running), (28 bytes).
    Removing nrf_drv_clock.o(i.nrf_drv_clock_lfclk_release), (48 bytes).
    Removing nrf_drv_clock.o(i.nrf_drv_clock_lfclk_request), (108 bytes).
    Removing nrf_drv_clock.o(i.nrf_drv_clock_on_sd_disable), (16 bytes).
    Removing nrf_drv_clock.o(i.nrf_drv_clock_uninit), (40 bytes).
    Removing nrf_drv_clock.o(.constdata), (19 bytes).
    Removing nrf_drv_clock.o(.constdata), (32 bytes).
    Removing nrf_drv_clock.o(.constdata), (32 bytes).
    Removing nrf_drv_clock.o(.constdata), (29 bytes).
    Removing nrf_drv_common.o(.rev16_text), (4 bytes).
    Removing nrf_drv_common.o(.revsh_text), (4 bytes).
    Removing nrf_drv_common.o(i.nrf_drv_common_clock_irq_disable), (12 bytes).
    Removing nrf_drv_gpiote.o(.rev16_text), (4 bytes).
    Removing nrf_drv_gpiote.o(.revsh_text), (4 bytes).
    Removing nrf_drv_gpiote.o(i.nrf_drv_gpiote_in_event_addr_get), (40 bytes).
    Removing nrf_drv_gpiote.o(i.nrf_drv_gpiote_in_uninit), (76 bytes).
    Removing nrf_drv_gpiote.o(i.nrf_drv_gpiote_out_clear), (16 bytes).
    Removing nrf_drv_gpiote.o(i.nrf_drv_gpiote_out_init), (152 bytes).
    Removing nrf_drv_gpiote.o(i.nrf_drv_gpiote_out_set), (16 bytes).
    Removing nrf_drv_gpiote.o(i.nrf_drv_gpiote_out_task_addr_get), (20 bytes).
    Removing nrf_drv_gpiote.o(i.nrf_drv_gpiote_out_task_disable), (32 bytes).
    Removing nrf_drv_gpiote.o(i.nrf_drv_gpiote_out_task_enable), (48 bytes).
    Removing nrf_drv_gpiote.o(i.nrf_drv_gpiote_out_task_force), (44 bytes).
    Removing nrf_drv_gpiote.o(i.nrf_drv_gpiote_out_task_trigger), (24 bytes).
    Removing nrf_drv_gpiote.o(i.nrf_drv_gpiote_out_toggle), (24 bytes).
    Removing nrf_drv_gpiote.o(i.nrf_drv_gpiote_out_uninit), (68 bytes).
    Removing nrf_drv_gpiote.o(i.nrf_drv_gpiote_uninit), (56 bytes).
    Removing nrf_drv_gpiote.o(i.nrf_gpio_cfg_default), (18 bytes).
    Removing nrf_drv_gpiote.o(.constdata), (20 bytes).
    Removing nrf_drv_gpiote.o(.constdata), (24 bytes).
    Removing nrf_drv_gpiote.o(.constdata), (23 bytes).
    Removing nrf_drv_uart.o(.rev16_text), (4 bytes).
    Removing nrf_drv_uart.o(.revsh_text), (4 bytes).
    Removing nrf_drv_uart.o(i.apply_config), (132 bytes).
    Removing nrf_drv_uart.o(i.nrf_drv_uart_errorsrc_get), (24 bytes).
    Removing nrf_drv_uart.o(i.nrf_drv_uart_init), (128 bytes).
    Removing nrf_drv_uart.o(i.nrf_drv_uart_rx), (92 bytes).
    Removing nrf_drv_uart.o(i.nrf_drv_uart_rx_abort), (22 bytes).
    Removing nrf_drv_uart.o(i.nrf_drv_uart_rx_disable), (28 bytes).
    Removing nrf_drv_uart.o(i.nrf_drv_uart_rx_enable), (44 bytes).
    Removing nrf_drv_uart.o(i.nrf_drv_uart_rx_for_uart), (168 bytes).
    Removing nrf_drv_uart.o(i.nrf_drv_uart_tx), (52 bytes).
    Removing nrf_drv_uart.o(i.nrf_drv_uart_tx_abort), (48 bytes).
    Removing nrf_drv_uart.o(i.nrf_drv_uart_tx_for_uart), (140 bytes).
    Removing nrf_drv_uart.o(i.nrf_drv_uart_tx_in_progress), (24 bytes).
    Removing nrf_drv_uart.o(i.nrf_drv_uart_uninit), (152 bytes).
    Removing nrf_drv_uart.o(i.nrf_gpio_cfg), (40 bytes).
    Removing nrf_drv_uart.o(i.nrf_gpio_cfg_default), (18 bytes).
    Removing nrf_drv_uart.o(i.nrf_gpio_cfg_input), (18 bytes).
    Removing nrf_drv_uart.o(i.nrf_gpio_cfg_output), (20 bytes).
    Removing nrf_drv_uart.o(i.rx_enable), (26 bytes).
    Removing nrf_drv_uart.o(.constdata), (18 bytes).
    Removing nrf_drv_uart.o(.constdata), (25 bytes).
    Removing nrf_drv_uart.o(.constdata), (16 bytes).
    Removing nrf_drv_uart.o(.constdata), (25 bytes).
    Removing nrf_drv_uart.o(.constdata), (16 bytes).
    Removing app_button.o(.rev16_text), (4 bytes).
    Removing app_button.o(.revsh_text), (4 bytes).
    Removing app_button.o(i.app_button_is_pushed), (36 bytes).
    Removing app_error.o(.rev16_text), (4 bytes).
    Removing app_error.o(.revsh_text), (4 bytes).
    Removing app_error.o(i.app_error_handler), (28 bytes).
    Removing app_error.o(i.app_error_save_and_stop), (100 bytes).
    Removing app_error.o(.bss), (32 bytes).
    Removing app_error_weak.o(.rev16_text), (4 bytes).
    Removing app_error_weak.o(.revsh_text), (4 bytes).
    Removing app_timer.o(.rev16_text), (4 bytes).
    Removing app_timer.o(.revsh_text), (4 bytes).
    Removing app_timer.o(i.app_timer_cnt_diff_compute), (12 bytes).
    Removing app_timer.o(i.app_timer_cnt_get), (12 bytes).
    Removing app_timer.o(i.app_timer_stop_all), (28 bytes).
    Removing app_util_platform.o(.rev16_text), (4 bytes).
    Removing app_util_platform.o(.revsh_text), (4 bytes).
    Removing app_util_platform.o(i.app_util_disable_irq), (16 bytes).
    Removing app_util_platform.o(i.app_util_enable_irq), (20 bytes).
    Removing hardfault_implementation.o(.rev16_text), (4 bytes).
    Removing hardfault_implementation.o(.revsh_text), (4 bytes).
    Removing nrf_assert.o(.rev16_text), (4 bytes).
    Removing nrf_assert.o(.revsh_text), (4 bytes).
    Removing nrf_assert.o(i.assert_nrf_callback), (24 bytes).
    Removing nrf_log_backend_serial.o(.rev16_text), (4 bytes).
    Removing nrf_log_backend_serial.o(.revsh_text), (4 bytes).
    Removing nrf_log_frontend.o(.rev16_text), (4 bytes).
    Removing nrf_log_frontend.o(.revsh_text), (4 bytes).
    Removing segger_rtt.o(.rev16_text), (4 bytes).
    Removing segger_rtt.o(.revsh_text), (4 bytes).
    Removing segger_rtt.o(i.SEGGER_RTT_ConfigDownBuffer), (92 bytes).
    Removing segger_rtt.o(i.SEGGER_RTT_ConfigUpBuffer), (92 bytes).
    Removing segger_rtt.o(i.SEGGER_RTT_GetKey), (28 bytes).
    Removing segger_rtt.o(i.SEGGER_RTT_HasData), (20 bytes).
    Removing segger_rtt.o(i.SEGGER_RTT_HasKey), (36 bytes).
    Removing segger_rtt.o(i.SEGGER_RTT_Init), (20 bytes).
    Removing segger_rtt.o(i.SEGGER_RTT_Read), (44 bytes).
    Removing segger_rtt.o(i.SEGGER_RTT_ReadNoLock), (128 bytes).
    Removing segger_rtt.o(i.SEGGER_RTT_SetNameDownBuffer), (68 bytes).
    Removing segger_rtt.o(i.SEGGER_RTT_SetNameUpBuffer), (68 bytes).
    Removing segger_rtt.o(i.SEGGER_RTT_SetTerminal), (132 bytes).
    Removing segger_rtt.o(i.SEGGER_RTT_TerminalOut), (176 bytes).
    Removing segger_rtt.o(i.SEGGER_RTT_WaitKey), (12 bytes).
    Removing segger_rtt.o(i.SEGGER_RTT_Write), (60 bytes).
    Removing segger_rtt.o(i.SEGGER_RTT_WriteNoLock), (92 bytes).
    Removing segger_rtt.o(i.SEGGER_RTT_WriteSkipNoLock), (108 bytes).
    Removing segger_rtt.o(i.SEGGER_RTT_WriteString), (24 bytes).
    Removing segger_rtt.o(i._DoInit), (104 bytes).
    Removing segger_rtt.o(i._GetAvailWriteSpace), (22 bytes).
    Removing segger_rtt.o(i._PostTerminalSwitch), (32 bytes).
    Removing segger_rtt.o(i._WriteBlocking), (96 bytes).
    Removing segger_rtt.o(i._WriteNoCheck), (60 bytes).
    Removing segger_rtt.o(.bss), (200 bytes).
    Removing segger_rtt.o(.data), (17 bytes).
    Removing softdevice_handler.o(.rev16_text), (4 bytes).
    Removing softdevice_handler.o(.revsh_text), (4 bytes).
    Removing softdevice_handler.o(i.sd_check_ram_start), (16 bytes).
    Removing softdevice_handler.o(i.softdevice_handler_is_suspended), (12 bytes).
    Removing softdevice_handler.o(i.softdevice_handler_resume), (68 bytes).
    Removing softdevice_handler.o(i.softdevice_handler_sd_disable), (24 bytes).
    Removing softdevice_handler.o(i.softdevice_handler_suspend), (68 bytes).
    Removing softdevice_handler.o(i.softdevice_sys_evt_handler_set), (20 bytes).
    Removing bsp.o(i.__ARM_common_switch8), (26 bytes).

192 unused section(s) (total 9350 bytes) removed from the image.

==============================================================================

Image Symbol Table

    Local Symbols

    Symbol Name                              Value     Ov Type        Size  Object(Section)

    ../clib/microlib/division.c              0x00000000   Number         0  uidiv.o ABSOLUTE
    ../clib/microlib/init/entry.s            0x00000000   Number         0  entry.o ABSOLUTE
    ../clib/microlib/init/entry.s            0x00000000   Number         0  entry10b.o ABSOLUTE
    ../clib/microlib/init/entry.s            0x00000000   Number         0  entry11a.o ABSOLUTE
    ../clib/microlib/init/entry.s            0x00000000   Number         0  entry10a.o ABSOLUTE
    ../clib/microlib/init/entry.s            0x00000000   Number         0  entry9b.o ABSOLUTE
    ../clib/microlib/init/entry.s            0x00000000   Number         0  entry5.o ABSOLUTE
    ../clib/microlib/init/entry.s            0x00000000   Number         0  entry9a.o ABSOLUTE
    ../clib/microlib/init/entry.s            0x00000000   Number         0  entry11b.o ABSOLUTE
    ../clib/microlib/init/entry.s            0x00000000   Number         0  entry8b.o ABSOLUTE
    ../clib/microlib/init/entry.s            0x00000000   Number         0  entry8a.o ABSOLUTE
    ../clib/microlib/init/entry.s            0x00000000   Number         0  entry7a.o ABSOLUTE
    ../clib/microlib/init/entry.s            0x00000000   Number         0  entry7b.o ABSOLUTE
    ../clib/microlib/init/entry.s            0x00000000   Number         0  entry2.o ABSOLUTE
    ../clib/microlib/string/memcpy.c         0x00000000   Number         0  memcpya.o ABSOLUTE
    ../clib/microlib/string/memcpy.c         0x00000000   Number         0  memcpyb.o ABSOLUTE
    ../clib/microlib/string/memset.c         0x00000000   Number         0  memseta.o ABSOLUTE
    ../clib/microlib/string/strcpy.c         0x00000000   Number         0  strcpy.o ABSOLUTE
    ../clib/microlib/string/strlen.c         0x00000000   Number         0  strlen.o ABSOLUTE
    ..\..\..\..\..\..\components\ble\ble_services\ble_lbs\ble_lbs.c 0x00000000   Number         0  ble_lbs.o ABSOLUTE
    ..\..\..\..\..\..\components\ble\common\ble_advdata.c 0x00000000   Number         0  ble_advdata.o ABSOLUTE
    ..\..\..\..\..\..\components\ble\common\ble_conn_params.c 0x00000000   Number         0  ble_conn_params.o ABSOLUTE
    ..\..\..\..\..\..\components\ble\common\ble_srv_common.c 0x00000000   Number         0  ble_srv_common.o ABSOLUTE
    ..\..\..\..\..\..\components\boards\boards.c 0x00000000   Number         0  boards.o ABSOLUTE
    ..\..\..\..\..\..\components\drivers_nrf\clock\nrf_drv_clock.c 0x00000000   Number         0  nrf_drv_clock.o ABSOLUTE
    ..\..\..\..\..\..\components\drivers_nrf\common\nrf_drv_common.c 0x00000000   Number         0  nrf_drv_common.o ABSOLUTE
    ..\..\..\..\..\..\components\drivers_nrf\gpiote\nrf_drv_gpiote.c 0x00000000   Number         0  nrf_drv_gpiote.o ABSOLUTE
    ..\..\..\..\..\..\components\drivers_nrf\uart\nrf_drv_uart.c 0x00000000   Number         0  nrf_drv_uart.o ABSOLUTE
    ..\..\..\..\..\..\components\libraries\bsp\bsp.c 0x00000000   Number         0  bsp.o ABSOLUTE
    ..\..\..\..\..\..\components\libraries\bsp\bsp_nfc.c 0x00000000   Number         0  bsp_nfc.o ABSOLUTE
    ..\..\..\..\..\..\components\libraries\button\app_button.c 0x00000000   Number         0  app_button.o ABSOLUTE
    ..\..\..\..\..\..\components\libraries\hardfault\hardfault_implementation.c 0x00000000   Number         0  hardfault_implementation.o ABSOLUTE
    ..\..\..\..\..\..\components\libraries\log\src\nrf_log_backend_serial.c 0x00000000   Number         0  nrf_log_backend_serial.o ABSOLUTE
    ..\..\..\..\..\..\components\libraries\log\src\nrf_log_frontend.c 0x00000000   Number         0  nrf_log_frontend.o ABSOLUTE
    ..\..\..\..\..\..\components\libraries\timer\app_timer.c 0x00000000   Number         0  app_timer.o ABSOLUTE
    ..\..\..\..\..\..\components\libraries\util\app_error.c 0x00000000   Number         0  app_error.o ABSOLUTE
    ..\..\..\..\..\..\components\libraries\util\app_error_weak.c 0x00000000   Number         0  app_error_weak.o ABSOLUTE
    ..\..\..\..\..\..\components\libraries\util\app_util_platform.c 0x00000000   Number         0  app_util_platform.o ABSOLUTE
    ..\..\..\..\..\..\components\libraries\util\nrf_assert.c 0x00000000   Number         0  nrf_assert.o ABSOLUTE
    ..\..\..\..\..\..\components\libraries\util\sdk_errors.c 0x00000000   Number         0  sdk_errors.o ABSOLUTE
    ..\..\..\..\..\..\components\softdevice\common\softdevice_handler\softdevice_handler.c 0x00000000   Number         0  softdevice_handler.o ABSOLUTE
    ..\..\..\..\..\..\components\toolchain\arm\arm_startup_nrf51.s 0x00000000   Number         0  arm_startup_nrf51.o ABSOLUTE
    ..\..\..\..\..\..\components\toolchain\system_nrf51.c 0x00000000   Number         0  system_nrf51.o ABSOLUTE
    ..\..\..\..\..\..\external\segger_rtt\RTT_Syscalls_KEIL.c 0x00000000   Number         0  rtt_syscalls_keil.o ABSOLUTE
    ..\..\..\..\..\..\external\segger_rtt\SEGGER_RTT.c 0x00000000   Number         0  segger_rtt.o ABSOLUTE
    ..\..\..\..\..\..\external\segger_rtt\SEGGER_RTT_printf.c 0x00000000   Number         0  segger_rtt_printf.o ABSOLUTE
    ..\..\..\main.c                          0x00000000   Number         0  main.o ABSOLUTE
    ..\\..\\..\\..\\..\\..\\components\\ble\\ble_services\\ble_lbs\\ble_lbs.c 0x00000000   Number         0  ble_lbs.o ABSOLUTE
    ..\\..\\..\\..\\..\\..\\components\\ble\\common\\ble_advdata.c 0x00000000   Number         0  ble_advdata.o ABSOLUTE
    ..\\..\\..\\..\\..\\..\\components\\ble\\common\\ble_conn_params.c 0x00000000   Number         0  ble_conn_params.o ABSOLUTE
    ..\\..\\..\\..\\..\\..\\components\\ble\\common\\ble_srv_common.c 0x00000000   Number         0  ble_srv_common.o ABSOLUTE
    ..\\..\\..\\..\\..\\..\\components\\boards\\boards.c 0x00000000   Number         0  boards.o ABSOLUTE
    ..\\..\\..\\..\\..\\..\\components\\drivers_nrf\\clock\\nrf_drv_clock.c 0x00000000   Number         0  nrf_drv_clock.o ABSOLUTE
    ..\\..\\..\\..\\..\\..\\components\\drivers_nrf\\common\\nrf_drv_common.c 0x00000000   Number         0  nrf_drv_common.o ABSOLUTE
    ..\\..\\..\\..\\..\\..\\components\\drivers_nrf\\gpiote\\nrf_drv_gpiote.c 0x00000000   Number         0  nrf_drv_gpiote.o ABSOLUTE
    ..\\..\\..\\..\\..\\..\\components\\drivers_nrf\\uart\\nrf_drv_uart.c 0x00000000   Number         0  nrf_drv_uart.o ABSOLUTE
    ..\\..\\..\\..\\..\\..\\components\\libraries\\bsp\\bsp.c 0x00000000   Number         0  bsp.o ABSOLUTE
    ..\\..\\..\\..\\..\\..\\components\\libraries\\bsp\\bsp_nfc.c 0x00000000   Number         0  bsp_nfc.o ABSOLUTE
    ..\\..\\..\\..\\..\\..\\components\\libraries\\button\\app_button.c 0x00000000   Number         0  app_button.o ABSOLUTE
    ..\\..\\..\\..\\..\\..\\components\\libraries\\hardfault\\hardfault_implementation.c 0x00000000   Number         0  hardfault_implementation.o ABSOLUTE
    ..\\..\\..\\..\\..\\..\\components\\libraries\\log\\src\\nrf_log_backend_serial.c 0x00000000   Number         0  nrf_log_backend_serial.o ABSOLUTE
    ..\\..\\..\\..\\..\\..\\components\\libraries\\log\\src\\nrf_log_frontend.c 0x00000000   Number         0  nrf_log_frontend.o ABSOLUTE
    ..\\..\\..\\..\\..\\..\\components\\libraries\\timer\\app_timer.c 0x00000000   Number         0  app_timer.o ABSOLUTE
    ..\\..\\..\\..\\..\\..\\components\\libraries\\util\\app_error.c 0x00000000   Number         0  app_error.o ABSOLUTE
    ..\\..\\..\\..\\..\\..\\components\\libraries\\util\\app_error_weak.c 0x00000000   Number         0  app_error_weak.o ABSOLUTE
    ..\\..\\..\\..\\..\\..\\components\\libraries\\util\\app_util_platform.c 0x00000000   Number         0  app_util_platform.o ABSOLUTE
    ..\\..\\..\\..\\..\\..\\components\\libraries\\util\\nrf_assert.c 0x00000000   Number         0  nrf_assert.o ABSOLUTE
    ..\\..\\..\\..\\..\\..\\components\\softdevice\\common\\softdevice_handler\\softdevice_handler.c 0x00000000   Number         0  softdevice_handler.o ABSOLUTE
    ..\\..\\..\\..\\..\\..\\components\\toolchain\\system_nrf51.c 0x00000000   Number         0  system_nrf51.o ABSOLUTE
    ..\\..\\..\\..\\..\\..\\external\\segger_rtt\\SEGGER_RTT.c 0x00000000   Number         0  segger_rtt.o ABSOLUTE
    ..\\..\\..\\main.c                       0x00000000   Number         0  main.o ABSOLUTE
    dc.s                                     0x00000000   Number         0  dc.o ABSOLUTE
    handlers.s                               0x00000000   Number         0  handlers.o ABSOLUTE
    init.s                                   0x00000000   Number         0  init.o ABSOLUTE
    RESET                                    0x0001b000   Section      192  arm_startup_nrf51.o(RESET)
    .ARM.Collect$$$$00000000                 0x0001b0c0   Section        0  entry.o(.ARM.Collect$$$$00000000)
    .ARM.Collect$$$$00000001                 0x0001b0c0   Section        4  entry2.o(.ARM.Collect$$$$00000001)
    .ARM.Collect$$$$00000004                 0x0001b0c4   Section        4  entry5.o(.ARM.Collect$$$$00000004)
    .ARM.Collect$$$$00000008                 0x0001b0c8   Section        0  entry7b.o(.ARM.Collect$$$$00000008)
    .ARM.Collect$$$$0000000A                 0x0001b0c8   Section        0  entry8b.o(.ARM.Collect$$$$0000000A)
    .ARM.Collect$$$$0000000B                 0x0001b0c8   Section        8  entry9a.o(.ARM.Collect$$$$0000000B)
    .ARM.Collect$$$$0000000D                 0x0001b0d0   Section        0  entry10a.o(.ARM.Collect$$$$0000000D)
    .ARM.Collect$$$$0000000F                 0x0001b0d0   Section        0  entry11a.o(.ARM.Collect$$$$0000000F)
    .ARM.Collect$$$$00002712                 0x0001b0d0   Section        4  entry2.o(.ARM.Collect$$$$00002712)
    __lit__00000000                          0x0001b0d0   Data           4  entry2.o(.ARM.Collect$$$$00002712)
    .text                                    0x0001b0d4   Section       56  arm_startup_nrf51.o(.text)
    .text                                    0x0001b10c   Section        0  memcpya.o(.text)
    .text                                    0x0001b130   Section        0  memseta.o(.text)
    .text                                    0x0001b154   Section       36  init.o(.text)
    i.GPIOTE_IRQHandler                      0x0001b178   Section        0  nrf_drv_gpiote.o(i.GPIOTE_IRQHandler)
    i.NVIC_SetPriority                       0x0001b2f0   Section        0  app_timer.o(i.NVIC_SetPriority)
    NVIC_SetPriority                         0x0001b2f1   Thumb Code    60  app_timer.o(i.NVIC_SetPriority)
    i.POWER_CLOCK_IRQHandler                 0x0001b334   Section        0  nrf_drv_clock.o(i.POWER_CLOCK_IRQHandler)
    i.RTC1_IRQHandler                        0x0001b388   Section        0  app_timer.o(i.RTC1_IRQHandler)
    i.SWI0_IRQHandler                        0x0001b3a8   Section        0  app_timer.o(i.SWI0_IRQHandler)
    i.SWI2_IRQHandler                        0x0001b3b0   Section        0  softdevice_handler.o(i.SWI2_IRQHandler)
    i.SystemInit                             0x0001b3d0   Section        0  system_nrf51.o(i.SystemInit)
    i.UART0_IRQHandler                       0x0001b470   Section        0  nrf_drv_uart.o(i.UART0_IRQHandler)
    i.__scatterload_copy                     0x0001b484   Section       14  handlers.o(i.__scatterload_copy)
    i.__scatterload_null                     0x0001b492   Section        2  handlers.o(i.__scatterload_null)
    i.__scatterload_zeroinit                 0x0001b494   Section       14  handlers.o(i.__scatterload_zeroinit)
    i.__sd_nvic_app_accessible_irq           0x0001b4a4   Section        0  softdevice_handler.o(i.__sd_nvic_app_accessible_irq)
    __sd_nvic_app_accessible_irq             0x0001b4a5   Thumb Code    22  softdevice_handler.o(i.__sd_nvic_app_accessible_irq)
    i.adv_data_encode                        0x0001b4c0   Section        0  ble_advdata.o(i.adv_data_encode)
    i.advertising_start                      0x0001b64e   Section        0  main.o(i.advertising_start)
    advertising_start                        0x0001b64f   Thumb Code    50  main.o(i.advertising_start)
    i.app_button_disable                     0x0001b680   Section        0  app_button.o(i.app_button_disable)
    i.app_button_enable                      0x0001b6ac   Section        0  app_button.o(i.app_button_enable)
    i.app_button_init                        0x0001b6d0   Section        0  app_button.o(i.app_button_init)
    i.app_error_fault_handler                0x0001b744   Section        0  app_error_weak.o(i.app_error_fault_handler)
    i.app_error_handler_bare                 0x0001b75c   Section        0  app_error.o(i.app_error_handler_bare)
    i.app_timer_create                       0x0001b774   Section        0  app_timer.o(i.app_timer_create)
    i.app_timer_init                         0x0001b7a0   Section        0  app_timer.o(i.app_timer_init)
    i.app_timer_start                        0x0001b814   Section        0  app_timer.o(i.app_timer_start)
    i.app_timer_stop                         0x0001b89c   Section        0  app_timer.o(i.app_timer_stop)
    i.app_util_critical_region_enter         0x0001b8c4   Section        0  app_util_platform.o(i.app_util_critical_region_enter)
    i.app_util_critical_region_exit          0x0001b900   Section        0  app_util_platform.o(i.app_util_critical_region_exit)
    i.ble_advdata_set                        0x0001b92c   Section        0  ble_advdata.o(i.ble_advdata_set)
    i.ble_conn_params_init                   0x0001b994   Section        0  ble_conn_params.o(i.ble_conn_params_init)
    i.ble_conn_params_on_ble_evt             0x0001b9e8   Section        0  ble_conn_params.o(i.ble_conn_params_on_ble_evt)
    i.ble_device_addr_encode                 0x0001ba78   Section        0  ble_advdata.o(i.ble_device_addr_encode)
    ble_device_addr_encode                   0x0001ba79   Thumb Code    94  ble_advdata.o(i.ble_device_addr_encode)
    i.ble_evt_dispatch                       0x0001bad8   Section        0  main.o(i.ble_evt_dispatch)
    ble_evt_dispatch                         0x0001bad9   Thumb Code    24  main.o(i.ble_evt_dispatch)
    i.ble_lbs_init                           0x0001baf4   Section        0  ble_lbs.o(i.ble_lbs_init)
    i.ble_lbs_on_ble_evt                     0x0001bb54   Section        0  ble_lbs.o(i.ble_lbs_on_ble_evt)
    i.ble_lbs_on_button_change               0x0001bb88   Section        0  ble_lbs.o(i.ble_lbs_on_button_change)
    i.ble_srv_is_notification_enabled        0x0001bbb6   Section        0  ble_srv_common.o(i.ble_srv_is_notification_enabled)
    i.bsp_board_led_off                      0x0001bbc4   Section        0  boards.o(i.bsp_board_led_off)
    i.bsp_board_led_on                       0x0001bbd8   Section        0  boards.o(i.bsp_board_led_on)
    i.bsp_board_leds_init                    0x0001bbec   Section        0  boards.o(i.bsp_board_leds_init)
    i.bsp_board_leds_off                     0x0001bc14   Section        0  boards.o(i.bsp_board_leds_off)
    i.button_char_add                        0x0001bc28   Section        0  ble_lbs.o(i.button_char_add)
    button_char_add                          0x0001bc29   Thumb Code   162  ble_lbs.o(i.button_char_add)
    i.button_event_handler                   0x0001bcd0   Section        0  main.o(i.button_event_handler)
    button_event_handler                     0x0001bcd1   Thumb Code    32  main.o(i.button_event_handler)
    i.channel_free                           0x0001bcf8   Section        0  nrf_drv_gpiote.o(i.channel_free)
    channel_free                             0x0001bcf9   Thumb Code    22  nrf_drv_gpiote.o(i.channel_free)
    i.channel_port_alloc                     0x0001bd14   Section        0  nrf_drv_gpiote.o(i.channel_port_alloc)
    channel_port_alloc                       0x0001bd15   Thumb Code    66  nrf_drv_gpiote.o(i.channel_port_alloc)
    i.channel_port_get                       0x0001bd5c   Section        0  nrf_drv_gpiote.o(i.channel_port_get)
    channel_port_get                         0x0001bd5d   Thumb Code    10  nrf_drv_gpiote.o(i.channel_port_get)
    i.clock_clk_started_notify               0x0001bd6c   Section        0  nrf_drv_clock.o(i.clock_clk_started_notify)
    clock_clk_started_notify                 0x0001bd6d   Thumb Code    34  nrf_drv_clock.o(i.clock_clk_started_notify)
    i.compare_reg_update                     0x0001bd94   Section        0  app_timer.o(i.compare_reg_update)
    compare_reg_update                       0x0001bd95   Thumb Code   142  app_timer.o(i.compare_reg_update)
    i.conn_int_encode                        0x0001be3c   Section        0  ble_advdata.o(i.conn_int_encode)
    conn_int_encode                          0x0001be3d   Thumb Code   130  ble_advdata.o(i.conn_int_encode)
    i.conn_params_error_handler              0x0001bec4   Section        0  main.o(i.conn_params_error_handler)
    conn_params_error_handler                0x0001bec5   Thumb Code     8  main.o(i.conn_params_error_handler)
    i.conn_params_negotiation                0x0001becc   Section        0  ble_conn_params.o(i.conn_params_negotiation)
    conn_params_negotiation                  0x0001becd   Thumb Code    92  ble_conn_params.o(i.conn_params_negotiation)
    i.detection_delay_timeout_handler        0x0001bf34   Section        0  app_button.o(i.detection_delay_timeout_handler)
    detection_delay_timeout_handler          0x0001bf35   Thumb Code    90  app_button.o(i.detection_delay_timeout_handler)
    i.elapsed_ticks_acquire                  0x0001bf94   Section        0  app_timer.o(i.elapsed_ticks_acquire)
    elapsed_ticks_acquire                    0x0001bf95   Thumb Code    58  app_timer.o(i.elapsed_ticks_acquire)
    i.gpiote_event_handler                   0x0001bfd4   Section        0  app_button.o(i.gpiote_event_handler)
    gpiote_event_handler                     0x0001bfd5   Thumb Code    72  app_button.o(i.gpiote_event_handler)
    i.intern_softdevice_events_execute       0x0001c024   Section        0  softdevice_handler.o(i.intern_softdevice_events_execute)
    i.is_conn_params_ok                      0x0001c0a4   Section        0  ble_conn_params.o(i.is_conn_params_ok)
    is_conn_params_ok                        0x0001c0a5   Thumb Code    24  ble_conn_params.o(i.is_conn_params_ok)
    i.is_manual_peripheral_setup_needed      0x0001c0c0   Section        0  system_nrf51.o(i.is_manual_peripheral_setup_needed)
    is_manual_peripheral_setup_needed        0x0001c0c1   Thumb Code    66  system_nrf51.o(i.is_manual_peripheral_setup_needed)
    i.led_char_add                           0x0001c108   Section        0  ble_lbs.o(i.led_char_add)
    led_char_add                             0x0001c109   Thumb Code   130  ble_lbs.o(i.led_char_add)
    i.led_write_handler                      0x0001c190   Section        0  main.o(i.led_write_handler)
    led_write_handler                        0x0001c191   Thumb Code    22  main.o(i.led_write_handler)
    i.list_deletions_handler                 0x0001c1a8   Section        0  app_timer.o(i.list_deletions_handler)
    list_deletions_handler                   0x0001c1a9   Thumb Code   162  app_timer.o(i.list_deletions_handler)
    i.list_insertions_handler                0x0001c254   Section        0  app_timer.o(i.list_insertions_handler)
    list_insertions_handler                  0x0001c255   Thumb Code   178  app_timer.o(i.list_insertions_handler)
    i.main                                   0x0001c310   Section        0  main.o(i.main)
    i.manuf_specific_data_encode             0x0001c48c   Section        0  ble_advdata.o(i.manuf_specific_data_encode)
    manuf_specific_data_encode               0x0001c48d   Thumb Code   104  ble_advdata.o(i.manuf_specific_data_encode)
    i.name_encode                            0x0001c4f4   Section        0  ble_advdata.o(i.name_encode)
    name_encode                              0x0001c4f5   Thumb Code   158  ble_advdata.o(i.name_encode)
    i.nrf_bitmask_bit_is_set                 0x0001c592   Section        0  nrf_drv_gpiote.o(i.nrf_bitmask_bit_is_set)
    nrf_bitmask_bit_is_set                   0x0001c593   Thumb Code    16  nrf_drv_gpiote.o(i.nrf_bitmask_bit_is_set)
    i.nrf_clock_event_check                  0x0001c5a2   Section        0  nrf_drv_clock.o(i.nrf_clock_event_check)
    nrf_clock_event_check                    0x0001c5a3   Thumb Code    16  nrf_drv_clock.o(i.nrf_clock_event_check)
    i.nrf_delay_us                           0x0001c5b4   Section        0  app_timer.o(i.nrf_delay_us)
    nrf_delay_us                             0x0001c5b5   Thumb Code    38  app_timer.o(i.nrf_delay_us)
    i.nrf_drv_clock_init                     0x0001c5e4   Section        0  nrf_drv_clock.o(i.nrf_drv_clock_init)
    i.nrf_drv_clock_on_sd_enable             0x0001c62c   Section        0  nrf_drv_clock.o(i.nrf_drv_clock_on_sd_enable)
    i.nrf_drv_clock_on_soc_event             0x0001c660   Section        0  nrf_drv_clock.o(i.nrf_drv_clock_on_soc_event)
    i.nrf_drv_common_irq_enable              0x0001c66c   Section        0  nrf_drv_common.o(i.nrf_drv_common_irq_enable)
    i.nrf_drv_gpiote_in_event_disable        0x0001c6cc   Section        0  nrf_drv_gpiote.o(i.nrf_drv_gpiote_in_event_disable)
    i.nrf_drv_gpiote_in_event_enable         0x0001c714   Section        0  nrf_drv_gpiote.o(i.nrf_drv_gpiote_in_event_enable)
    i.nrf_drv_gpiote_in_init                 0x0001c7ac   Section        0  nrf_drv_gpiote.o(i.nrf_drv_gpiote_in_init)
    i.nrf_drv_gpiote_in_is_set               0x0001c854   Section        0  nrf_drv_gpiote.o(i.nrf_drv_gpiote_in_is_set)
    i.nrf_drv_gpiote_init                    0x0001c868   Section        0  nrf_drv_gpiote.o(i.nrf_drv_gpiote_init)
    i.nrf_drv_gpiote_is_init                 0x0001c8c4   Section        0  nrf_drv_gpiote.o(i.nrf_drv_gpiote_is_init)
    i.nrf_gpio_cfg                           0x0001c8d4   Section        0  boards.o(i.nrf_gpio_cfg)
    nrf_gpio_cfg                             0x0001c8d5   Thumb Code    40  boards.o(i.nrf_gpio_cfg)
    i.nrf_gpio_cfg                           0x0001c8fc   Section        0  nrf_drv_gpiote.o(i.nrf_gpio_cfg)
    nrf_gpio_cfg                             0x0001c8fd   Thumb Code    40  nrf_drv_gpiote.o(i.nrf_gpio_cfg)
    i.nrf_gpio_cfg_sense_set                 0x0001c924   Section        0  nrf_drv_gpiote.o(i.nrf_gpio_cfg_sense_set)
    nrf_gpio_cfg_sense_set                   0x0001c925   Thumb Code    34  nrf_drv_gpiote.o(i.nrf_gpio_cfg_sense_set)
    i.nrf_gpio_pin_write                     0x0001c948   Section        0  boards.o(i.nrf_gpio_pin_write)
    nrf_gpio_pin_write                       0x0001c949   Thumb Code    18  boards.o(i.nrf_gpio_pin_write)
    i.nrf_gpio_ports_read                    0x0001c960   Section        0  nrf_drv_gpiote.o(i.nrf_gpio_ports_read)
    nrf_gpio_ports_read                      0x0001c961   Thumb Code    36  nrf_drv_gpiote.o(i.nrf_gpio_ports_read)
    i.nrf_gpiote_event_clear                 0x0001c988   Section        0  nrf_drv_gpiote.o(i.nrf_gpiote_event_clear)
    nrf_gpiote_event_clear                   0x0001c989   Thumb Code    10  nrf_drv_gpiote.o(i.nrf_gpiote_event_clear)
    i.nrf_gpiote_event_is_set                0x0001c998   Section        0  nrf_drv_gpiote.o(i.nrf_gpiote_event_is_set)
    nrf_gpiote_event_is_set                  0x0001c999   Thumb Code    14  nrf_drv_gpiote.o(i.nrf_gpiote_event_is_set)
    i.nrf_uart_event_check                   0x0001c9ac   Section        0  nrf_drv_uart.o(i.nrf_uart_event_check)
    nrf_uart_event_check                     0x0001c9ad   Thumb Code    10  nrf_drv_uart.o(i.nrf_uart_event_check)
    i.nrf_uart_int_enable_check              0x0001c9b6   Section        0  nrf_drv_uart.o(i.nrf_uart_int_enable_check)
    nrf_uart_int_enable_check                0x0001c9b7   Thumb Code    16  nrf_drv_uart.o(i.nrf_uart_int_enable_check)
    i.on_ble_evt                             0x0001c9c8   Section        0  main.o(i.on_ble_evt)
    on_ble_evt                               0x0001c9c9   Thumb Code   214  main.o(i.on_ble_evt)
    i.on_conn_params_evt                     0x0001caa4   Section        0  main.o(i.on_conn_params_evt)
    on_conn_params_evt                       0x0001caa5   Thumb Code    26  main.o(i.on_conn_params_evt)
    i.pin_in_use_by_port                     0x0001cac4   Section        0  nrf_drv_gpiote.o(i.pin_in_use_by_port)
    pin_in_use_by_port                       0x0001cac5   Thumb Code    20  nrf_drv_gpiote.o(i.pin_in_use_by_port)
    i.pin_in_use_by_te                       0x0001cadc   Section        0  nrf_drv_gpiote.o(i.pin_in_use_by_te)
    pin_in_use_by_te                         0x0001cadd   Thumb Code    20  nrf_drv_gpiote.o(i.pin_in_use_by_te)
    i.rtc1_stop                              0x0001caf4   Section        0  app_timer.o(i.rtc1_stop)
    rtc1_stop                                0x0001caf5   Thumb Code    50  app_timer.o(i.rtc1_stop)
    i.rx_byte                                0x0001cb38   Section        0  nrf_drv_uart.o(i.rx_byte)
    rx_byte                                  0x0001cb39   Thumb Code    38  nrf_drv_uart.o(i.rx_byte)
    i.rx_done_event                          0x0001cb5e   Section        0  nrf_drv_uart.o(i.rx_done_event)
    rx_done_event                            0x0001cb5f   Thumb Code    20  nrf_drv_uart.o(i.rx_done_event)
    i.sd_nvic_EnableIRQ                      0x0001cb74   Section        0  softdevice_handler.o(i.sd_nvic_EnableIRQ)
    sd_nvic_EnableIRQ                        0x0001cb75   Thumb Code   112  softdevice_handler.o(i.sd_nvic_EnableIRQ)
    i.service_data_encode                    0x0001cbf8   Section        0  ble_advdata.o(i.service_data_encode)
    service_data_encode                      0x0001cbf9   Thumb Code   142  ble_advdata.o(i.service_data_encode)
    i.softdevice_ble_evt_handler_set         0x0001cc88   Section        0  softdevice_handler.o(i.softdevice_ble_evt_handler_set)
    i.softdevice_enable                      0x0001cc9c   Section        0  softdevice_handler.o(i.softdevice_enable)
    i.softdevice_enable_get_default_config   0x0001ccb0   Section        0  softdevice_handler.o(i.softdevice_enable_get_default_config)
    i.softdevice_fault_handler               0x0001ccd8   Section        0  softdevice_handler.o(i.softdevice_fault_handler)
    i.softdevice_handler_init                0x0001cce0   Section        0  softdevice_handler.o(i.softdevice_handler_init)
    i.softdevice_handler_is_enabled          0x0001cd38   Section        0  softdevice_handler.o(i.softdevice_handler_is_enabled)
    i.timer_list_handler                     0x0001cd44   Section        0  app_timer.o(i.timer_list_handler)
    timer_list_handler                       0x0001cd45   Thumb Code   128  app_timer.o(i.timer_list_handler)
    i.timer_list_handler_sched               0x0001cdc8   Section        0  app_timer.o(i.timer_list_handler_sched)
    timer_list_handler_sched                 0x0001cdc9   Thumb Code    10  app_timer.o(i.timer_list_handler_sched)
    i.timer_list_insert                      0x0001cdd8   Section        0  app_timer.o(i.timer_list_insert)
    timer_list_insert                        0x0001cdd9   Thumb Code    60  app_timer.o(i.timer_list_insert)
    i.timer_stop_op_schedule                 0x0001ce18   Section        0  app_timer.o(i.timer_stop_op_schedule)
    timer_stop_op_schedule                   0x0001ce19   Thumb Code    68  app_timer.o(i.timer_stop_op_schedule)
    i.timer_timeouts_check                   0x0001ce60   Section        0  app_timer.o(i.timer_timeouts_check)
    timer_timeouts_check                     0x0001ce61   Thumb Code   118  app_timer.o(i.timer_timeouts_check)
    i.tx_byte                                0x0001cee0   Section        0  nrf_drv_uart.o(i.tx_byte)
    tx_byte                                  0x0001cee1   Thumb Code    30  nrf_drv_uart.o(i.tx_byte)
    i.tx_done_event                          0x0001cefe   Section        0  nrf_drv_uart.o(i.tx_done_event)
    tx_done_event                            0x0001ceff   Thumb Code    24  nrf_drv_uart.o(i.tx_done_event)
    i.uart_irq_handler                       0x0001cf16   Section        0  nrf_drv_uart.o(i.uart_irq_handler)
    uart_irq_handler                         0x0001cf17   Thumb Code   296  nrf_drv_uart.o(i.uart_irq_handler)
    i.uint16_encode                          0x0001d03e   Section        0  ble_advdata.o(i.uint16_encode)
    uint16_encode                            0x0001d03f   Thumb Code    10  ble_advdata.o(i.uint16_encode)
    i.update_timeout_handler                 0x0001d048   Section        0  ble_conn_params.o(i.update_timeout_handler)
    update_timeout_handler                   0x0001d049   Thumb Code    86  ble_conn_params.o(i.update_timeout_handler)
    i.user_op_alloc                          0x0001d0ac   Section        0  app_timer.o(i.user_op_alloc)
    user_op_alloc                            0x0001d0ad   Thumb Code    40  app_timer.o(i.user_op_alloc)
    i.uuid_list_encode                       0x0001d0d8   Section        0  ble_advdata.o(i.uuid_list_encode)
    uuid_list_encode                         0x0001d0d9   Thumb Code    48  ble_advdata.o(i.uuid_list_encode)
    i.uuid_list_sized_encode                 0x0001d108   Section        0  ble_advdata.o(i.uuid_list_sized_encode)
    uuid_list_sized_encode                   0x0001d109   Thumb Code   174  ble_advdata.o(i.uuid_list_sized_encode)
    .constdata                               0x0001d1b8   Section        8  main.o(.constdata)
    .constdata                               0x0001d1c0   Section        4  boards.o(.constdata)
    m_board_led_list                         0x0001d1c0   Data           2  boards.o(.constdata)
    m_board_btn_list                         0x0001d1c2   Data           2  boards.o(.constdata)
    .constdata                               0x0001d1c4   Section        4  ble_conn_params.o(.constdata)
    m_conn_params_timer_id                   0x0001d1c4   Data           4  ble_conn_params.o(.constdata)
    .constdata                               0x0001d1c8   Section       16  ble_lbs.o(.constdata)
    .constdata                               0x0001d1d8   Section        4  nrf_drv_gpiote.o(.constdata)
    .constdata                               0x0001d1dc   Section        8  app_button.o(.constdata)
    m_detection_delay_timer_id               0x0001d1dc   Data           4  app_button.o(.constdata)
    .data                                    0x20001fe8   Section       12  main.o(.data)
    m_conn_handle                            0x20001fe8   Data           2  main.o(.data)
    buttons                                  0x20001fec   Data           8  main.o(.data)
    .data                                    0x20001ff4   Section        4  system_nrf51.o(.data)
    __tagsym$$used                           0x20001ff4   Number         0  system_nrf51.o(.data)
    .data                                    0x20001ff8   Section       20  ble_conn_params.o(.data)
    m_change_param                           0x20001ff8   Data           1  ble_conn_params.o(.data)
    m_update_count                           0x20001ff9   Data           1  ble_conn_params.o(.data)
    m_conn_handle                            0x20001ffa   Data           2  ble_conn_params.o(.data)
    m_preferred_conn_params                  0x20001ffc   Data           8  ble_conn_params.o(.data)
    m_current_conn_params                    0x20002004   Data           8  ble_conn_params.o(.data)
    .data                                    0x2000200c   Section       20  app_button.o(.data)
    m_button_count                           0x2000200c   Data           1  app_button.o(.data)
    mp_buttons                               0x20002010   Data           4  app_button.o(.data)
    m_detection_delay                        0x20002014   Data           4  app_button.o(.data)
    m_pin_state                              0x20002018   Data           4  app_button.o(.data)
    m_pin_transition                         0x2000201c   Data           4  app_button.o(.data)
    .data                                    0x20002020   Section       32  app_timer.o(.data)
    m_ticks_elapsed_q_read_ind               0x20002020   Data           1  app_timer.o(.data)
    m_ticks_elapsed_q_write_ind              0x20002021   Data           1  app_timer.o(.data)
    m_rtc1_running                           0x20002022   Data           1  app_timer.o(.data)
    m_rtc1_reset                             0x20002023   Data           1  app_timer.o(.data)
    mp_timer_id_head                         0x20002024   Data           4  app_timer.o(.data)
    m_ticks_latest                           0x20002028   Data           4  app_timer.o(.data)
    m_evt_schedule_func                      0x2000202c   Data           4  app_timer.o(.data)
    m_op_queue                               0x20002030   Data           8  app_timer.o(.data)
    m_ticks_elapsed                          0x20002038   Data           8  app_timer.o(.data)
    .data                                    0x20002040   Section       12  app_util_platform.o(.data)
    m_in_critical_region                     0x20002040   Data           4  app_util_platform.o(.data)
    .data                                    0x2000204c   Section       20  softdevice_handler.o(.data)
    m_softdevice_enabled                     0x2000204c   Data           1  softdevice_handler.o(.data)
    m_suspended                              0x2000204d   Data           1  softdevice_handler.o(.data)
    m_ble_evt_buffer_size                    0x2000204e   Data           2  softdevice_handler.o(.data)
    m_evt_schedule_func                      0x20002050   Data           4  softdevice_handler.o(.data)
    mp_ble_evt_buffer                        0x20002054   Data           4  softdevice_handler.o(.data)
    m_ble_evt_handler                        0x20002058   Data           4  softdevice_handler.o(.data)
    m_sys_evt_handler                        0x2000205c   Data           4  softdevice_handler.o(.data)
    .bss                                     0x20002060   Section      220  main.o(.bss)
    APP_TIMER_BUF                            0x20002060   Data         120  main.o(.bss)
    BLE_EVT_BUFFER                           0x200020d8   Data          72  main.o(.bss)
    m_lbs                                    0x20002120   Data          28  main.o(.bss)
    .bss                                     0x2000213c   Section       32  ble_conn_params.o(.bss)
    m_conn_params_timer_id_data              0x2000213c   Data          32  ble_conn_params.o(.bss)
    .bss                                     0x2000215c   Section       28  ble_conn_params.o(.bss)
    m_conn_params_config                     0x2000215c   Data          28  ble_conn_params.o(.bss)
    .bss                                     0x20002178   Section       20  nrf_drv_clock.o(.bss)
    m_clock_cb                               0x20002178   Data          20  nrf_drv_clock.o(.bss)
    .bss                                     0x2000218c   Section       72  nrf_drv_gpiote.o(.bss)
    m_cb                                     0x2000218c   Data          72  nrf_drv_gpiote.o(.bss)
    .bss                                     0x200021d4   Section       28  nrf_drv_uart.o(.bss)
    m_cb                                     0x200021d4   Data          28  nrf_drv_uart.o(.bss)
    .bss                                     0x200021f0   Section       32  app_button.o(.bss)
    m_detection_delay_timer_id_data          0x200021f0   Data          32  app_button.o(.bss)
    STACK                                    0x20002210   Section     2048  arm_startup_nrf51.o(STACK)

    Global Symbols

    Symbol Name                              Value     Ov Type        Size  Object(Section)

    BuildAttributes$$THM_ISAv3M$S$PE$A:L22$X:L11$S22$IEEE1$IW$USESV6$~STKCKD$USESV7$~SHL$OSPACE$EBA8$MICROLIB$REQ8$PRES8$EABIv2 0x00000000   Number         0  anon$$obj.o ABSOLUTE
    __ARM_use_no_argv                        0x00000000   Number         0  main.o ABSOLUTE
    __cpp_initialize__aeabi_                  - Undefined Weak Reference
    __cxa_finalize                            - Undefined Weak Reference
    __decompress                              - Undefined Weak Reference
    _clock_init                               - Undefined Weak Reference
    _microlib_exit                            - Undefined Weak Reference
    __Vectors_Size                           0x000000c0   Number         0  arm_startup_nrf51.o ABSOLUTE
    __Vectors                                0x0001b000   Data           4  arm_startup_nrf51.o(RESET)
    __Vectors_End                            0x0001b0c0   Data           0  arm_startup_nrf51.o(RESET)
    __main                                   0x0001b0c1   Thumb Code     0  entry.o(.ARM.Collect$$$$00000000)
    _main_stk                                0x0001b0c1   Thumb Code     0  entry2.o(.ARM.Collect$$$$00000001)
    _main_scatterload                        0x0001b0c5   Thumb Code     0  entry5.o(.ARM.Collect$$$$00000004)
    __main_after_scatterload                 0x0001b0c9   Thumb Code     0  entry5.o(.ARM.Collect$$$$00000004)
    _main_clock                              0x0001b0c9   Thumb Code     0  entry7b.o(.ARM.Collect$$$$00000008)
    _main_cpp_init                           0x0001b0c9   Thumb Code     0  entry8b.o(.ARM.Collect$$$$0000000A)
    _main_init                               0x0001b0c9   Thumb Code     0  entry9a.o(.ARM.Collect$$$$0000000B)
    __rt_final_cpp                           0x0001b0d1   Thumb Code     0  entry10a.o(.ARM.Collect$$$$0000000D)
    __rt_final_exit                          0x0001b0d1   Thumb Code     0  entry11a.o(.ARM.Collect$$$$0000000F)
    Reset_Handler                            0x0001b0d5   Thumb Code    26  arm_startup_nrf51.o(.text)
    NMI_Handler                              0x0001b0ef   Thumb Code     2  arm_startup_nrf51.o(.text)
    HardFault_Handler                        0x0001b0f1   Thumb Code     2  arm_startup_nrf51.o(.text)
    SVC_Handler                              0x0001b0f3   Thumb Code     2  arm_startup_nrf51.o(.text)
    PendSV_Handler                           0x0001b0f5   Thumb Code     2  arm_startup_nrf51.o(.text)
    SysTick_Handler                          0x0001b0f7   Thumb Code     2  arm_startup_nrf51.o(.text)
    ADC_IRQHandler                           0x0001b0f9   Thumb Code     0  arm_startup_nrf51.o(.text)
    CCM_AAR_IRQHandler                       0x0001b0f9   Thumb Code     0  arm_startup_nrf51.o(.text)
    ECB_IRQHandler                           0x0001b0f9   Thumb Code     0  arm_startup_nrf51.o(.text)
    LPCOMP_IRQHandler                        0x0001b0f9   Thumb Code     0  arm_startup_nrf51.o(.text)
    QDEC_IRQHandler                          0x0001b0f9   Thumb Code     0  arm_startup_nrf51.o(.text)
    RADIO_IRQHandler                         0x0001b0f9   Thumb Code     0  arm_startup_nrf51.o(.text)
    RNG_IRQHandler                           0x0001b0f9   Thumb Code     0  arm_startup_nrf51.o(.text)
    RTC0_IRQHandler                          0x0001b0f9   Thumb Code     0  arm_startup_nrf51.o(.text)
    SPI0_TWI0_IRQHandler                     0x0001b0f9   Thumb Code     0  arm_startup_nrf51.o(.text)
    SPI1_TWI1_IRQHandler                     0x0001b0f9   Thumb Code     0  arm_startup_nrf51.o(.text)
    SWI1_IRQHandler                          0x0001b0f9   Thumb Code     0  arm_startup_nrf51.o(.text)
    SWI3_IRQHandler                          0x0001b0f9   Thumb Code     0  arm_startup_nrf51.o(.text)
    SWI4_IRQHandler                          0x0001b0f9   Thumb Code     0  arm_startup_nrf51.o(.text)
    SWI5_IRQHandler                          0x0001b0f9   Thumb Code     0  arm_startup_nrf51.o(.text)
    TEMP_IRQHandler                          0x0001b0f9   Thumb Code     0  arm_startup_nrf51.o(.text)
    TIMER0_IRQHandler                        0x0001b0f9   Thumb Code     0  arm_startup_nrf51.o(.text)
    TIMER1_IRQHandler                        0x0001b0f9   Thumb Code     0  arm_startup_nrf51.o(.text)
    TIMER2_IRQHandler                        0x0001b0f9   Thumb Code     0  arm_startup_nrf51.o(.text)
    WDT_IRQHandler                           0x0001b0f9   Thumb Code     0  arm_startup_nrf51.o(.text)
    __aeabi_memcpy                           0x0001b10d   Thumb Code    36  memcpya.o(.text)
    __aeabi_memcpy4                          0x0001b10d   Thumb Code     0  memcpya.o(.text)
    __aeabi_memcpy8                          0x0001b10d   Thumb Code     0  memcpya.o(.text)
    __aeabi_memset                           0x0001b131   Thumb Code    14  memseta.o(.text)
    __aeabi_memset4                          0x0001b131   Thumb Code     0  memseta.o(.text)
    __aeabi_memset8                          0x0001b131   Thumb Code     0  memseta.o(.text)
    __aeabi_memclr                           0x0001b13f   Thumb Code     4  memseta.o(.text)
    __aeabi_memclr4                          0x0001b13f   Thumb Code     0  memseta.o(.text)
    __aeabi_memclr8                          0x0001b13f   Thumb Code     0  memseta.o(.text)
    _memset$wrapper                          0x0001b143   Thumb Code    18  memseta.o(.text)
    __scatterload                            0x0001b155   Thumb Code    28  init.o(.text)
    __scatterload_rt2                        0x0001b155   Thumb Code     0  init.o(.text)
    GPIOTE_IRQHandler                        0x0001b179   Thumb Code   364  nrf_drv_gpiote.o(i.GPIOTE_IRQHandler)
    POWER_CLOCK_IRQHandler                   0x0001b335   Thumb Code    70  nrf_drv_clock.o(i.POWER_CLOCK_IRQHandler)
    RTC1_IRQHandler                          0x0001b389   Thumb Code    28  app_timer.o(i.RTC1_IRQHandler)
    SWI0_IRQHandler                          0x0001b3a9   Thumb Code     8  app_timer.o(i.SWI0_IRQHandler)
    SWI2_IRQHandler                          0x0001b3b1   Thumb Code    28  softdevice_handler.o(i.SWI2_IRQHandler)
    SystemInit                               0x0001b3d1   Thumb Code   130  system_nrf51.o(i.SystemInit)
    UART0_IRQHandler                         0x0001b471   Thumb Code    12  nrf_drv_uart.o(i.UART0_IRQHandler)
    __scatterload_copy                       0x0001b485   Thumb Code    14  handlers.o(i.__scatterload_copy)
    __scatterload_null                       0x0001b493   Thumb Code     2  handlers.o(i.__scatterload_null)
    __scatterload_zeroinit                   0x0001b495   Thumb Code    14  handlers.o(i.__scatterload_zeroinit)
    adv_data_encode                          0x0001b4c1   Thumb Code   398  ble_advdata.o(i.adv_data_encode)
    app_button_disable                       0x0001b681   Thumb Code    36  app_button.o(i.app_button_disable)
    app_button_enable                        0x0001b6ad   Thumb Code    32  app_button.o(i.app_button_enable)
    app_button_init                          0x0001b6d1   Thumb Code   100  app_button.o(i.app_button_init)
    app_error_fault_handler                  0x0001b745   Thumb Code    16  app_error_weak.o(i.app_error_fault_handler)
    app_error_handler_bare                   0x0001b75d   Thumb Code    20  app_error.o(i.app_error_handler_bare)
    app_timer_create                         0x0001b775   Thumb Code    40  app_timer.o(i.app_timer_create)
    app_timer_init                           0x0001b7a1   Thumb Code    98  app_timer.o(i.app_timer_init)
    app_timer_start                          0x0001b815   Thumb Code   128  app_timer.o(i.app_timer_start)
    app_timer_stop                           0x0001b89d   Thumb Code    36  app_timer.o(i.app_timer_stop)
    app_util_critical_region_enter           0x0001b8c5   Thumb Code    48  app_util_platform.o(i.app_util_critical_region_enter)
    app_util_critical_region_exit            0x0001b901   Thumb Code    36  app_util_platform.o(i.app_util_critical_region_exit)
    ble_advdata_set                          0x0001b92d   Thumb Code   104  ble_advdata.o(i.ble_advdata_set)
    ble_conn_params_init                     0x0001b995   Thumb Code    68  ble_conn_params.o(i.ble_conn_params_init)
    ble_conn_params_on_ble_evt               0x0001b9e9   Thumb Code   130  ble_conn_params.o(i.ble_conn_params_on_ble_evt)
    ble_lbs_init                             0x0001baf5   Thumb Code    86  ble_lbs.o(i.ble_lbs_init)
    ble_lbs_on_ble_evt                       0x0001bb55   Thumb Code    52  ble_lbs.o(i.ble_lbs_on_ble_evt)
    ble_lbs_on_button_change                 0x0001bb89   Thumb Code    46  ble_lbs.o(i.ble_lbs_on_button_change)
    ble_srv_is_notification_enabled          0x0001bbb7   Thumb Code    14  ble_srv_common.o(i.ble_srv_is_notification_enabled)
    bsp_board_led_off                        0x0001bbc5   Thumb Code    14  boards.o(i.bsp_board_led_off)
    bsp_board_led_on                         0x0001bbd9   Thumb Code    14  boards.o(i.bsp_board_led_on)
    bsp_board_leds_init                      0x0001bbed   Thumb Code    36  boards.o(i.bsp_board_leds_init)
    bsp_board_leds_off                       0x0001bc15   Thumb Code    18  boards.o(i.bsp_board_leds_off)
    intern_softdevice_events_execute         0x0001c025   Thumb Code   122  softdevice_handler.o(i.intern_softdevice_events_execute)
    main                                     0x0001c311   Thumb Code   332  main.o(i.main)
    nrf_drv_clock_init                       0x0001c5e5   Thumb Code    60  nrf_drv_clock.o(i.nrf_drv_clock_init)
    nrf_drv_clock_on_sd_enable               0x0001c62d   Thumb Code    46  nrf_drv_clock.o(i.nrf_drv_clock_on_sd_enable)
    nrf_drv_clock_on_soc_event               0x0001c661   Thumb Code    12  nrf_drv_clock.o(i.nrf_drv_clock_on_soc_event)
    nrf_drv_common_irq_enable                0x0001c66d   Thumb Code    78  nrf_drv_common.o(i.nrf_drv_common_irq_enable)
    nrf_drv_gpiote_in_event_disable          0x0001c6cd   Thumb Code    62  nrf_drv_gpiote.o(i.nrf_drv_gpiote_in_event_disable)
    nrf_drv_gpiote_in_event_enable           0x0001c715   Thumb Code   136  nrf_drv_gpiote.o(i.nrf_drv_gpiote_in_event_enable)
    nrf_drv_gpiote_in_init                   0x0001c7ad   Thumb Code   154  nrf_drv_gpiote.o(i.nrf_drv_gpiote_in_init)
    nrf_drv_gpiote_in_is_set                 0x0001c855   Thumb Code    16  nrf_drv_gpiote.o(i.nrf_drv_gpiote_in_is_set)
    nrf_drv_gpiote_init                      0x0001c869   Thumb Code    84  nrf_drv_gpiote.o(i.nrf_drv_gpiote_init)
    nrf_drv_gpiote_is_init                   0x0001c8c5   Thumb Code    12  nrf_drv_gpiote.o(i.nrf_drv_gpiote_is_init)
    softdevice_ble_evt_handler_set           0x0001cc89   Thumb Code    16  softdevice_handler.o(i.softdevice_ble_evt_handler_set)
    softdevice_enable                        0x0001cc9d   Thumb Code    14  softdevice_handler.o(i.softdevice_enable)
    softdevice_enable_get_default_config     0x0001ccb1   Thumb Code    40  softdevice_handler.o(i.softdevice_enable_get_default_config)
    softdevice_fault_handler                 0x0001ccd9   Thumb Code     8  softdevice_handler.o(i.softdevice_fault_handler)
    softdevice_handler_init                  0x0001cce1   Thumb Code    74  softdevice_handler.o(i.softdevice_handler_init)
    softdevice_handler_is_enabled            0x0001cd39   Thumb Code     6  softdevice_handler.o(i.softdevice_handler_is_enabled)
    Region$$Table$$Base                      0x0001d1e4   Number         0  anon$$obj.o(Region$$Table)
    Region$$Table$$Limit                     0x0001d204   Number         0  anon$$obj.o(Region$$Table)
    Image$$RW_IRAM1$$Base                    0x20001fe8   Number         0  anon$$obj.o ABSOLUTE
    SystemCoreClock                          0x20001ff4   Data           4  system_nrf51.o(.data)
    nrf_nvic_state                           0x20002044   Data           8  app_util_platform.o(.data)
    __initial_sp                             0x20002a10   Data           0  arm_startup_nrf51.o(STACK)



==============================================================================

Memory Map of the image

  Image Entry point : 0x0001b0c1

  Load Region LR_IROM1 (Base: 0x0001b000, Size: 0x0000227c, Max: 0x00025000, ABSOLUTE)

    Execution Region ER_IROM1 (Base: 0x0001b000, Size: 0x00002204, Max: 0x00025000, ABSOLUTE)

    Base Addr    Size         Type   Attr      Idx    E Section Name        Object

    0x0001b000   0x000000c0   Data   RO          513    RESET               arm_startup_nrf51.o
    0x0001b0c0   0x00000000   Code   RO         2101  * .ARM.Collect$$$$00000000  mc_p.l(entry.o)
    0x0001b0c0   0x00000004   Code   RO         2116    .ARM.Collect$$$$00000001  mc_p.l(entry2.o)
    0x0001b0c4   0x00000004   Code   RO         2119    .ARM.Collect$$$$00000004  mc_p.l(entry5.o)
    0x0001b0c8   0x00000000   Code   RO         2121    .ARM.Collect$$$$00000008  mc_p.l(entry7b.o)
    0x0001b0c8   0x00000000   Code   RO         2123    .ARM.Collect$$$$0000000A  mc_p.l(entry8b.o)
    0x0001b0c8   0x00000008   Code   RO         2124    .ARM.Collect$$$$0000000B  mc_p.l(entry9a.o)
    0x0001b0d0   0x00000000   Code   RO         2126    .ARM.Collect$$$$0000000D  mc_p.l(entry10a.o)
    0x0001b0d0   0x00000000   Code   RO         2128    .ARM.Collect$$$$0000000F  mc_p.l(entry11a.o)
    0x0001b0d0   0x00000004   Code   RO         2117    .ARM.Collect$$$$00002712  mc_p.l(entry2.o)
    0x0001b0d4   0x00000038   Code   RO          514    .text               arm_startup_nrf51.o
    0x0001b10c   0x00000024   Code   RO         2106    .text               mc_p.l(memcpya.o)
    0x0001b130   0x00000024   Code   RO         2108    .text               mc_p.l(memseta.o)
    0x0001b154   0x00000024   Code   RO         2130    .text               mc_p.l(init.o)
    0x0001b178   0x00000178   Code   RO         1033    i.GPIOTE_IRQHandler  nrf_drv_gpiote.o
    0x0001b2f0   0x00000044   Code   RO         1551    i.NVIC_SetPriority  app_timer.o
    0x0001b334   0x00000054   Code   RO          817    i.POWER_CLOCK_IRQHandler  nrf_drv_clock.o
    0x0001b388   0x00000020   Code   RO         1552    i.RTC1_IRQHandler   app_timer.o
    0x0001b3a8   0x00000008   Code   RO         1553    i.SWI0_IRQHandler   app_timer.o
    0x0001b3b0   0x00000020   Code   RO         1970    i.SWI2_IRQHandler   softdevice_handler.o
    0x0001b3d0   0x000000a0   Code   RO          521    i.SystemInit        system_nrf51.o
    0x0001b470   0x00000014   Code   RO         1248    i.UART0_IRQHandler  nrf_drv_uart.o
    0x0001b484   0x0000000e   Code   RO         2134    i.__scatterload_copy  mc_p.l(handlers.o)
    0x0001b492   0x00000002   Code   RO         2135    i.__scatterload_null  mc_p.l(handlers.o)
    0x0001b494   0x0000000e   Code   RO         2136    i.__scatterload_zeroinit  mc_p.l(handlers.o)
    0x0001b4a2   0x00000002   PAD
    0x0001b4a4   0x0000001c   Code   RO         1971    i.__sd_nvic_app_accessible_irq  softdevice_handler.o
    0x0001b4c0   0x0000018e   Code   RO          557    i.adv_data_encode   ble_advdata.o
    0x0001b64e   0x00000032   Code   RO            3    i.advertising_start  main.o
    0x0001b680   0x0000002c   Code   RO         1425    i.app_button_disable  app_button.o
    0x0001b6ac   0x00000024   Code   RO         1426    i.app_button_enable  app_button.o
    0x0001b6d0   0x00000074   Code   RO         1427    i.app_button_init   app_button.o
    0x0001b744   0x00000018   Code   RO         1528    i.app_error_fault_handler  app_error_weak.o
    0x0001b75c   0x00000018   Code   RO         1487    i.app_error_handler_bare  app_error.o
    0x0001b774   0x0000002c   Code   RO         1556    i.app_timer_create  app_timer.o
    0x0001b7a0   0x00000074   Code   RO         1557    i.app_timer_init    app_timer.o
    0x0001b814   0x00000088   Code   RO         1558    i.app_timer_start   app_timer.o
    0x0001b89c   0x00000028   Code   RO         1559    i.app_timer_stop    app_timer.o
    0x0001b8c4   0x0000003c   Code   RO         1696    i.app_util_critical_region_enter  app_util_platform.o
    0x0001b900   0x0000002c   Code   RO         1697    i.app_util_critical_region_exit  app_util_platform.o
    0x0001b92c   0x00000068   Code   RO          558    i.ble_advdata_set   ble_advdata.o
    0x0001b994   0x00000054   Code   RO          649    i.ble_conn_params_init  ble_conn_params.o
    0x0001b9e8   0x00000090   Code   RO          650    i.ble_conn_params_on_ble_evt  ble_conn_params.o
    0x0001ba78   0x0000005e   Code   RO          559    i.ble_device_addr_encode  ble_advdata.o
    0x0001bad6   0x00000002   PAD
    0x0001bad8   0x0000001c   Code   RO            5    i.ble_evt_dispatch  main.o
    0x0001baf4   0x00000060   Code   RO          771    i.ble_lbs_init      ble_lbs.o
    0x0001bb54   0x00000034   Code   RO          772    i.ble_lbs_on_ble_evt  ble_lbs.o
    0x0001bb88   0x0000002e   Code   RO          773    i.ble_lbs_on_button_change  ble_lbs.o
    0x0001bbb6   0x0000000e   Code   RO          718    i.ble_srv_is_notification_enabled  ble_srv_common.o
    0x0001bbc4   0x00000014   Code   RO          259    i.bsp_board_led_off  boards.o
    0x0001bbd8   0x00000014   Code   RO          260    i.bsp_board_led_on  boards.o
    0x0001bbec   0x00000028   Code   RO          262    i.bsp_board_leds_init  boards.o
    0x0001bc14   0x00000012   Code   RO          263    i.bsp_board_leds_off  boards.o
    0x0001bc26   0x00000002   PAD
    0x0001bc28   0x000000a8   Code   RO          774    i.button_char_add   ble_lbs.o
    0x0001bcd0   0x00000028   Code   RO            6    i.button_event_handler  main.o
    0x0001bcf8   0x0000001c   Code   RO         1034    i.channel_free      nrf_drv_gpiote.o
    0x0001bd14   0x00000048   Code   RO         1035    i.channel_port_alloc  nrf_drv_gpiote.o
    0x0001bd5c   0x00000010   Code   RO         1036    i.channel_port_get  nrf_drv_gpiote.o
    0x0001bd6c   0x00000028   Code   RO          818    i.clock_clk_started_notify  nrf_drv_clock.o
    0x0001bd94   0x000000a8   Code   RO         1561    i.compare_reg_update  app_timer.o
    0x0001be3c   0x00000088   Code   RO          560    i.conn_int_encode   ble_advdata.o
    0x0001bec4   0x00000008   Code   RO            7    i.conn_params_error_handler  main.o
    0x0001becc   0x00000068   Code   RO          652    i.conn_params_negotiation  ble_conn_params.o
    0x0001bf34   0x00000060   Code   RO         1429    i.detection_delay_timeout_handler  app_button.o
    0x0001bf94   0x00000040   Code   RO         1562    i.elapsed_ticks_acquire  app_timer.o
    0x0001bfd4   0x00000050   Code   RO         1430    i.gpiote_event_handler  app_button.o
    0x0001c024   0x00000080   Code   RO         1972    i.intern_softdevice_events_execute  softdevice_handler.o
    0x0001c0a4   0x0000001c   Code   RO          653    i.is_conn_params_ok  ble_conn_params.o
    0x0001c0c0   0x00000048   Code   RO          522    i.is_manual_peripheral_setup_needed  system_nrf51.o
    0x0001c108   0x00000088   Code   RO          775    i.led_char_add      ble_lbs.o
    0x0001c190   0x00000016   Code   RO            8    i.led_write_handler  main.o
    0x0001c1a6   0x00000002   PAD
    0x0001c1a8   0x000000ac   Code   RO         1563    i.list_deletions_handler  app_timer.o
    0x0001c254   0x000000bc   Code   RO         1564    i.list_insertions_handler  app_timer.o
    0x0001c310   0x0000017c   Code   RO            9    i.main              main.o
    0x0001c48c   0x00000068   Code   RO          561    i.manuf_specific_data_encode  ble_advdata.o
    0x0001c4f4   0x0000009e   Code   RO          562    i.name_encode       ble_advdata.o
    0x0001c592   0x00000010   Code   RO         1037    i.nrf_bitmask_bit_is_set  nrf_drv_gpiote.o
    0x0001c5a2   0x00000010   Code   RO          822    i.nrf_clock_event_check  nrf_drv_clock.o
    0x0001c5b2   0x00000002   PAD
    0x0001c5b4   0x00000030   Code   RO         1565    i.nrf_delay_us      app_timer.o
    0x0001c5e4   0x00000048   Code   RO          829    i.nrf_drv_clock_init  nrf_drv_clock.o
    0x0001c62c   0x00000034   Code   RO          836    i.nrf_drv_clock_on_sd_enable  nrf_drv_clock.o
    0x0001c660   0x0000000c   Code   RO          837    i.nrf_drv_clock_on_soc_event  nrf_drv_clock.o
    0x0001c66c   0x00000060   Code   RO          992    i.nrf_drv_common_irq_enable  nrf_drv_common.o
    0x0001c6cc   0x00000048   Code   RO         1039    i.nrf_drv_gpiote_in_event_disable  nrf_drv_gpiote.o
    0x0001c714   0x00000098   Code   RO         1040    i.nrf_drv_gpiote_in_event_enable  nrf_drv_gpiote.o
    0x0001c7ac   0x000000a8   Code   RO         1041    i.nrf_drv_gpiote_in_init  nrf_drv_gpiote.o
    0x0001c854   0x00000014   Code   RO         1042    i.nrf_drv_gpiote_in_is_set  nrf_drv_gpiote.o
    0x0001c868   0x0000005c   Code   RO         1044    i.nrf_drv_gpiote_init  nrf_drv_gpiote.o
    0x0001c8c4   0x00000010   Code   RO         1045    i.nrf_drv_gpiote_is_init  nrf_drv_gpiote.o
    0x0001c8d4   0x00000028   Code   RO          267    i.nrf_gpio_cfg      boards.o
    0x0001c8fc   0x00000028   Code   RO         1057    i.nrf_gpio_cfg      nrf_drv_gpiote.o
    0x0001c924   0x00000022   Code   RO         1059    i.nrf_gpio_cfg_sense_set  nrf_drv_gpiote.o
    0x0001c946   0x00000002   PAD
    0x0001c948   0x00000018   Code   RO          268    i.nrf_gpio_pin_write  boards.o
    0x0001c960   0x00000028   Code   RO         1060    i.nrf_gpio_ports_read  nrf_drv_gpiote.o
    0x0001c988   0x00000010   Code   RO         1061    i.nrf_gpiote_event_clear  nrf_drv_gpiote.o
    0x0001c998   0x00000014   Code   RO         1062    i.nrf_gpiote_event_is_set  nrf_drv_gpiote.o
    0x0001c9ac   0x0000000a   Code   RO         1266    i.nrf_uart_event_check  nrf_drv_uart.o
    0x0001c9b6   0x00000010   Code   RO         1267    i.nrf_uart_int_enable_check  nrf_drv_uart.o
    0x0001c9c6   0x00000002   PAD
    0x0001c9c8   0x000000dc   Code   RO           10    i.on_ble_evt        main.o
    0x0001caa4   0x00000020   Code   RO           11    i.on_conn_params_evt  main.o
    0x0001cac4   0x00000018   Code   RO         1063    i.pin_in_use_by_port  nrf_drv_gpiote.o
    0x0001cadc   0x00000018   Code   RO         1064    i.pin_in_use_by_te  nrf_drv_gpiote.o
    0x0001caf4   0x00000044   Code   RO         1566    i.rtc1_stop         app_timer.o
    0x0001cb38   0x00000026   Code   RO         1268    i.rx_byte           nrf_drv_uart.o
    0x0001cb5e   0x00000014   Code   RO         1269    i.rx_done_event     nrf_drv_uart.o
    0x0001cb72   0x00000002   PAD
    0x0001cb74   0x00000084   Code   RO         1974    i.sd_nvic_EnableIRQ  softdevice_handler.o
    0x0001cbf8   0x0000008e   Code   RO          563    i.service_data_encode  ble_advdata.o
    0x0001cc86   0x00000002   PAD
    0x0001cc88   0x00000014   Code   RO         1975    i.softdevice_ble_evt_handler_set  softdevice_handler.o
    0x0001cc9c   0x00000014   Code   RO         1976    i.softdevice_enable  softdevice_handler.o
    0x0001ccb0   0x00000028   Code   RO         1977    i.softdevice_enable_get_default_config  softdevice_handler.o
    0x0001ccd8   0x00000008   Code   RO         1978    i.softdevice_fault_handler  softdevice_handler.o
    0x0001cce0   0x00000058   Code   RO         1979    i.softdevice_handler_init  softdevice_handler.o
    0x0001cd38   0x0000000c   Code   RO         1980    i.softdevice_handler_is_enabled  softdevice_handler.o
    0x0001cd44   0x00000084   Code   RO         1567    i.timer_list_handler  app_timer.o
    0x0001cdc8   0x00000010   Code   RO         1568    i.timer_list_handler_sched  app_timer.o
    0x0001cdd8   0x00000040   Code   RO         1569    i.timer_list_insert  app_timer.o
    0x0001ce18   0x00000048   Code   RO         1570    i.timer_stop_op_schedule  app_timer.o
    0x0001ce60   0x00000080   Code   RO         1571    i.timer_timeouts_check  app_timer.o
    0x0001cee0   0x0000001e   Code   RO         1271    i.tx_byte           nrf_drv_uart.o
    0x0001cefe   0x00000018   Code   RO         1272    i.tx_done_event     nrf_drv_uart.o
    0x0001cf16   0x00000128   Code   RO         1273    i.uart_irq_handler  nrf_drv_uart.o
    0x0001d03e   0x0000000a   Code   RO          564    i.uint16_encode     ble_advdata.o
    0x0001d048   0x00000064   Code   RO          654    i.update_timeout_handler  ble_conn_params.o
    0x0001d0ac   0x0000002c   Code   RO         1572    i.user_op_alloc     app_timer.o
    0x0001d0d8   0x00000030   Code   RO          565    i.uuid_list_encode  ble_advdata.o
    0x0001d108   0x000000ae   Code   RO          566    i.uuid_list_sized_encode  ble_advdata.o
    0x0001d1b6   0x00000002   PAD
    0x0001d1b8   0x00000008   Data   RO           13    .constdata          main.o
    0x0001d1c0   0x00000004   Data   RO          269    .constdata          boards.o
    0x0001d1c4   0x00000004   Data   RO          657    .constdata          ble_conn_params.o
    0x0001d1c8   0x00000010   Data   RO          776    .constdata          ble_lbs.o
    0x0001d1d8   0x00000004   Data   RO         1066    .constdata          nrf_drv_gpiote.o
    0x0001d1dc   0x00000008   Data   RO         1432    .constdata          app_button.o
    0x0001d1e4   0x00000020   Data   RO         2132    Region$$Table       anon$$obj.o


    Execution Region RW_IRAM1 (Base: 0x20001fe8, Size: 0x00000a28, Max: 0x00006018, ABSOLUTE)

    Base Addr    Size         Type   Attr      Idx    E Section Name        Object

    0x20001fe8   0x0000000c   Data   RW           14    .data               main.o
    0x20001ff4   0x00000004   Data   RW          523    .data               system_nrf51.o
    0x20001ff8   0x00000014   Data   RW          658    .data               ble_conn_params.o
    0x2000200c   0x00000014   Data   RW         1433    .data               app_button.o
    0x20002020   0x00000020   Data   RW         1573    .data               app_timer.o
    0x20002040   0x0000000c   Data   RW         1700    .data               app_util_platform.o
    0x2000204c   0x00000014   Data   RW         1986    .data               softdevice_handler.o
    0x20002060   0x000000dc   Zero   RW           12    .bss                main.o
    0x2000213c   0x00000020   Zero   RW          655    .bss                ble_conn_params.o
    0x2000215c   0x0000001c   Zero   RW          656    .bss                ble_conn_params.o
    0x20002178   0x00000014   Zero   RW          839    .bss                nrf_drv_clock.o
    0x2000218c   0x00000048   Zero   RW         1065    .bss                nrf_drv_gpiote.o
    0x200021d4   0x0000001c   Zero   RW         1274    .bss                nrf_drv_uart.o
    0x200021f0   0x00000020   Zero   RW         1431    .bss                app_button.o
    0x20002210   0x00000800   Zero   RW          511    STACK               arm_startup_nrf51.o


==============================================================================

Image component sizes


      Code (inc. data)   RO Data    RW Data    ZI Data      Debug   Object Name

       372         42          8         20         32       9379   app_button.o
        24          4          0          0          0       2153   app_error.o
        24          8          0          0          0       6306   app_error_weak.o
      1608        158          0         32          0      40571   app_timer.o
       104         20          0         12          0       5650   app_util_platform.o
        56         18        192          0       2048        752   arm_startup_nrf51.o
      1368          6          0          0          0      50128   ble_advdata.o
       460         60          4         20         60       6364   ble_conn_params.o
       498         22         16          0          0       5883   ble_lbs.o
        14          0          0          0          0       1402   ble_srv_common.o
       162         22          4          0          0       7822   boards.o
       780         72          8         12        220     100035   main.o
       276         38          0          0         20      12684   nrf_drv_clock.o
        96         18          0          0          0       6460   nrf_drv_common.o
      1226        110          4          0         72      27262   nrf_drv_gpiote.o
       454          8          0          0         28      15557   nrf_drv_uart.o
       508         66          0         20          0      19883   softdevice_handler.o
       232         36          0          4          0       2455   system_nrf51.o

    ----------------------------------------------------------------------
      8280        708        268        120       2480     320746   Object Totals
         0          0         32          0          0          0   (incl. Generated)
        18          0          0          0          0          0   (incl. Padding)

    ----------------------------------------------------------------------

      Code (inc. data)   RO Data    RW Data    ZI Data      Debug   Library Member Name

         0          0          0          0          0          0   entry.o
         0          0          0          0          0          0   entry10a.o
         0          0          0          0          0          0   entry11a.o
         8          4          0          0          0          0   entry2.o
         4          0          0          0          0          0   entry5.o
         0          0          0          0          0          0   entry7b.o
         0          0          0          0          0          0   entry8b.o
         8          4          0          0          0          0   entry9a.o
        30          0          0          0          0          0   handlers.o
        36          8          0          0          0         68   init.o
        36          0          0          0          0         60   memcpya.o
        36          0          0          0          0        100   memseta.o

    ----------------------------------------------------------------------
       160         16          0          0          0        228   Library Totals
         2          0          0          0          0          0   (incl. Padding)

    ----------------------------------------------------------------------

      Code (inc. data)   RO Data    RW Data    ZI Data      Debug   Library Name

       158         16          0          0          0        228   mc_p.l

    ----------------------------------------------------------------------
       160         16          0          0          0        228   Library Totals

    ----------------------------------------------------------------------

==============================================================================


      Code (inc. data)   RO Data    RW Data    ZI Data      Debug   

      8440        724        268        120       2480     316506   Grand Totals
      8440        724        268        120       2480     316506   ELF Image Totals
      8440        724        268        120          0          0   ROM Totals

==============================================================================

    Total RO  Size (Code + RO Data)                 8708 (   8.50kB)
    Total RW  Size (RW Data + ZI Data)              2600 (   2.54kB)
    Total ROM Size (Code + RO Data + RW Data)       8828 (   8.62kB)

==============================================================================

