<html>
<body>
<pre>
<h1>礦ision Build Log</h1>
<h2>Tool Versions:</h2>
IDE-Version: μVision V5.12.0.0
Copyright (C) 2014 ARM Ltd and ARM Germany GmbH. All rights reserved.
License Information: a Microsoft, Microsoft, LIC=EXJUH-W57R8-2ZJW4-FI5Y3-4VUYG-KH17Z
 
Tool Versions:
Toolchain:       MDK-ARM Standard  Version: 5.12.0.0
Toolchain Path:  D:\ARM_KEIL\ARM\ARMCC\Bin
C Compiler:      Armcc.exe V5.05 (build 41)
Assembler:       Armasm.exe V5.05 (build 41)
Linker/Locator:  ArmLink.exe V5.05 (build 41)
Library Manager: ArmAr.exe V5.05 (build 41)
Hex Converter:   FromElf.exe V5.05 (build 41)
CPU DLL:         
Dialog DLL:      
    Target DLL: Segger\JL2CM3.dll
Dialog DLL:      TARMCM1.DLL V1.08.00.0
 
<h2>Project:</h2>
E:\nrf51882_project\nRF5_SDK_12.3.0_d7731ad\examples\peripheral\测试方案4\pca10028\blank\arm4\uart_pca10028.uvproj
Project File Date:  08/05/2018

<h2>Output:</h2>
Rebuild target 'nrf51422_xxac'
compiling main.c...
..\..\..\main.c(258): warning:  #177-D: variable "arguments" was declared but never referenced
    static uint8_t arguments[6];  // ?????????????
..\..\..\main.c(420): warning:  #177-D: variable "ii" was declared but never referenced
                uint32_t ii,jj;
..\..\..\main.c(420): warning:  #177-D: variable "jj" was declared but never referenced
                uint32_t ii,jj;
..\..\..\main.c(421): warning:  #177-D: variable "pre_count" was declared but never referenced
                uint32_t pre_count;
..\..\..\main.c(422): warning:  #177-D: variable "post_count" was declared but never referenced
                uint32_t post_count;
..\..\..\main.c(423): warning:  #177-D: variable "diff_count" was declared but never referenced
                uint32_t diff_count;
..\..\..\main.c(424): warning:  #177-D: variable "temp" was declared but never referenced
                uint16_t temp;
..\..\..\main.c(426): warning:  #177-D: variable "TxBuf1" was declared but never referenced
                uint8_t TxBuf1[4];
..\..\..\main.c(78): warning:  #177-D: variable "m_sector_end" was declared but never referenced
  static uint8_t m_sector_end[] = {0xff};
..\..\..\main.c: 9 warnings, 0 errors
compiling boards.c...
assembling arm_startup_nrf51.s...
compiling system_nrf51.c...
compiling nrf_drv_common.c...
compiling nrf_drv_uart.c...
compiling nrf_drv_gpiote.c...
compiling nrf_drv_rtc.c...
compiling nrf_drv_clock.c...
compiling app_error.c...
compiling app_error_weak.c...
compiling app_fifo.c...
compiling app_uart_fifo.c...
compiling app_util_platform.c...
compiling nrf_assert.c...
compiling retarget.c...
compiling sdk_errors.c...
compiling nrf_log_backend_serial.c...
compiling nrf_log_frontend.c...
compiling RTT_Syscalls_KEIL.c...
compiling SEGGER_RTT.c...
compiling SEGGER_RTT_printf.c...
linking...
Program Size: Code=4056 RO-data=296 RW-data=68 ZI-data=10836  
FromELF: creating hex file...
".\_build\nrf51422_xxac.axf" - 0 Error(s), 9 Warning(s).
Load "E:\\nrf51882_project\\nRF5_SDK_12.3.0_d7731ad\\examples\\peripheral\\测试方案4\\pca10028\\blank\\arm4\\_build\\nrf51422_xxac.axf" 
Set JLink Project File to "E:\nrf51882_project\nRF5_SDK_12.3.0_d7731ad\examples\peripheral\测试方案4\pca10028\blank\arm4\JLinkSettings.ini"
* JLink Info: Device "NRF51422_XXAC" selected.
 
JLink info:
------------
DLL: V6.12a, compiled Dec  2 2016 16:44:26
Firmware: J-Link ARM-OB STM32 compiled Aug 22 2012 19:52:04
Hardware: V7.00
S/N : 20090928 
Feature(s) : RDI,FlashDL,FlashBP,JFlash,GDBFull 
 
* JLink Info: Found SWD-DP with ID 0x0BB11477
* JLink Info: AP-IDR: 0x04770021, Type: AHB-AP
* JLink Info: Found Cortex-M0 r0p0, Little endian.
* JLink Info: FPUnit: 4 code (BP) slots and 0 literal slots
* JLink Info: CoreSight components:
* JLink Info: ROMTbl 0 @ F0000000
* JLink Info: ROMTbl 0 [0]: F00FF000, CID: B105100D, PID: 000BB471 ROM Table
* JLink Info: ROMTbl 1 @ E00FF000
* JLink Info: ROMTbl 1 [0]: FFF0F000, CID: B105E00D, PID: 000BB008 SCS
* JLink Info: ROMTbl 1 [1]: FFF02000, CID: B105E00D, PID: 000BB00A DWT
* JLink Info: ROMTbl 1 [2]: FFF03000, CID: B105E00D, PID: 000BB00B FPB
* JLink Info: ROMTbl 0 [1]: 00002000, CID: B105900D, PID: 000BB9A3 ???
ROMTableAddr = 0xE00FF003
 
Target info:
------------
Device: nRF51422_xxAC
VTarget = 3.300V
State of Pins: 
TCK: 0, TDI: 0, TDO: 1, TMS: 0, TRES: 1, TRST: 1
Hardware-Breakpoints: 4
Software-Breakpoints: 8192
Watchpoints:          2
JTAG speed: 2000 kHz
 
Erase Done.
Programming Done.
Verify OK.
Application running ...
 1, TMS: 0, TRES: 1, TRST: 1
Hardware-Breakpoints: 4
Software-Breakpoints: 8192
Watchpoints:          2
JTAG speed: 2000 kHz
 
Erase Done.
Programming Done.
Verify OK.
Application running ...
 1, TMS: 0, TRES: 1, TRST: 1
Hardware-Breakpoints: 4
Software-Breakpoints: 8192
Watchpoints:          2
JTAG speed: 2000 kHz
 
Erase Done.
Programming Done.
Verify OK.
Application running ...
mware: J-Link ARM-OB STM32 compiled Aug 22 2012 19:52:04
Hardware: V7.00
S/N : 20090928 
Feature(s) : RDI,FlashDL,FlashBP,JFlash,GDBFull 
 
* JLink Info: Found SWD-DP with ID 0x0BB11477
* JLink Info: AP-IDR: 0x04770021, Type: AHB-AP
* JLink Info: Found Cortex-M0 r0p0, Little endian.
* JLink Info: FPUnit: 4 code (BP) slots and 0 literal slots
* JLink Info: CoreSight components:
* JLink Info: ROMTbl 0 @ F0000000
* JLink Info: ROMTbl 0 [0]: F00FF000, CID: B105100D, PID: 000BB471 ROM Table
* JLink Info: ROMTbl 1 @ E00FF000
* JLink Info: ROMTbl 1 [0]: FFF0F000, CID: B105E00D, PID: 000BB008 SCS
* JLink Info: ROMTbl 1 [1]: FFF02000, CID: B105E00D, PID: 000BB00A DWT
* JLink Info: ROMTbl 1 [2]: FFF03000, CID: B105E00D, PID: 000BB00B FPB
* JLink Info: ROMTbl 0 [1]: 00002000, CID: B105900D, PID: 000BB9A3 ???
ROMTableAddr = 0xE00FF003
 
Target info:
------------
Device: nRF51422_xxAC
VTarget = 3.300V
State of Pins: 
TCK: 0, TDI: 0, TDO: 1, TMS: 0, TRES: 1, TRST: 1
Hardware-Breakpoints: 4
Software-Breakpoints: 8192
Watchpoints:          2
JTAG speed: 2000 kHz
 
Erase Done.
Programming Done.
Verify OK.
Application running ...
