<html>
<body>
<pre>
<h1>µVision Build Log</h1>
<h2>Tool Versions:</h2>
IDE-Version: ¦ÌVision V5.12.0.0
Copyright (C) 2014 ARM Ltd and ARM Germany GmbH. All rights reserved.
License Information: a Microsoft, Microsoft, LIC=EXJUH-W57R8-2ZJW4-FI5Y3-4VUYG-KH17Z
 
Tool Versions:
Toolchain:       MDK-ARM Standard  Version: 5.12.0.0
Toolchain Path:  D:\ARM_KEIL\ARM\ARMCC\Bin
C Compiler:      Armcc.exe V5.05 (build 41)
Assembler:       Armasm.exe V5.05 (build 41)
Linker/Locator:  ArmLink.exe V5.05 (build 41)
Library Manager: ArmAr.exe V5.05 (build 41)
Hex Converter:   FromElf.exe V5.05 (build 41)
CPU DLL:         
Dialog DLL:      
    Target DLL: Segger\JL2CM3.dll
Dialog DLL:      TARMCM1.DLL V1.08.00.0
 
<h2>Project:</h2>
E:\nrf51882_project\nRF5_SDK_12.3.0_d7731ad\examples\peripheral\twi_master_using_app_twi\pca10028\blank\arm5_no_packs\twi_master_using_app_twi_pca10028.uvprojx
Project File Date:  05/05/2017

<h2>Output:</h2>
Rebuild target 'nrf51422_xxac'
compiling lm75b.c...
compiling main.c...
compiling mma7660.c...
compiling boards.c...
compiling bsp.c...
compiling bsp_nfc.c...
compiling nrf_drv_clock.c...
compiling nrf_drv_common.c...
compiling nrf_drv_gpiote.c...
compiling nrf_drv_rtc.c...
compiling nrf_drv_twi.c...
compiling nrf_drv_uart.c...
compiling nrf_nvic.c...
compiling nrf_soc.c...
compiling app_button.c...
compiling app_error.c...
compiling app_error_weak.c...
compiling app_timer.c...
compiling app_twi.c...
compiling app_util_platform.c...
compiling nrf_assert.c...
compiling sdk_errors.c...
compiling nrf_log_backend_serial.c...
compiling nrf_log_frontend.c...
compiling RTT_Syscalls_KEIL.c...
compiling SEGGER_RTT.c...
compiling SEGGER_RTT_printf.c...
assembling arm_startup_nrf51.s...
compiling system_nrf51.c...
linking...
Program Size: Code=14292 RO-data=740 RW-data=140 ZI-data=3860  
FromELF: creating hex file...
".\_build\nrf51422_xxac.axf" - 0 Error(s), 0 Warning(s).

<h2>Software Packages used:</h2>

Package Vendor: ARM
                http://www.keil.com/pack/ARM.CMSIS.4.5.0.pack
                ARM::CMSIS:CORE:4.3.0
                CMSIS (Cortex Microcontroller Software Interface Standard)
   * Component: CORE Version: 4.3.0

Package Vendor: NordicSemiconductor
                http://developer.nordicsemi.com/nRF5_SDK/pieces/nRF_DeviceFamilyPack/NordicSemiconductor.nRF_DeviceFamilyPack.8.11.1.pack
                NordicSemiconductor::Device:Startup:8.11.1
                Nordic Semiconductor nRF ARM devices Device Family Pack.
   * Component: Startup Version: 8.11.1

<h2>Collection of Component include folders:</h2>
  E:\nrf51882_project\nRF5_SDK_12.3.0_d7731ad\examples\peripheral\twi_master_using_app_twi\pca10028\blank\arm5_no_packs\RTE
  D:\ARM_KEIL\ARM\PACK\ARM\CMSIS\4.5.0\CMSIS\Include
  D:\ARM_KEIL\ARM\PACK\NordicSemiconductor\nRF_DeviceFamilyPack\8.11.1\Device\Include

<h2>Collection of Component Files used:</h2>

   * Component: ARM::CMSIS:CORE:4.3.0

   * Component: NordicSemiconductor::Device:Startup:8.11.1
      Source file:   Device\Source\arm\arm_startup_nrf51.s
      Source file:   Device\Source\system_nrf51.c
      Include file:  Device\Include\system_nrf51.h
</pre>
</body>
</html>
