Archive member included to satisfy reference by file (symbol)

d:/intelfpga/17.1/embedded/host_tools/mentor/gnu/arm/baremetal/bin/../lib/gcc/arm-altera-eabi/6.2.0\libgcc.a(_udivsi3.o)
                              arch/arm/cpu/armv7/socfpga/libsocfpga.o (__aeabi_uidiv)
d:/intelfpga/17.1/embedded/host_tools/mentor/gnu/arm/baremetal/bin/../lib/gcc/arm-altera-eabi/6.2.0\libgcc.a(_dvmd_tls.o)
                              d:/intelfpga/17.1/embedded/host_tools/mentor/gnu/arm/baremetal/bin/../lib/gcc/arm-altera-eabi/6.2.0\libgcc.a(_udivsi3.o) (__aeabi_idiv0)
d:/intelfpga/17.1/embedded/host_tools/mentor/gnu/arm/baremetal/bin/../lib/gcc/arm-altera-eabi/6.2.0\libgcc.a(_lshrdi3.o)
                              lib/libgeneric.o (__aeabi_llsr)
d:/intelfpga/17.1/embedded/host_tools/mentor/gnu/arm/baremetal/bin/../lib/gcc/arm-altera-eabi/6.2.0\libgcc.a(_ashldi3.o)
                              drivers/mmc/libmmc.o (__aeabi_llsl)

Discarded input sections

 .data          0x00000000        0x0 arch/arm/cpu/armv7/start.o
 .bss           0x00000000        0x0 arch/arm/cpu/armv7/start.o
 .text.invalidate_dcache_all
                0x00000000        0x2 arch/arm/cpu/armv7/libarmv7.o
 .text.flush_dcache_all
                0x00000000        0x2 arch/arm/cpu/armv7/libarmv7.o
 .text.invalidate_dcache_range
                0x00000000        0x2 arch/arm/cpu/armv7/libarmv7.o
 .text.arm_init_before_mmu
                0x00000000        0x2 arch/arm/cpu/armv7/libarmv7.o
 .text.flush_cache
                0x00000000        0x2 arch/arm/cpu/armv7/libarmv7.o
 .text.mmu_page_table_flush
                0x00000000        0x2 arch/arm/cpu/armv7/libarmv7.o
 .text.invalidate_icache_all
                0x00000000       0x14 arch/arm/cpu/armv7/libarmv7.o
 .text.__v7_outer_cache_enable
                0x00000000        0x2 arch/arm/cpu/armv7/libarmv7.o
 .text.__v7_outer_cache_disable
                0x00000000        0x2 arch/arm/cpu/armv7/libarmv7.o
 .text.__v7_outer_cache_flush_all
                0x00000000        0x2 arch/arm/cpu/armv7/libarmv7.o
 .text.__v7_outer_cache_inval_all
                0x00000000        0x2 arch/arm/cpu/armv7/libarmv7.o
 .text.__v7_outer_cache_flush_range
                0x00000000        0x2 arch/arm/cpu/armv7/libarmv7.o
 .text.__v7_outer_cache_inval_range
                0x00000000        0x2 arch/arm/cpu/armv7/libarmv7.o
 .text.cpu_cache_initialization
                0x00000000        0x2 arch/arm/cpu/armv7/libarmv7.o
 .text.cleanup_before_linux
                0x00000000       0x1e arch/arm/cpu/armv7/libarmv7.o
 .text.sdelay   0x00000000        0x6 arch/arm/cpu/armv7/libarmv7.o
 .text.sr32     0x00000000       0x1a arch/arm/cpu/armv7/libarmv7.o
 .text.wait_on_value
                0x00000000       0x1a arch/arm/cpu/armv7/libarmv7.o
 .data          0x00000000        0x0 arch/arm/cpu/armv7/libarmv7.o
 .bss           0x00000000        0x0 arch/arm/cpu/armv7/libarmv7.o
 .text.get_ticks
                0x00000000        0xa arch/arm/cpu/armv7/socfpga/libsocfpga.o
 .text.get_tbclk
                0x00000000        0x6 arch/arm/cpu/armv7/socfpga/libsocfpga.o
 .text.reset_cpu
                0x00000000       0x10 arch/arm/cpu/armv7/socfpga/libsocfpga.o
 .text.reset_deassert_all_peripherals
                0x00000000        0xc arch/arm/cpu/armv7/socfpga/libsocfpga.o
 .text.reset_deassert_all_bridges
                0x00000000       0x20 arch/arm/cpu/armv7/socfpga/libsocfpga.o
 .text.reset_deassert_cpu1
                0x00000000        0xc arch/arm/cpu/armv7/socfpga/libsocfpga.o
 .text.reset_deassert_osc1wd0
                0x00000000       0x10 arch/arm/cpu/armv7/socfpga/libsocfpga.o
 .text.reset_assert_all_peripherals
                0x00000000       0x10 arch/arm/cpu/armv7/socfpga/libsocfpga.o
 .text.reset_assert_all_peripherals_except_l4wd0_and_sdr
                0x00000000       0x10 arch/arm/cpu/armv7/socfpga/libsocfpga.o
 .text.emac0_reset_enable
                0x00000000       0x18 arch/arm/cpu/armv7/socfpga/libsocfpga.o
 .text.emac1_reset_enable
                0x00000000       0x18 arch/arm/cpu/armv7/socfpga/libsocfpga.o
 .text.sdram_enable_interrupt
                0x00000000       0x20 arch/arm/cpu/armv7/socfpga/libsocfpga.o
 .text.irq_handler_ecc_sdram
                0x00000000       0xa0 arch/arm/cpu/armv7/socfpga/libsocfpga.o
 .text.sdram_write_register_field
                0x00000000        0xc arch/arm/cpu/armv7/socfpga/libsocfpga.o
 .text.sdram_write_verify
                0x00000000       0x10 arch/arm/cpu/armv7/socfpga/libsocfpga.o
 .text.sdram_check_self_refresh_seq
                0x00000000       0x80 arch/arm/cpu/armv7/socfpga/libsocfpga.o
 .text.dram_init
                0x00000000       0x16 arch/arm/cpu/armv7/socfpga/libsocfpga.o
 .text.sdram_ecc_init
                0x00000000       0x80 arch/arm/cpu/armv7/socfpga/libsocfpga.o
 .text.fpgamgr_set_cd_ratio
                0x00000000       0x18 arch/arm/cpu/armv7/socfpga/libsocfpga.o
 .text.fpgamgr_dclkcnt_set
                0x00000000       0x2c arch/arm/cpu/armv7/socfpga/libsocfpga.o
 .text.poll_fpgamgr_fpga_ready
                0x00000000       0x20 arch/arm/cpu/armv7/socfpga/libsocfpga.o
 .text.fpgamgr_program_init
                0x00000000       0xbc arch/arm/cpu/armv7/socfpga/libsocfpga.o
 .text.fpgamgr_program_write
                0x00000000        0xc arch/arm/cpu/armv7/socfpga/libsocfpga.o
 .text.fpgamgr_program_poll_cd
                0x00000000       0x38 arch/arm/cpu/armv7/socfpga/libsocfpga.o
 .text.fpgamgr_program_poll_initphase
                0x00000000       0x32 arch/arm/cpu/armv7/socfpga/libsocfpga.o
 .text.fpgamgr_program_poll_usermode
                0x00000000       0x3c arch/arm/cpu/armv7/socfpga/libsocfpga.o
 .text.fpgamgr_program_fpga
                0x00000000       0x4c arch/arm/cpu/armv7/socfpga/libsocfpga.o
 .text.gic_dic_set_pending
                0x00000000       0x18 arch/arm/cpu/armv7/socfpga/libsocfpga.o
 .text.irq_trigger
                0x00000000        0x4 arch/arm/cpu/armv7/socfpga/libsocfpga.o
 .text.get_next_prbs31
                0x00000000       0x26 arch/arm/cpu/armv7/socfpga/libsocfpga.o
 .text.test_rand_address
                0x00000000       0x90 arch/arm/cpu/armv7/socfpga/libsocfpga.o
 .text.hps_emif_diag_test
                0x00000000       0x58 arch/arm/cpu/armv7/socfpga/libsocfpga.o
 .text.debug_memory
                0x00000000        0x2 arch/arm/cpu/armv7/socfpga/libsocfpga.o
 .text.debug_memory_print
                0x00000000        0x2 arch/arm/cpu/armv7/socfpga/libsocfpga.o
 .text.socfpga_fpga_add
                0x00000000       0x18 arch/arm/cpu/armv7/socfpga/libsocfpga.o
 .text.print_cpuinfo
                0x00000000       0x10 arch/arm/cpu/armv7/socfpga/libsocfpga.o
 .text.misc_init_r
                0x00000000       0xf4 arch/arm/cpu/armv7/socfpga/libsocfpga.o
 .text.overwrite_console
                0x00000000        0x4 arch/arm/cpu/armv7/socfpga/libsocfpga.o
 .rodata.irq_handler_ecc_sdram.str1.1
                0x00000000       0x80 arch/arm/cpu/armv7/socfpga/libsocfpga.o
 .rodata.sdram_ecc_init.str1.1
                0x00000000       0x9e arch/arm/cpu/armv7/socfpga/libsocfpga.o
 .rodata.hps_emif_diag_test.str1.1
                0x00000000       0x38 arch/arm/cpu/armv7/socfpga/libsocfpga.o
 .rodata.test_rand_address.str1.1
                0x00000000       0x47 arch/arm/cpu/armv7/socfpga/libsocfpga.o
 .rodata.misc_init_r.str1.1
                0x00000000      0x1a5 arch/arm/cpu/armv7/socfpga/libsocfpga.o
 .rodata.print_cpuinfo.str1.1
                0x00000000       0x21 arch/arm/cpu/armv7/socfpga/libsocfpga.o
 .data.altera_fpga
                0x00000000       0x18 arch/arm/cpu/armv7/socfpga/libsocfpga.o
 .bss           0x00000000        0x0 arch/arm/cpu/armv7/socfpga/libsocfpga.o
 .bss.irq_cnt_ecc_sdram
                0x00000000        0x4 arch/arm/cpu/armv7/socfpga/libsocfpga.o
 .bss.pl330_buf
                0x00000000      0x9c4 arch/arm/cpu/armv7/socfpga/libsocfpga.o
 .text.board_init_f
                0x00000000       0x30 arch/arm/lib/libarm.o
 .text.disable_interrupts
                0x00000000       0x16 arch/arm/lib/libarm.o
 .text.bad_mode
                0x00000000        0xc arch/arm/lib/libarm.o
 .text.show_regs
                0x00000000       0xdc arch/arm/lib/libarm.o
 .text.do_undefined_instruction
                0x00000000       0x18 arch/arm/lib/libarm.o
 .text.do_software_interrupt
                0x00000000       0x18 arch/arm/lib/libarm.o
 .text.do_prefetch_abort
                0x00000000       0x18 arch/arm/lib/libarm.o
 .text.do_data_abort
                0x00000000       0x18 arch/arm/lib/libarm.o
 .text.do_not_used
                0x00000000       0x18 arch/arm/lib/libarm.o
 .text.do_fiq   0x00000000       0x18 arch/arm/lib/libarm.o
 .text.do_reset
                0x00000000       0x24 arch/arm/lib/libarm.o
 .text.__flush_cache
                0x00000000        0x2 arch/arm/lib/libarm.o
 .text.__flush_dcache_all
                0x00000000        0xa arch/arm/lib/libarm.o
 .text.__enable_caches
                0x00000000        0xc arch/arm/lib/libarm.o
 .text.cp_delay
                0x00000000       0x18 arch/arm/lib/libarm.o
 .text.__arm_init_before_mmu
                0x00000000        0x2 arch/arm/lib/libarm.o
 .text.set_section_dcache
                0x00000000       0x12 arch/arm/lib/libarm.o
 .text.__mmu_page_table_flush
                0x00000000        0x2 arch/arm/lib/libarm.o
 .text.mmu_set_region_dcache_behaviour
                0x00000000       0x36 arch/arm/lib/libarm.o
 .text.icache_enable
                0x00000000       0x14 arch/arm/lib/libarm.o
 .text.icache_disable
                0x00000000       0x18 arch/arm/lib/libarm.o
 .text.icache_status
                0x00000000        0xa arch/arm/lib/libarm.o
 .text.dcache_enable
                0x00000000        0x2 arch/arm/lib/libarm.o
 .text.dcache_disable
                0x00000000        0x2 arch/arm/lib/libarm.o
 .text.dcache_status
                0x00000000        0x4 arch/arm/lib/libarm.o
 .rodata        0x00000000       0x80 arch/arm/lib/libarm.o
 .rodata.bad_mode.str1.1
                0x00000000       0x13 arch/arm/lib/libarm.o
 .rodata.do_data_abort.str1.1
                0x00000000       0x4a arch/arm/lib/libarm.o
 .rodata.do_fiq.str1.1
                0x00000000       0x18 arch/arm/lib/libarm.o
 .rodata.do_not_used.str1.1
                0x00000000        0xa arch/arm/lib/libarm.o
 .rodata.do_prefetch_abort.str1.1
                0x00000000       0x10 arch/arm/lib/libarm.o
 .rodata.do_software_interrupt.str1.1
                0x00000000       0x14 arch/arm/lib/libarm.o
 .rodata.do_undefined_instruction.str1.1
                0x00000000       0x17 arch/arm/lib/libarm.o
 .rodata.show_regs.str1.1
                0x00000000      0x100 arch/arm/lib/libarm.o
 .rodata.str1.1
                0x00000000       0xec arch/arm/lib/libarm.o
 .rodata.do_reset.str1.1
                0x00000000        0xf arch/arm/lib/libarm.o
 .rodata.__enable_caches.str1.1
                0x00000000       0x1d arch/arm/lib/libarm.o
 .bss           0x00000000        0x0 arch/arm/lib/libarm.o
 .text          0x00000000        0x0 board/altera/socfpga/libsocfpga.o
 .text.setenv_ethaddr_eeprom
                0x00000000       0x74 board/altera/socfpga/libsocfpga.o
 .text.board_early_init_f
                0x00000000        0xa board/altera/socfpga/libsocfpga.o
 .text.board_init
                0x00000000       0x14 board/altera/socfpga/libsocfpga.o
 .text.board_late_init
                0x00000000       0x2c board/altera/socfpga/libsocfpga.o
 .text.board_eth_init
                0x00000000        0x4 board/altera/socfpga/libsocfpga.o
 .rodata.board_late_init.str1.1
                0x00000000       0x16 board/altera/socfpga/libsocfpga.o
 .rodata.setenv_ethaddr_eeprom.str1.1
                0x00000000       0x4a board/altera/socfpga/libsocfpga.o
 .data          0x00000000        0x0 board/altera/socfpga/libsocfpga.o
 .bss           0x00000000        0x0 board/altera/socfpga/libsocfpga.o
 .text          0x00000000        0x0 board/altera/socfpga/sdram/libsocfpga-sdram.o
 .text.select_shadow_regs_for_update
                0x00000000        0x2 board/altera/socfpga/sdram/libsocfpga-sdram.o
 .text.scc_mgr_set_dqs_bus_in_delay
                0x00000000       0x7e board/altera/socfpga/sdram/libsocfpga-sdram.o
 .text.scc_mgr_set_dq_out1_delay
                0x00000000       0x7e board/altera/socfpga/sdram/libsocfpga-sdram.o
 .text.scc_mgr_set_dq_out2_delay
                0x00000000        0x2 board/altera/socfpga/sdram/libsocfpga-sdram.o
 .text.scc_mgr_set_dq_in_delay
                0x00000000       0x7e board/altera/socfpga/sdram/libsocfpga-sdram.o
 .text.scc_mgr_set_dm_out1_delay
                0x00000000       0x80 board/altera/socfpga/sdram/libsocfpga-sdram.o
 .text.scc_mgr_set_dm_out2_delay
                0x00000000        0x2 board/altera/socfpga/sdram/libsocfpga-sdram.o
 .text.scc_mgr_load_dqs
                0x00000000        0xc board/altera/socfpga/sdram/libsocfpga-sdram.o
 .text.scc_mgr_load_dqs_io
                0x00000000        0xc board/altera/socfpga/sdram/libsocfpga-sdram.o
 .text.scc_mgr_load_dq
                0x00000000        0xc board/altera/socfpga/sdram/libsocfpga-sdram.o
 .text.scc_mgr_load_dm
                0x00000000        0xc board/altera/socfpga/sdram/libsocfpga-sdram.o
 .text.scc_mgr_apply_group_dq_out2_delay
                0x00000000       0x14 board/altera/socfpga/sdram/libsocfpga-sdram.o
 .text.scc_mgr_apply_group_dqs_io_and_oct_out2
                0x00000000       0x20 board/altera/socfpga/sdram/libsocfpga-sdram.o
 .text.scc_mgr_set_group_dqs_io_and_oct_out1_gradual
                0x00000000       0x4c board/altera/socfpga/sdram/libsocfpga-sdram.o
 .text.scc_mgr_set_group_dqs_io_and_oct_out2_gradual
                0x00000000       0x2c board/altera/socfpga/sdram/libsocfpga-sdram.o
 .text.scc_mgr_apply_group_all_out_delay
                0x00000000       0x1e board/altera/socfpga/sdram/libsocfpga-sdram.o
 .text.scc_mgr_apply_group_all_out_delay_all_ranks
                0x00000000       0x14 board/altera/socfpga/sdram/libsocfpga-sdram.o
 .text.rw_mgr_rdimm_initialize
                0x00000000        0x2 board/altera/socfpga/sdram/libsocfpga-sdram.o
 .text.rw_mgr_mem_dll_lock_wait
                0x00000000        0x2 board/altera/socfpga/sdram/libsocfpga-sdram.o
 .text.rw_mgr_incr_vfifo
                0x00000000       0x10 board/altera/socfpga/sdram/libsocfpga-sdram.o
 .text.rw_mgr_mem_calibrate_wlevel
                0x00000000      0x144 board/altera/socfpga/sdram/libsocfpga-sdram.o
 .text.rw_mgr_mem_calibrate_eye_diag_aid
                0x00000000        0x2 board/altera/socfpga/sdram/libsocfpga-sdram.o
 .text.rw_mgr_mem_calibrate_full_test
                0x00000000       0x40 board/altera/socfpga/sdram/libsocfpga-sdram.o
 .text.user_init_cal_req
                0x00000000       0x40 board/altera/socfpga/sdram/libsocfpga-sdram.o
 .data          0x00000000        0x0 board/altera/socfpga/sdram/libsocfpga-sdram.o
 .bss           0x00000000        0x0 board/altera/socfpga/sdram/libsocfpga-sdram.o
 .bss.curr_shadow_reg
                0x00000000        0x4 board/altera/socfpga/sdram/libsocfpga-sdram.o
 .text          0x00000000        0x0 common/libcommon.o
 .text._do_env_set.isra.0
                0x00000000      0x124 common/libcommon.o
 .text.get_env_id
                0x00000000        0xc common/libcommon.o
 .text.setenv   0x00000000       0x2c common/libcommon.o
 .text.setenv_ulong
                0x00000000       0x16 common/libcommon.o
 .text.setenv_addr
                0x00000000       0x20 common/libcommon.o
 .text.envmatch
                0x00000000       0x3a common/libcommon.o
 .text.getenv_f
                0x00000000       0x80 common/libcommon.o
 .text.getenv   0x00000000       0x50 common/libcommon.o
 .text.getenv_ulong
                0x00000000       0x1c common/libcommon.o
 .text.console_setfile
                0x00000000       0x60 common/libcommon.o
 .text.serial_printf
                0x00000000       0x28 common/libcommon.o
 .text.fgetc    0x00000000       0x18 common/libcommon.o
 .text.ftstc    0x00000000       0x18 common/libcommon.o
 .text.fputc    0x00000000       0x18 common/libcommon.o
 .text.fputs    0x00000000       0x18 common/libcommon.o
 .text.fprintf  0x00000000       0x2c common/libcommon.o
 .text.getc     0x00000000       0x1a common/libcommon.o
 .text.tstc     0x00000000       0x1a common/libcommon.o
 .text.putc     0x00000000       0x20 common/libcommon.o
 .text.vprintf  0x00000000       0x22 common/libcommon.o
 .text.ctrlc    0x00000000       0x38 common/libcommon.o
 .text.disable_ctrlc
                0x00000000       0x10 common/libcommon.o
 .text.had_ctrlc
                0x00000000        0xc common/libcommon.o
 .text.clear_ctrlc
                0x00000000        0xc common/libcommon.o
 .text.dbg      0x00000000        0x6 common/libcommon.o
 .text.search_device
                0x00000000       0x16 common/libcommon.o
 .text.console_assign
                0x00000000       0x2a common/libcommon.o
 .text.console_init_f
                0x00000000        0xa common/libcommon.o
 .text.stdio_print_current_devices
                0x00000000       0x78 common/libcommon.o
 .text.console_init_r
                0x00000000      0x120 common/libcommon.o
 .text.realloc  0x00000000      0x2e0 common/libcommon.o
 .text.memalign
                0x00000000       0xc2 common/libcommon.o
 .text.valloc   0x00000000        0xa common/libcommon.o
 .text.pvalloc  0x00000000       0x14 common/libcommon.o
 .text.cfree    0x00000000        0x4 common/libcommon.o
 .text.malloc_usable_size
                0x00000000       0x30 common/libcommon.o
 .text.mallopt  0x00000000       0x30 common/libcommon.o
 .text.__env_get_char_spec
                0x00000000        0x8 common/libcommon.o
 .text.env_get_addr
                0x00000000       0x18 common/libcommon.o
 .text.env_get_char_memory
                0x00000000        0xa common/libcommon.o
 .text.env_get_char
                0x00000000       0x20 common/libcommon.o
 .text.getenv_yesno
                0x00000000       0x2a common/libcommon.o
 .text.getenv_default
                0x00000000       0x2a common/libcommon.o
 .text.set_default_env
                0x00000000       0x80 common/libcommon.o
 .text.set_default_vars
                0x00000000       0x28 common/libcommon.o
 .text.env_relocate
                0x00000000        0xe common/libcommon.o
 .text.fdt_error
                0x00000000       0x24 common/libcommon.o
 .text.image_check_hcrc
                0x00000000       0x2a common/libcommon.o
 .text.image_check_dcrc
                0x00000000       0x22 common/libcommon.o
 .text.image_multi_count
                0x00000000       0x12 common/libcommon.o
 .text.image_multi_getimg
                0x00000000       0x50 common/libcommon.o
 .text.getenv_bootm_low
                0x00000000       0x1c common/libcommon.o
 .text.getenv_bootm_size
                0x00000000       0x3c common/libcommon.o
 .text.getenv_bootm_mapsize
                0x00000000       0x20 common/libcommon.o
 .text.memmove_wd
                0x00000000        0xa common/libcommon.o
 .text.genimg_print_size
                0x00000000       0x24 common/libcommon.o
 .text.get_table_entry_name
                0x00000000       0x16 common/libcommon.o
 .text.genimg_get_os_name
                0x00000000       0x14 common/libcommon.o
 .text.genimg_get_arch_name
                0x00000000       0x14 common/libcommon.o
 .text.genimg_get_type_name
                0x00000000       0x14 common/libcommon.o
 .text.genimg_get_comp_name
                0x00000000       0x14 common/libcommon.o
 .text.image_print_contents
                0x00000000       0xf8 common/libcommon.o
 .text.get_table_entry_id
                0x00000000       0x26 common/libcommon.o
 .text.genimg_get_os_id
                0x00000000       0x14 common/libcommon.o
 .text.genimg_get_arch_id
                0x00000000       0x14 common/libcommon.o
 .text.genimg_get_type_id
                0x00000000       0x14 common/libcommon.o
 .text.genimg_get_comp_id
                0x00000000       0x14 common/libcommon.o
 .text.genimg_get_format
                0x00000000       0x20 common/libcommon.o
 .text.genimg_get_image
                0x00000000        0x2 common/libcommon.o
 .text.genimg_has_config
                0x00000000        0x4 common/libcommon.o
 .text.boot_get_ramdisk
                0x00000000      0x130 common/libcommon.o
 .text.boot_ramdisk_high
                0x00000000       0xbc common/libcommon.o
 .text.boot_fdt_add_mem_rsv_regions
                0x00000000       0x5c common/libcommon.o
 .text.boot_relocate_fdt
                0x00000000      0x108 common/libcommon.o
 .text.boot_get_fdt
                0x00000000      0x178 common/libcommon.o
 .text.get_ram_size
                0x00000000       0x8a common/libcommon.o
 .text.stdio_get_list
                0x00000000        0x8 common/libcommon.o
 .text.stdio_get_by_name
                0x00000000       0x30 common/libcommon.o
 .text.stdio_clone
                0x00000000       0x22 common/libcommon.o
 .text.stdio_register
                0x00000000       0x28 common/libcommon.o
 .text.stdio_init
                0x00000000       0x70 common/libcommon.o
 .rodata._do_env_set.isra.0.str1.1
                0x00000000       0x7c common/libcommon.o
 .rodata.getenv_f.str1.1
                0x00000000       0x30 common/libcommon.o
 .rodata.setenv.str1.1
                0x00000000        0x7 common/libcommon.o
 .rodata.setenv_addr.str1.1
                0x00000000        0x4 common/libcommon.o
 .rodata.console_init_r.str1.1
                0x00000000       0x1b common/libcommon.o
 .rodata.stdio_print_current_devices.str1.1
                0x00000000       0x74 common/libcommon.o
 .rodata.__func__.6209
                0x00000000       0x10 common/libcommon.o
 .rodata.default_environment
                0x00000000      0x683 common/libcommon.o
 .rodata.set_default_env.str1.1
                0x00000000       0x94 common/libcommon.o
 .rodata.boot_fdt_add_mem_rsv_regions.str1.1
                0x00000000       0x35 common/libcommon.o
 .rodata.boot_get_fdt.str1.1
                0x00000000      0x1b3 common/libcommon.o
 .rodata.boot_get_ramdisk.str1.1
                0x00000000      0x10d common/libcommon.o
 .rodata.boot_ramdisk_high.str1.1
                0x00000000       0x54 common/libcommon.o
 .rodata.boot_relocate_fdt.str1.1
                0x00000000       0xcf common/libcommon.o
 .rodata.fdt_error.str1.1
                0x00000000       0x2d common/libcommon.o
 .rodata.genimg_get_arch_id.str1.1
                0x00000000        0x4 common/libcommon.o
 .rodata.genimg_get_arch_name.str1.1
                0x00000000       0x15 common/libcommon.o
 .rodata.genimg_get_comp_id.str1.1
                0x00000000        0xc common/libcommon.o
 .rodata.genimg_get_comp_name.str1.1
                0x00000000       0x14 common/libcommon.o
 .rodata.genimg_get_os_id.str1.1
                0x00000000        0x3 common/libcommon.o
 .rodata.genimg_get_os_name.str1.1
                0x00000000        0xb common/libcommon.o
 .rodata.genimg_get_type_id.str1.1
                0x00000000        0x6 common/libcommon.o
 .rodata.genimg_get_type_name.str1.1
                0x00000000        0xe common/libcommon.o
 .rodata.genimg_print_size.str1.1
                0x00000000        0xe common/libcommon.o
 .rodata.getenv_bootm_low.str1.1
                0x00000000        0xa common/libcommon.o
 .rodata.getenv_bootm_mapsize.str1.1
                0x00000000        0xe common/libcommon.o
 .rodata.getenv_bootm_size.str1.1
                0x00000000        0xb common/libcommon.o
 .rodata.image_print_contents.str1.1
                0x00000000       0xac common/libcommon.o
 .rodata.str1.1
                0x00000000      0x37d common/libcommon.o
 .rodata.uimage_arch
                0x00000000       0xfc common/libcommon.o
 .rodata.uimage_comp
                0x00000000       0x48 common/libcommon.o
 .rodata.uimage_os
                0x00000000       0x54 common/libcommon.o
 .rodata.uimage_type
                0x00000000       0xcc common/libcommon.o
 .rodata.stdio_init.str1.1
                0x00000000        0x7 common/libcommon.o
 .data          0x00000000        0x0 common/libcommon.o
 .data.env_id   0x00000000        0x4 common/libcommon.o
 .data.env_htab
                0x00000000       0x10 common/libcommon.o
 .data.load_addr
                0x00000000        0x4 common/libcommon.o
 .data.stdio_names
                0x00000000        0xc common/libcommon.o
 .bss           0x00000000        0x0 common/libcommon.o
 .bss.ctrlc_disabled
                0x00000000        0x4 common/libcommon.o
 .bss.ctrlc_was_pressed
                0x00000000        0x4 common/libcommon.o
 .bss.save_addr
                0x00000000        0x4 common/libcommon.o
 .bss.save_size
                0x00000000        0x4 common/libcommon.o
 .bss.devs      0x00000000       0x3c common/libcommon.o
 .text          0x00000000        0x0 common/spl/libspl.o
 .text.spl_board_prepare_for_linux
                0x00000000        0x2 common/spl/libspl.o
 .bss           0x00000000        0x0 common/spl/libspl.o
 .text          0x00000000        0x0 drivers/dma/libdma.o
 .text.pl330_stop
                0x00000000      0x13c drivers/dma/libdma.o
 .text.pl330_transfer_setup
                0x00000000      0x3a0 drivers/dma/libdma.o
 .text.pl330_transfer_start
                0x00000000      0x1b0 drivers/dma/libdma.o
 .text.pl330_transfer_finish
                0x00000000       0x78 drivers/dma/libdma.o
 .text.pl330_transfer_zeroes
                0x00000000      0x1f4 drivers/dma/libdma.o
 .rodata.CSWTCH.71
                0x00000000       0x20 drivers/dma/libdma.o
 .rodata.pl330_stop.str1.1
                0x00000000        0xe drivers/dma/libdma.o
 .rodata.pl330_transfer_finish.str1.1
                0x00000000       0x3e drivers/dma/libdma.o
 .rodata.pl330_transfer_setup.str1.1
                0x00000000      0x168 drivers/dma/libdma.o
 .data          0x00000000        0x0 drivers/dma/libdma.o
 .bss           0x00000000        0x0 drivers/dma/libdma.o
 .comment       0x00000000       0x31 drivers/dma/libdma.o
 .debug_aranges
                0x00000000       0x40 drivers/dma/libdma.o
 .debug_info    0x00000000     0x2155 drivers/dma/libdma.o
 .debug_abbrev  0x00000000      0x394 drivers/dma/libdma.o
 .debug_line    0x00000000      0x747 drivers/dma/libdma.o
 .debug_frame   0x00000000       0xc0 drivers/dma/libdma.o
 .debug_str     0x00000000      0xc0b drivers/dma/libdma.o
 .debug_loc     0x00000000     0x26e9 drivers/dma/libdma.o
 .debug_ranges  0x00000000      0x628 drivers/dma/libdma.o
 .ARM.attributes
                0x00000000       0x2d drivers/dma/libdma.o
 .text          0x00000000        0x0 drivers/mmc/libmmc.o
 .text.mmc_switch_part
                0x00000000       0x28 drivers/mmc/libmmc.o
 .text.mmc_get_dev
                0x00000000       0x1c drivers/mmc/libmmc.o
 .text.get_mmc_num
                0x00000000        0xc drivers/mmc/libmmc.o
 .data          0x00000000        0x0 drivers/mmc/libmmc.o
 .bss           0x00000000        0x0 drivers/mmc/libmmc.o
 .text          0x00000000        0x0 drivers/serial/libserial.o
 .text.serial_null
                0x00000000        0x2 drivers/serial/libserial.o
 .text.serial_register
                0x00000000       0x10 drivers/serial/libserial.o
 .text.serial_stdio_init
                0x00000000       0x4c drivers/serial/libserial.o
 .text.serial_assign
                0x00000000       0x2c drivers/serial/libserial.o
 .text.serial_initialize
                0x00000000       0xd6 drivers/serial/libserial.o
 .text.serial_reinit_all
                0x00000000       0x18 drivers/serial/libserial.o
 .text.serial_setbrg
                0x00000000        0xe drivers/serial/libserial.o
 .text.serial_getc
                0x00000000        0xe drivers/serial/libserial.o
 .text.serial_tstc
                0x00000000        0xe drivers/serial/libserial.o
 .text.serial_putc
                0x00000000       0x12 drivers/serial/libserial.o
 .text.default_serial_puts
                0x00000000       0x1a drivers/serial/libserial.o
 .text.eserial2_init
                0x00000000       0x12 drivers/serial/libserial.o
 .text.eserial3_init
                0x00000000       0x12 drivers/serial/libserial.o
 .text.eserial4_init
                0x00000000       0x12 drivers/serial/libserial.o
 .text.eserial5_init
                0x00000000       0x12 drivers/serial/libserial.o
 .text.eserial6_init
                0x00000000       0x12 drivers/serial/libserial.o
 .text.eserial2_putc
                0x00000000        0x6 drivers/serial/libserial.o
 .text.eserial3_putc
                0x00000000        0x6 drivers/serial/libserial.o
 .text.eserial4_putc
                0x00000000        0x6 drivers/serial/libserial.o
 .text.eserial5_putc
                0x00000000        0x6 drivers/serial/libserial.o
 .text.eserial6_putc
                0x00000000        0x6 drivers/serial/libserial.o
 .text._serial_putc_raw
                0x00000000       0x14 drivers/serial/libserial.o
 .text.eserial2_puts
                0x00000000        0x6 drivers/serial/libserial.o
 .text.eserial3_puts
                0x00000000        0x6 drivers/serial/libserial.o
 .text.eserial4_puts
                0x00000000        0x6 drivers/serial/libserial.o
 .text.eserial5_puts
                0x00000000        0x6 drivers/serial/libserial.o
 .text.eserial6_puts
                0x00000000        0x6 drivers/serial/libserial.o
 .text.eserial2_getc
                0x00000000        0x6 drivers/serial/libserial.o
 .text.eserial3_getc
                0x00000000        0x6 drivers/serial/libserial.o
 .text.eserial4_getc
                0x00000000        0x6 drivers/serial/libserial.o
 .text.eserial5_getc
                0x00000000        0x6 drivers/serial/libserial.o
 .text.eserial6_getc
                0x00000000        0x6 drivers/serial/libserial.o
 .text.eserial2_tstc
                0x00000000        0x6 drivers/serial/libserial.o
 .text.eserial3_tstc
                0x00000000        0x6 drivers/serial/libserial.o
 .text.eserial4_tstc
                0x00000000        0x6 drivers/serial/libserial.o
 .text.eserial5_tstc
                0x00000000        0x6 drivers/serial/libserial.o
 .text.eserial6_tstc
                0x00000000        0x6 drivers/serial/libserial.o
 .text.eserial2_setbrg
                0x00000000        0x6 drivers/serial/libserial.o
 .text.eserial3_setbrg
                0x00000000        0x6 drivers/serial/libserial.o
 .text.eserial4_setbrg
                0x00000000        0x6 drivers/serial/libserial.o
 .text.eserial5_setbrg
                0x00000000        0x6 drivers/serial/libserial.o
 .text.eserial6_setbrg
                0x00000000        0x6 drivers/serial/libserial.o
 .text.ns16550_serial_initialize
                0x00000000        0xc drivers/serial/libserial.o
 .data          0x00000000        0x0 drivers/serial/libserial.o
 .data.eserial2_device
                0x00000000       0x30 drivers/serial/libserial.o
 .data.eserial3_device
                0x00000000       0x30 drivers/serial/libserial.o
 .data.eserial4_device
                0x00000000       0x30 drivers/serial/libserial.o
 .data.eserial5_device
                0x00000000       0x30 drivers/serial/libserial.o
 .data.eserial6_device
                0x00000000       0x30 drivers/serial/libserial.o
 .bss           0x00000000        0x0 drivers/serial/libserial.o
 .bss.serial_devices
                0x00000000        0x4 drivers/serial/libserial.o
 .text          0x00000000        0x0 lib/libgeneric.o
 .text.skip_spaces
                0x00000000       0x18 lib/libgeneric.o
 .text.strim    0x00000000       0x34 lib/libgeneric.o
 .text.strncasecmp
                0x00000000       0x44 lib/libgeneric.o
 .text.strcasecmp
                0x00000000        0x8 lib/libgeneric.o
 .text.strcpy   0x00000000       0x10 lib/libgeneric.o
 .text.strncpy  0x00000000       0x18 lib/libgeneric.o
 .text.strcat   0x00000000       0x1e lib/libgeneric.o
 .text.strncat  0x00000000       0x28 lib/libgeneric.o
 .text.strcmp   0x00000000       0x16 lib/libgeneric.o
 .text.strncmp  0x00000000       0x22 lib/libgeneric.o
 .text.strchr   0x00000000       0x18 lib/libgeneric.o
 .text.strlen   0x00000000       0x10 lib/libgeneric.o
 .text.strrchr  0x00000000       0x20 lib/libgeneric.o
 .text.strdup   0x00000000       0x22 lib/libgeneric.o
 .text.strspn   0x00000000       0x20 lib/libgeneric.o
 .text.strpbrk  0x00000000       0x24 lib/libgeneric.o
 .text.strtok   0x00000000       0x44 lib/libgeneric.o
 .text.strsep   0x00000000       0x1e lib/libgeneric.o
 .text.strswab  0x00000000       0x24 lib/libgeneric.o
 .text.bcopy    0x00000000       0x1a lib/libgeneric.o
 .text.memmove  0x00000000       0x32 lib/libgeneric.o
 .text.memscan  0x00000000       0x16 lib/libgeneric.o
 .text.strstr   0x00000000       0x48 lib/libgeneric.o
 .text.memchr   0x00000000       0x1c lib/libgeneric.o
 .text.mdelay   0x00000000       0x14 lib/libgeneric.o
 .text.simple_strtoul
                0x00000000       0x70 lib/libgeneric.o
 .text.strict_strtoul
                0x00000000       0x42 lib/libgeneric.o
 .text.simple_strtol
                0x00000000       0x1a lib/libgeneric.o
 .text.ustrtoul
                0x00000000       0x3c lib/libgeneric.o
 .text.simple_strtoull
                0x00000000       0x9c lib/libgeneric.o
 .text.panic    0x00000000       0x30 lib/libgeneric.o
 .text.__assert_fail
                0x00000000       0x10 lib/libgeneric.o
 .text.simple_itoa
                0x00000000       0x38 lib/libgeneric.o
 .rodata.__assert_fail.str1.1
                0x00000000       0x22 lib/libgeneric.o
 .data          0x00000000        0x0 lib/libgeneric.o
 .bss           0x00000000        0x0 lib/libgeneric.o
 .bss.___strtok
                0x00000000        0x4 lib/libgeneric.o
 .bss.local.6252
                0x00000000       0x16 lib/libgeneric.o
 .text          0x00000000        0x0 /cygdrive/c/Users/zc/Desktop/TSOM_GHRD-gao/TSOM_GHRD/software/preloader/uboot-socfpga/spl/arch/arm/lib/eabi_compat.o
 .data          0x00000000        0x0 /cygdrive/c/Users/zc/Desktop/TSOM_GHRD-gao/TSOM_GHRD/software/preloader/uboot-socfpga/spl/arch/arm/lib/eabi_compat.o
 .bss           0x00000000        0x0 /cygdrive/c/Users/zc/Desktop/TSOM_GHRD-gao/TSOM_GHRD/software/preloader/uboot-socfpga/spl/arch/arm/lib/eabi_compat.o
 .text.raise    0x00000000        0x4 /cygdrive/c/Users/zc/Desktop/TSOM_GHRD-gao/TSOM_GHRD/software/preloader/uboot-socfpga/spl/arch/arm/lib/eabi_compat.o
 .text.__aeabi_unwind_cpp_pr0
                0x00000000        0x2 /cygdrive/c/Users/zc/Desktop/TSOM_GHRD-gao/TSOM_GHRD/software/preloader/uboot-socfpga/spl/arch/arm/lib/eabi_compat.o
 .text.__aeabi_unwind_cpp_pr1
                0x00000000        0x2 /cygdrive/c/Users/zc/Desktop/TSOM_GHRD-gao/TSOM_GHRD/software/preloader/uboot-socfpga/spl/arch/arm/lib/eabi_compat.o
 .debug_info    0x00000000      0x92b /cygdrive/c/Users/zc/Desktop/TSOM_GHRD-gao/TSOM_GHRD/software/preloader/uboot-socfpga/spl/arch/arm/lib/eabi_compat.o
 .debug_abbrev  0x00000000      0x1cd /cygdrive/c/Users/zc/Desktop/TSOM_GHRD-gao/TSOM_GHRD/software/preloader/uboot-socfpga/spl/arch/arm/lib/eabi_compat.o
 .debug_loc     0x00000000       0x21 /cygdrive/c/Users/zc/Desktop/TSOM_GHRD-gao/TSOM_GHRD/software/preloader/uboot-socfpga/spl/arch/arm/lib/eabi_compat.o
 .debug_aranges
                0x00000000       0x28 /cygdrive/c/Users/zc/Desktop/TSOM_GHRD-gao/TSOM_GHRD/software/preloader/uboot-socfpga/spl/arch/arm/lib/eabi_compat.o
 .debug_ranges  0x00000000       0x18 /cygdrive/c/Users/zc/Desktop/TSOM_GHRD-gao/TSOM_GHRD/software/preloader/uboot-socfpga/spl/arch/arm/lib/eabi_compat.o
 .debug_line    0x00000000      0x22c /cygdrive/c/Users/zc/Desktop/TSOM_GHRD-gao/TSOM_GHRD/software/preloader/uboot-socfpga/spl/arch/arm/lib/eabi_compat.o
 .debug_str     0x00000000      0x7f5 /cygdrive/c/Users/zc/Desktop/TSOM_GHRD-gao/TSOM_GHRD/software/preloader/uboot-socfpga/spl/arch/arm/lib/eabi_compat.o
 .comment       0x00000000       0x31 /cygdrive/c/Users/zc/Desktop/TSOM_GHRD-gao/TSOM_GHRD/software/preloader/uboot-socfpga/spl/arch/arm/lib/eabi_compat.o
 .debug_frame   0x00000000       0x40 /cygdrive/c/Users/zc/Desktop/TSOM_GHRD-gao/TSOM_GHRD/software/preloader/uboot-socfpga/spl/arch/arm/lib/eabi_compat.o
 .ARM.attributes
                0x00000000       0x2d /cygdrive/c/Users/zc/Desktop/TSOM_GHRD-gao/TSOM_GHRD/software/preloader/uboot-socfpga/spl/arch/arm/lib/eabi_compat.o
 .data          0x00000000        0x0 d:/intelfpga/17.1/embedded/host_tools/mentor/gnu/arm/baremetal/bin/../lib/gcc/arm-altera-eabi/6.2.0\libgcc.a(_udivsi3.o)
 .bss           0x00000000        0x0 d:/intelfpga/17.1/embedded/host_tools/mentor/gnu/arm/baremetal/bin/../lib/gcc/arm-altera-eabi/6.2.0\libgcc.a(_udivsi3.o)
 .data          0x00000000        0x0 d:/intelfpga/17.1/embedded/host_tools/mentor/gnu/arm/baremetal/bin/../lib/gcc/arm-altera-eabi/6.2.0\libgcc.a(_dvmd_tls.o)
 .bss           0x00000000        0x0 d:/intelfpga/17.1/embedded/host_tools/mentor/gnu/arm/baremetal/bin/../lib/gcc/arm-altera-eabi/6.2.0\libgcc.a(_dvmd_tls.o)
 .data          0x00000000        0x0 d:/intelfpga/17.1/embedded/host_tools/mentor/gnu/arm/baremetal/bin/../lib/gcc/arm-altera-eabi/6.2.0\libgcc.a(_lshrdi3.o)
 .bss           0x00000000        0x0 d:/intelfpga/17.1/embedded/host_tools/mentor/gnu/arm/baremetal/bin/../lib/gcc/arm-altera-eabi/6.2.0\libgcc.a(_lshrdi3.o)
 .data          0x00000000        0x0 d:/intelfpga/17.1/embedded/host_tools/mentor/gnu/arm/baremetal/bin/../lib/gcc/arm-altera-eabi/6.2.0\libgcc.a(_ashldi3.o)
 .bss           0x00000000        0x0 d:/intelfpga/17.1/embedded/host_tools/mentor/gnu/arm/baremetal/bin/../lib/gcc/arm-altera-eabi/6.2.0\libgcc.a(_ashldi3.o)

Memory Configuration

Name             Origin             Length             Attributes
.sram            0xffff0000         0x00010000
*default*        0x00000000         0xffffffff

Linker script and memory map


.text           0xffff0000     0x6850
 arch/arm/cpu/armv7/start.o(.text)
 .text          0xffff0000      0x164 arch/arm/cpu/armv7/start.o
                0xffff0000                _start
                0xffff0040                _end_vect
                0xffff0050                _TEXT_BASE
                0xffff0054                _bss_start_ofs
                0xffff0058                _image_copy_end_ofs
                0xffff005c                _bss_end_ofs
                0xffff0060                _end_ofs
                0xffff0064                IRQ_STACK_START
                0xffff0068                FIQ_STACK_START
                0xffff006c                IRQ_STACK_START_IN
                0xffff00a4                c_runtime_cpu_setup
                0xffff00c0                cpu_init_cp15
                0xffff0104                cpu_init_crit
 *(.text*)
 .text          0xffff0164       0x18 arch/arm/cpu/armv7/libarmv7.o
                0xffff0164                lowlevel_init
 .text.flush_dcache_range
                0xffff017c        0x2 arch/arm/cpu/armv7/libarmv7.o
                0xffff017c                flush_dcache_range
 *fill*         0xffff017e        0x2 
 .text          0xffff0180      0x15c arch/arm/cpu/armv7/socfpga/libsocfpga.o
                0xffff0180                save_boot_params
                0xffff01d4                fpgamgr_axi_write
                0xffff0224                reset_clock_manager
                0xffff02cc                reset_clock_manager_size
 .text.s_init   0xffff02dc       0x48 arch/arm/cpu/armv7/socfpga/libsocfpga.o
                0xffff02dc                s_init
 .text.timer_init
                0xffff0324       0x1c arch/arm/cpu/armv7/socfpga/libsocfpga.o
                0xffff0324                timer_init
 .text.__udelay
                0xffff0340       0x3c arch/arm/cpu/armv7/socfpga/libsocfpga.o
                0xffff0340                __udelay
 .text.get_timer_masked
                0xffff037c       0x40 arch/arm/cpu/armv7/socfpga/libsocfpga.o
                0xffff037c                get_timer_masked
 .text.get_timer
                0xffff03bc        0xc arch/arm/cpu/armv7/socfpga/libsocfpga.o
                0xffff03bc                get_timer
 .text.reset_timer
                0xffff03c8       0x24 arch/arm/cpu/armv7/socfpga/libsocfpga.o
                0xffff03c8                reset_timer
 .text.get_timer_count_masked
                0xffff03ec       0x30 arch/arm/cpu/armv7/socfpga/libsocfpga.o
                0xffff03ec                get_timer_count_masked
 .text.get_timer_count
                0xffff041c        0xc arch/arm/cpu/armv7/socfpga/libsocfpga.o
                0xffff041c                get_timer_count
 .text.reset_timer_count
                0xffff0428       0x14 arch/arm/cpu/armv7/socfpga/libsocfpga.o
                0xffff0428                reset_timer_count
 .text.watchdog_disable
                0xffff043c       0x18 arch/arm/cpu/armv7/socfpga/libsocfpga.o
                0xffff043c                watchdog_disable
 .text.is_wdt_in_reset
                0xffff0454       0x10 arch/arm/cpu/armv7/socfpga/libsocfpga.o
                0xffff0454                is_wdt_in_reset
 .text.reset_deassert_osc1timer0
                0xffff0464       0x10 arch/arm/cpu/armv7/socfpga/libsocfpga.o
                0xffff0464                reset_deassert_osc1timer0
 .text.reset_assert_all_bridges
                0xffff0474       0x10 arch/arm/cpu/armv7/socfpga/libsocfpga.o
                0xffff0474                reset_assert_all_bridges
 .text.reset_assert_all_peripherals_except_l4wd0
                0xffff0484       0x10 arch/arm/cpu/armv7/socfpga/libsocfpga.o
                0xffff0484                reset_assert_all_peripherals_except_l4wd0
 .text.reset_deassert_peripherals_handoff
                0xffff0494       0x2c arch/arm/cpu/armv7/socfpga/libsocfpga.o
                0xffff0494                reset_deassert_peripherals_handoff
 .text.reset_deassert_bridges_handoff
                0xffff04c0       0x28 arch/arm/cpu/armv7/socfpga/libsocfpga.o
                0xffff04c0                reset_deassert_bridges_handoff
 .text.compute_errata_rows
                0xffff04e8      0x10c arch/arm/cpu/armv7/socfpga/libsocfpga.o
                0xffff04e8                compute_errata_rows
 .text.sdram_set_rule
                0xffff05f4       0x64 arch/arm/cpu/armv7/socfpga/libsocfpga.o
                0xffff05f4                sdram_set_rule
 .text.sdram_get_rule
                0xffff0658       0x60 arch/arm/cpu/armv7/socfpga/libsocfpga.o
                0xffff0658                sdram_get_rule
 .text.sdram_set_protection_config
                0xffff06b8       0x7c arch/arm/cpu/armv7/socfpga/libsocfpga.o
                0xffff06b8                sdram_set_protection_config
 .text.sdram_dump_protection_config
                0xffff0734       0x14 arch/arm/cpu/armv7/socfpga/libsocfpga.o
                0xffff0734                sdram_dump_protection_config
 .text.sdram_calibration_full
                0xffff0748        0x4 arch/arm/cpu/armv7/socfpga/libsocfpga.o
                0xffff0748                sdram_calibration_full
 .text.sdram_calculate_size
                0xffff074c       0x48 arch/arm/cpu/armv7/socfpga/libsocfpga.o
                0xffff074c                sdram_calculate_size
 .text.sdram_mmr_init_full
                0xffff0794      0x430 arch/arm/cpu/armv7/socfpga/libsocfpga.o
                0xffff0794                sdram_mmr_init_full
 .text.is_fpgamgr_initdone_high
                0xffff0bc4       0x10 arch/arm/cpu/armv7/socfpga/libsocfpga.o
 .text.fpgamgr_get_mode
                0xffff0bd4       0x10 arch/arm/cpu/armv7/socfpga/libsocfpga.o
 .text.is_fpgamgr_fpga_ready
                0xffff0be4       0x20 arch/arm/cpu/armv7/socfpga/libsocfpga.o
                0xffff0be4                is_fpgamgr_fpga_ready
 .text.gic_dic_clear_enable_all_intr
                0xffff0c04       0x28 arch/arm/cpu/armv7/socfpga/libsocfpga.o
                0xffff0c04                gic_dic_clear_enable_all_intr
 .text.gic_dic_clear_pending_all_intr
                0xffff0c2c       0x28 arch/arm/cpu/armv7/socfpga/libsocfpga.o
                0xffff0c2c                gic_dic_clear_pending_all_intr
 .text.gic_dic_set_enable
                0xffff0c54       0x1c arch/arm/cpu/armv7/socfpga/libsocfpga.o
                0xffff0c54                gic_dic_set_enable
 .text.gic_dic_set_target_processor
                0xffff0c70       0x2c arch/arm/cpu/armv7/socfpga/libsocfpga.o
                0xffff0c70                gic_dic_set_target_processor
 .text.gic_dic_set_config
                0xffff0c9c       0x30 arch/arm/cpu/armv7/socfpga/libsocfpga.o
                0xffff0c9c                gic_dic_set_config
 .text.gic_dic_clear_pending
                0xffff0ccc       0x1c arch/arm/cpu/armv7/socfpga/libsocfpga.o
                0xffff0ccc                gic_dic_clear_pending
 .text.do_irq   0xffff0ce8       0x2c arch/arm/cpu/armv7/socfpga/libsocfpga.o
                0xffff0ce8                do_irq
 .text.arch_interrupt_init
                0xffff0d14       0x34 arch/arm/cpu/armv7/socfpga/libsocfpga.o
                0xffff0d14                arch_interrupt_init
 .text.irq_register
                0xffff0d48       0x2c arch/arm/cpu/armv7/socfpga/libsocfpga.o
                0xffff0d48                irq_register
 .text.cm_basic_init
                0xffff0d74      0x2c8 arch/arm/cpu/armv7/socfpga/libsocfpga.o
                0xffff0d74                cm_basic_init
 .text.cm_get_mpu_clk_hz
                0xffff103c       0x40 arch/arm/cpu/armv7/socfpga/libsocfpga.o
                0xffff103c                cm_get_mpu_clk_hz
 .text.cm_get_sdram_clk_hz
                0xffff107c       0x44 arch/arm/cpu/armv7/socfpga/libsocfpga.o
                0xffff107c                cm_get_sdram_clk_hz
 .text.cm_get_l4_sp_clk_hz
                0xffff10c0       0x8c arch/arm/cpu/armv7/socfpga/libsocfpga.o
                0xffff10c0                cm_get_l4_sp_clk_hz
 .text.cm_get_mmc_controller_clk_hz
                0xffff114c       0x7c arch/arm/cpu/armv7/socfpga/libsocfpga.o
                0xffff114c                cm_get_mmc_controller_clk_hz
 .text.cm_get_qspi_controller_clk_hz
                0xffff11c8       0x78 arch/arm/cpu/armv7/socfpga/libsocfpga.o
                0xffff11c8                cm_get_qspi_controller_clk_hz
 .text.cm_print_clock_quick_summary
                0xffff1240       0xac arch/arm/cpu/armv7/socfpga/libsocfpga.o
                0xffff1240                cm_print_clock_quick_summary
 .text.cm_derive_clocks_for_drivers
                0xffff12ec       0x1c arch/arm/cpu/armv7/socfpga/libsocfpga.o
                0xffff12ec                cm_derive_clocks_for_drivers
 .text.board_init_f
                0xffff1308       0x1c arch/arm/cpu/armv7/socfpga/libsocfpga.o
                0xffff1308                board_init_f
 .text.spl_boot_device
                0xffff1324        0x4 arch/arm/cpu/armv7/socfpga/libsocfpga.o
                0xffff1324                spl_boot_device
 .text.spl_boot_mode
                0xffff1328        0x4 arch/arm/cpu/armv7/socfpga/libsocfpga.o
                0xffff1328                spl_boot_mode
 .text.spl_board_init
                0xffff132c      0x1b0 arch/arm/cpu/armv7/socfpga/libsocfpga.o
                0xffff132c                spl_board_init
 .text.sys_mgr_frzctrl_freeze_req
                0xffff14dc       0x98 arch/arm/cpu/armv7/socfpga/libsocfpga.o
                0xffff14dc                sys_mgr_frzctrl_freeze_req
 .text.sys_mgr_frzctrl_thaw_req
                0xffff1574       0xe8 arch/arm/cpu/armv7/socfpga/libsocfpga.o
                0xffff1574                sys_mgr_frzctrl_thaw_req
 .text.sys_mgr_frzctrl_frzchn_is_frozen
                0xffff165c       0x14 arch/arm/cpu/armv7/socfpga/libsocfpga.o
                0xffff165c                sys_mgr_frzctrl_frzchn_is_frozen
 .text.irq_handler_ecc_ocram_corrected
                0xffff1670       0x24 arch/arm/cpu/armv7/socfpga/libsocfpga.o
                0xffff1670                irq_handler_ecc_ocram_corrected
 .text.irq_handler_ecc_ocram_uncorrected
                0xffff1694       0x28 arch/arm/cpu/armv7/socfpga/libsocfpga.o
                0xffff1694                irq_handler_ecc_ocram_uncorrected
 .text.nic301_slave_ns
                0xffff16bc       0x20 arch/arm/cpu/armv7/socfpga/libsocfpga.o
                0xffff16bc                nic301_slave_ns
 .text.scan_mgr_io_scan_chain_prg
                0xffff16dc      0x148 arch/arm/cpu/armv7/socfpga/libsocfpga.o
                0xffff16dc                scan_mgr_io_scan_chain_prg
 .text.sysmgr_pinmux_init
                0xffff1824       0xbc arch/arm/cpu/armv7/socfpga/libsocfpga.o
                0xffff1824                sysmgr_pinmux_init
 .text.sysmgr_sdmmc_pweren_mux_check
                0xffff18e0       0x18 arch/arm/cpu/armv7/socfpga/libsocfpga.o
                0xffff18e0                sysmgr_sdmmc_pweren_mux_check
 .text.cpu_mmc_init
                0xffff18f8       0x10 arch/arm/cpu/armv7/socfpga/libsocfpga.o
                0xffff18f8                cpu_mmc_init
 .text.ram_boot_setup
                0xffff1908       0x4c arch/arm/cpu/armv7/socfpga/libsocfpga.o
                0xffff1908                ram_boot_setup
 .text          0xffff1954       0x20 arch/arm/lib/libarm.o
                0xffff1954                _main
 .text.interrupt_init
                0xffff1974       0x20 arch/arm/lib/libarm.o
                0xffff1974                interrupt_init
 .text.enable_interrupts
                0xffff1994        0xe arch/arm/lib/libarm.o
                0xffff1994                enable_interrupts
 *fill*         0xffff19a2        0x2 
 .text.checkboard
                0xffff19a4       0x10 board/altera/socfpga/libsocfpga.o
                0xffff19a4                checkboard
 .text.set_failing_group_stage
                0xffff19b4       0x18 board/altera/socfpga/sdram/libsocfpga-sdram.o
 .text.scc_mgr_set_oct_out1_delay
                0xffff19cc       0x94 board/altera/socfpga/sdram/libsocfpga-sdram.o
 .text.initialize
                0xffff1a60       0x40 board/altera/socfpga/sdram/libsocfpga-sdram.o
                0xffff1a60                initialize
 .text.set_rank_and_odt_mask
                0xffff1aa0       0x20 board/altera/socfpga/sdram/libsocfpga-sdram.o
                0xffff1aa0                set_rank_and_odt_mask
 .text.scc_mgr_initialize
                0xffff1ac0       0x20 board/altera/socfpga/sdram/libsocfpga-sdram.o
                0xffff1ac0                scc_mgr_initialize
 .text.scc_mgr_set_dqs_en_phase_all_ranks
                0xffff1ae0       0x8c board/altera/socfpga/sdram/libsocfpga-sdram.o
                0xffff1ae0                scc_mgr_set_dqs_en_phase_all_ranks
 .text.scc_mgr_set_dqdqs_output_phase_all_ranks
                0xffff1b6c       0x8c board/altera/socfpga/sdram/libsocfpga-sdram.o
                0xffff1b6c                scc_mgr_set_dqdqs_output_phase_all_ranks
 .text.scc_mgr_set_dqs_en_delay_all_ranks
                0xffff1bf8       0x8c board/altera/socfpga/sdram/libsocfpga-sdram.o
                0xffff1bf8                scc_mgr_set_dqs_en_delay_all_ranks
 .text.scc_mgr_zero_all
                0xffff1c84       0x84 board/altera/socfpga/sdram/libsocfpga-sdram.o
                0xffff1c84                scc_mgr_zero_all
 .text.scc_set_bypass_mode
                0xffff1d08       0x28 board/altera/socfpga/sdram/libsocfpga-sdram.o
                0xffff1d08                scc_set_bypass_mode
 .text.scc_mgr_load_dqs_for_write_group
                0xffff1d30       0x1c board/altera/socfpga/sdram/libsocfpga-sdram.o
                0xffff1d30                scc_mgr_load_dqs_for_write_group
 .text.scc_mgr_zero_group
                0xffff1d4c       0x84 board/altera/socfpga/sdram/libsocfpga-sdram.o
                0xffff1d4c                scc_mgr_zero_group
 .text.scc_mgr_apply_group_dq_in_delay
                0xffff1dd0       0x98 board/altera/socfpga/sdram/libsocfpga-sdram.o
                0xffff1dd0                scc_mgr_apply_group_dq_in_delay
 .text.scc_mgr_apply_group_dq_out1_delay
                0xffff1e68       0x28 board/altera/socfpga/sdram/libsocfpga-sdram.o
                0xffff1e68                scc_mgr_apply_group_dq_out1_delay
 .text.scc_mgr_apply_group_dm_out1_delay
                0xffff1e90       0x10 board/altera/socfpga/sdram/libsocfpga-sdram.o
                0xffff1e90                scc_mgr_apply_group_dm_out1_delay
 .text.scc_mgr_apply_group_dqs_io_and_oct_out1
                0xffff1ea0       0x20 board/altera/socfpga/sdram/libsocfpga-sdram.o
                0xffff1ea0                scc_mgr_apply_group_dqs_io_and_oct_out1
 .text.scc_mgr_apply_group_all_out_delay_add
                0xffff1ec0       0x58 board/altera/socfpga/sdram/libsocfpga-sdram.o
                0xffff1ec0                scc_mgr_apply_group_all_out_delay_add
 .text.scc_mgr_apply_group_all_out_delay_add_all_ranks
                0xffff1f18       0x14 board/altera/socfpga/sdram/libsocfpga-sdram.o
                0xffff1f18                scc_mgr_apply_group_all_out_delay_add_all_ranks
 .text.set_jump_as_return
                0xffff1f2c       0x14 board/altera/socfpga/sdram/libsocfpga-sdram.o
                0xffff1f2c                set_jump_as_return
 .text.rw_mgr_mem_initialize
                0xffff1f40      0x124 board/altera/socfpga/sdram/libsocfpga-sdram.o
                0xffff1f40                rw_mgr_mem_initialize
 .text.rw_mgr_mem_handoff
                0xffff2064       0x7c board/altera/socfpga/sdram/libsocfpga-sdram.o
                0xffff2064                rw_mgr_mem_handoff
 .text.rw_mgr_mem_calibrate_read_test_patterns
                0xffff20e0      0x18c board/altera/socfpga/sdram/libsocfpga-sdram.o
                0xffff20e0                rw_mgr_mem_calibrate_read_test_patterns
 .text.rw_mgr_mem_calibrate_read_test_patterns_all_ranks
                0xffff226c       0x48 board/altera/socfpga/sdram/libsocfpga-sdram.o
                0xffff226c                rw_mgr_mem_calibrate_read_test_patterns_all_ranks
 .text.rw_mgr_mem_calibrate_read_load_patterns
                0xffff22b4       0x88 board/altera/socfpga/sdram/libsocfpga-sdram.o
                0xffff22b4                rw_mgr_mem_calibrate_read_load_patterns
 .text.rw_mgr_mem_calibrate_read_test
                0xffff233c      0x230 board/altera/socfpga/sdram/libsocfpga-sdram.o
                0xffff233c                rw_mgr_mem_calibrate_read_test
 .text.rw_mgr_decr_vfifo
                0xffff256c       0x1c board/altera/socfpga/sdram/libsocfpga-sdram.o
                0xffff256c                rw_mgr_decr_vfifo
 .text.rw_mgr_mem_calibrate_vfifo_find_dqs_en_phase
                0xffff2588      0x37c board/altera/socfpga/sdram/libsocfpga-sdram.o
                0xffff2588                rw_mgr_mem_calibrate_vfifo_find_dqs_en_phase
 .text.rw_mgr_mem_calibrate_lfifo
                0xffff2904       0xa8 board/altera/socfpga/sdram/libsocfpga-sdram.o
                0xffff2904                rw_mgr_mem_calibrate_lfifo
 .text.rw_mgr_mem_calibrate_write_test_issue
                0xffff29ac      0x120 board/altera/socfpga/sdram/libsocfpga-sdram.o
                0xffff29ac                rw_mgr_mem_calibrate_write_test_issue
 .text.rw_mgr_mem_calibrate_write_test
                0xffff2acc       0x9c board/altera/socfpga/sdram/libsocfpga-sdram.o
                0xffff2acc                rw_mgr_mem_calibrate_write_test
 .text.rw_mgr_mem_calibrate_vfifo_center
                0xffff2b68      0x700 board/altera/socfpga/sdram/libsocfpga-sdram.o
                0xffff2b68                rw_mgr_mem_calibrate_vfifo_center
 .text.rw_mgr_mem_calibrate_vfifo
                0xffff3268      0x3c0 board/altera/socfpga/sdram/libsocfpga-sdram.o
                0xffff3268                rw_mgr_mem_calibrate_vfifo
 .text.rw_mgr_mem_calibrate_vfifo_end
                0xffff3628       0x64 board/altera/socfpga/sdram/libsocfpga-sdram.o
                0xffff3628                rw_mgr_mem_calibrate_vfifo_end
 .text.rw_mgr_mem_calibrate_writes_center
                0xffff368c      0x3d0 board/altera/socfpga/sdram/libsocfpga-sdram.o
                0xffff368c                rw_mgr_mem_calibrate_writes_center
 .text.rw_mgr_mem_calibrate_writes
                0xffff3a5c       0x48 board/altera/socfpga/sdram/libsocfpga-sdram.o
                0xffff3a5c                rw_mgr_mem_calibrate_writes
 .text.mem_precharge_and_activate
                0xffff3aa4       0x48 board/altera/socfpga/sdram/libsocfpga-sdram.o
                0xffff3aa4                mem_precharge_and_activate
 .text.mem_config
                0xffff3aec       0x50 board/altera/socfpga/sdram/libsocfpga-sdram.o
                0xffff3aec                mem_config
 .text.mem_skip_calibrate
                0xffff3b3c       0xc8 board/altera/socfpga/sdram/libsocfpga-sdram.o
                0xffff3b3c                mem_skip_calibrate
 .text.mem_calibrate
                0xffff3c04      0x148 board/altera/socfpga/sdram/libsocfpga-sdram.o
                0xffff3c04                mem_calibrate
 .text.run_mem_calibrate
                0xffff3d4c       0xe4 board/altera/socfpga/sdram/libsocfpga-sdram.o
                0xffff3d4c                run_mem_calibrate
 .text.hc_initialize_rom_data
                0xffff3e30      0x134 board/altera/socfpga/sdram/libsocfpga-sdram.o
                0xffff3e30                hc_initialize_rom_data
 .text.initialize_reg_file
                0xffff3f64       0x2c board/altera/socfpga/sdram/libsocfpga-sdram.o
                0xffff3f64                initialize_reg_file
 .text.initialize_hps_phy
                0xffff3f90       0x20 board/altera/socfpga/sdram/libsocfpga-sdram.o
                0xffff3f90                initialize_hps_phy
 .text.initialize_tracking
                0xffff3fb0       0x40 board/altera/socfpga/sdram/libsocfpga-sdram.o
                0xffff3fb0                initialize_tracking
 .text.sdram_calibration
                0xffff3ff0       0x74 board/altera/socfpga/sdram/libsocfpga-sdram.o
                0xffff3ff0                sdram_calibration
 .text.puts     0xffff4064       0x28 common/libcommon.o
                0xffff4064                puts
 .text.printf   0xffff408c       0x2c common/libcommon.o
                0xffff408c                printf
 .text.sbrk     0xffff40b8       0x40 common/libcommon.o
                0xffff40b8                sbrk
 .text.mem_malloc_init
                0xffff40f8       0x28 common/libcommon.o
                0xffff40f8                mem_malloc_init
 .text.malloc_trim
                0xffff4120       0x84 common/libcommon.o
                0xffff4120                malloc_trim
 .text.free     0xffff41a4      0x15c common/libcommon.o
                0xffff41a4                free
 .text.malloc   0xffff4300      0x3ec common/libcommon.o
                0xffff4300                malloc
 .text.calloc   0xffff46ec       0x84 common/libcommon.o
                0xffff46ec                calloc
 .text.hang     0xffff4770       0x10 common/spl/libspl.o
                0xffff4770                hang
 .text.spl_parse_image_header
                0xffff4780       0x74 common/spl/libspl.o
                0xffff4780                spl_parse_image_header
 .text.jump_to_image_no_args
                0xffff47f4       0x4c common/spl/libspl.o
                0xffff47f4                jump_to_image_no_args
 .text.board_init_r
                0xffff4840       0x40 common/spl/libspl.o
                0xffff4840                board_init_r
 .text.preloader_console_init
                0xffff4880       0x2c common/spl/libspl.o
                0xffff4880                preloader_console_init
 .text.spl_mmc_load_image
                0xffff48ac      0x13c drivers/mmc/libmmc.o
                0xffff48ac                spl_mmc_load_image
 .text.mmc_set_ios
                0xffff49e8        0x6 drivers/mmc/libmmc.o
 .text.mmc_send_cmd
                0xffff49ee       0x22 drivers/mmc/libmmc.o
 .text.mmc_send_ext_csd
                0xffff4a10       0x2e drivers/mmc/libmmc.o
 .text.mmc_go_idle
                0xffff4a3e       0x32 drivers/mmc/libmmc.o
 .text.mmc_send_status.constprop.5
                0xffff4a70       0x84 drivers/mmc/libmmc.o
 .text.mmc_switch.isra.0
                0xffff4af4       0x30 drivers/mmc/libmmc.o
 .text.__board_mmc_getcd
                0xffff4b24        0x6 drivers/mmc/libmmc.o
                0xffff4b24                board_mmc_getcd
                0xffff4b24                __board_mmc_getcd
 *fill*         0xffff4b2a        0x2 
 .text.find_mmc_device
                0xffff4b2c       0x30 drivers/mmc/libmmc.o
                0xffff4b2c                find_mmc_device
 .text.mmc_berase
                0xffff4b5c      0x104 drivers/mmc/libmmc.o
 .text.mmc_bwrite
                0xffff4c60       0xf4 drivers/mmc/libmmc.o
 .text.mmc_bread
                0xffff4d54       0xe4 drivers/mmc/libmmc.o
 .text.mmc_getcd
                0xffff4e38       0x1c drivers/mmc/libmmc.o
                0xffff4e38                mmc_getcd
 .text.mmc_set_clock
                0xffff4e54       0x16 drivers/mmc/libmmc.o
                0xffff4e54                mmc_set_clock
 *fill*         0xffff4e6a        0x2 
 .text.mmc_startup
                0xffff4e6c      0x658 drivers/mmc/libmmc.o
 .text.mmc_register
                0xffff54c4       0x60 drivers/mmc/libmmc.o
                0xffff54c4                mmc_register
 .text.mmc_init
                0xffff5524      0x224 drivers/mmc/libmmc.o
                0xffff5524                mmc_init
 .text.__def_mmc_init
                0xffff5748        0x6 drivers/mmc/libmmc.o
                0xffff5748                board_mmc_init
 *fill*         0xffff574e        0x2 
 .text.print_mmc_devices
                0xffff5750       0x50 drivers/mmc/libmmc.o
                0xffff5750                print_mmc_devices
 .text.mmc_initialize
                0xffff57a0       0x30 drivers/mmc/libmmc.o
                0xffff57a0                mmc_initialize
 .text.dwmci_set_ios
                0xffff57d0       0xac drivers/mmc/libmmc.o
 .text.dwmci_send_cmd
                0xffff587c      0x1d4 drivers/mmc/libmmc.o
 .text.dwmci_init
                0xffff5a50       0x6c drivers/mmc/libmmc.o
 .text.add_dwmci
                0xffff5abc       0x98 drivers/mmc/libmmc.o
                0xffff5abc                add_dwmci
 .text.altera_dwmci_clksel
                0xffff5b54       0x24 drivers/mmc/libmmc.o
 .text.altera_dwmmc_init
                0xffff5b78       0x58 drivers/mmc/libmmc.o
                0xffff5b78                altera_dwmmc_init
 .text.NS16550_init
                0xffff5bd0       0x30 drivers/serial/libserial.o
                0xffff5bd0                NS16550_init
 .text.NS16550_reinit
                0xffff5c00       0x30 drivers/serial/libserial.o
                0xffff5c00                NS16550_reinit
 .text.NS16550_putc
                0xffff5c30        0xc drivers/serial/libserial.o
                0xffff5c30                NS16550_putc
 .text.NS16550_getc
                0xffff5c3c        0xe drivers/serial/libserial.o
                0xffff5c3c                NS16550_getc
 .text.NS16550_tstc
                0xffff5c4a        0xa drivers/serial/libserial.o
                0xffff5c4a                NS16550_tstc
 .text.get_current
                0xffff5c54       0x2c drivers/serial/libserial.o
 .text.serial_init
                0xffff5c80        0xe drivers/serial/libserial.o
                0xffff5c80                serial_init
 .text.serial_puts
                0xffff5c8e       0x12 drivers/serial/libserial.o
                0xffff5c8e                serial_puts
 .text.calc_divisor.isra.0
                0xffff5ca0       0x20 drivers/serial/libserial.o
 .text.eserial1_init
                0xffff5cc0       0x18 drivers/serial/libserial.o
 .text._serial_putc
                0xffff5cd8       0x2c drivers/serial/libserial.o
                0xffff5cd8                _serial_putc
 .text.eserial1_putc
                0xffff5d04        0x6 drivers/serial/libserial.o
 .text._serial_puts
                0xffff5d0a       0x16 drivers/serial/libserial.o
                0xffff5d0a                _serial_puts
 .text.eserial1_puts
                0xffff5d20        0x6 drivers/serial/libserial.o
 *fill*         0xffff5d26        0x2 
 .text._serial_getc
                0xffff5d28       0x14 drivers/serial/libserial.o
                0xffff5d28                _serial_getc
 .text.eserial1_getc
                0xffff5d3c        0x6 drivers/serial/libserial.o
 *fill*         0xffff5d42        0x2 
 .text._serial_tstc
                0xffff5d44       0x10 drivers/serial/libserial.o
                0xffff5d44                _serial_tstc
 .text.eserial1_tstc
                0xffff5d54        0x6 drivers/serial/libserial.o
 *fill*         0xffff5d5a        0x2 
 .text._serial_setbrg
                0xffff5d5c       0x20 drivers/serial/libserial.o
                0xffff5d5c                _serial_setbrg
 .text.eserial1_setbrg
                0xffff5d7c        0x6 drivers/serial/libserial.o
 *fill*         0xffff5d82        0x2 
 .text.default_serial_console
                0xffff5d84        0x8 drivers/serial/libserial.o
                0xffff5d84                default_serial_console
 .text.crc32_no_comp
                0xffff5d8c       0x8c lib/libgeneric.o
                0xffff5d8c                crc32_no_comp
 .text.crc32    0xffff5e18        0xc lib/libgeneric.o
                0xffff5e18                crc32
 .text.crc32_wd
                0xffff5e24        0x4 lib/libgeneric.o
                0xffff5e24                crc32_wd
 .text.__div64_32
                0xffff5e28       0x7e lib/libgeneric.o
                0xffff5e28                __div64_32
 .text.strnlen  0xffff5ea6       0x18 lib/libgeneric.o
                0xffff5ea6                strnlen
 .text.memset   0xffff5ebe       0x42 lib/libgeneric.o
                0xffff5ebe                memset
 .text.memcpy   0xffff5f00       0x48 lib/libgeneric.o
                0xffff5f00                memcpy
 .text.memcmp   0xffff5f48       0x1e lib/libgeneric.o
                0xffff5f48                memcmp
 *fill*         0xffff5f66        0x2 
 .text.udelay   0xffff5f68       0x20 lib/libgeneric.o
                0xffff5f68                udelay
 .text.put_dec_trunc
                0xffff5f88       0x96 lib/libgeneric.o
 *fill*         0xffff601e        0x2 
 .text.put_dec  0xffff6020       0xec lib/libgeneric.o
 .text.string.isra.0
                0xffff610c       0x60 lib/libgeneric.o
 .text.number.isra.4
                0xffff616c      0x1ac lib/libgeneric.o
 .text.vsnprintf_internal.isra.6
                0xffff6318      0x3c8 lib/libgeneric.o
 .text.vsprintf
                0xffff66e0        0x4 lib/libgeneric.o
                0xffff66e0                vsprintf
 .text.sprintf  0xffff66e4       0x1a lib/libgeneric.o
                0xffff66e4                sprintf
 *fill*         0xffff66fe        0x2 
 .text          0xffff6700      0x114 d:/intelfpga/17.1/embedded/host_tools/mentor/gnu/arm/baremetal/bin/../lib/gcc/arm-altera-eabi/6.2.0\libgcc.a(_udivsi3.o)
                0xffff6700                __aeabi_uidiv
                0xffff6700                __udivsi3
                0xffff67f4                __aeabi_uidivmod
 .text          0xffff6814        0x4 d:/intelfpga/17.1/embedded/host_tools/mentor/gnu/arm/baremetal/bin/../lib/gcc/arm-altera-eabi/6.2.0\libgcc.a(_dvmd_tls.o)
                0xffff6814                __aeabi_idiv0
                0xffff6814                __aeabi_ldiv0
 .text          0xffff6818       0x1c d:/intelfpga/17.1/embedded/host_tools/mentor/gnu/arm/baremetal/bin/../lib/gcc/arm-altera-eabi/6.2.0\libgcc.a(_lshrdi3.o)
                0xffff6818                __lshrdi3
                0xffff6818                __aeabi_llsr
 .text          0xffff6834       0x1c d:/intelfpga/17.1/embedded/host_tools/mentor/gnu/arm/baremetal/bin/../lib/gcc/arm-altera-eabi/6.2.0\libgcc.a(_ashldi3.o)
                0xffff6834                __aeabi_llsl
                0xffff6834                __ashldi3

.glue_7         0xffff6850        0x0
 .glue_7        0xffff6850        0x0 linker stubs

.glue_7t        0xffff6850        0x0
 .glue_7t       0xffff6850        0x0 linker stubs

.vfp11_veneer   0xffff6850        0x0
 .vfp11_veneer  0xffff6850        0x0 linker stubs

.v4_bx          0xffff6850        0x0
 .v4_bx         0xffff6850        0x0 linker stubs

.iplt           0xffff6850        0x0
 .iplt          0xffff6850        0x0 arch/arm/cpu/armv7/start.o
                0xffff6850                . = ALIGN (0x4)

.rodata         0xffff6850     0x186f
 *(SORT(.rodata*))
 .rodata        0xffff6850       0x68 arch/arm/cpu/armv7/socfpga/libsocfpga.o
 .rodata.ac_rom_init
                0xffff68b8       0x90 board/altera/socfpga/sdram/libsocfpga-sdram.o
                0xffff68b8                ac_rom_init
 .rodata.ac_rom_init_size
                0xffff6948        0x4 board/altera/socfpga/sdram/libsocfpga-sdram.o
                0xffff6948                ac_rom_init_size
 .rodata.crc_table
                0xffff694c      0x400 lib/libgeneric.o
 .rodata.ext_csd_bits.6485
                0xffff6d4c        0xc drivers/mmc/libmmc.o
 .rodata.ext_to_hostcaps.6486
                0xffff6d58        0xc drivers/mmc/libmmc.o
 .rodata.fbase  0xffff6d64       0x10 drivers/mmc/libmmc.o
 .rodata.inst_rom_init
                0xffff6d74      0x1fc board/altera/socfpga/sdram/libsocfpga-sdram.o
                0xffff6d74                inst_rom_init
 .rodata.inst_rom_init_size
                0xffff6f70        0x4 board/altera/socfpga/sdram/libsocfpga-sdram.o
                0xffff6f70                inst_rom_init_size
 .rodata.iocsr_scan_chain0_table
                0xffff6f74       0x60 board/altera/socfpga/libsocfpga.o
                0xffff6f74                iocsr_scan_chain0_table
 .rodata.iocsr_scan_chain1_table
                0xffff6fd4       0xd8 board/altera/socfpga/libsocfpga.o
                0xffff6fd4                iocsr_scan_chain1_table
 .rodata.iocsr_scan_chain2_table
                0xffff70ac       0x78 board/altera/socfpga/libsocfpga.o
                0xffff70ac                iocsr_scan_chain2_table
 .rodata.iocsr_scan_chain3_table
                0xffff7124      0x830 board/altera/socfpga/libsocfpga.o
                0xffff7124                iocsr_scan_chain3_table
 .rodata.multipliers
                0xffff7954       0x40 drivers/mmc/libmmc.o
 .rodata.serial_ports
                0xffff7994       0x18 drivers/serial/libserial.o
 .rodata.widths.6487
                0xffff79ac        0xc drivers/mmc/libmmc.o
 .rodata._ctype
                0xffff79b8      0x100 lib/libgeneric.o
                0xffff79b8                _ctype
 .rodata.add_dwmci.str1.1
                0xffff7ab8       0x15 drivers/mmc/libmmc.o
 .rodata.altera_dwmmc_init.str1.1
                0xffff7acd       0x26 drivers/mmc/libmmc.o
 .rodata.checkboard.str1.1
                0xffff7af3       0x28 board/altera/socfpga/libsocfpga.o
 .rodata.cm_print_clock_quick_summary.str1.1
                0xffff7b1b       0xfc arch/arm/cpu/armv7/socfpga/libsocfpga.o
 .rodata.compute_errata_rows.str1.1
                0xffff7c17       0x75 arch/arm/cpu/armv7/socfpga/libsocfpga.o
 .rodata.digits.6073
                0xffff7c8c       0x10 lib/libgeneric.o
 .rodata.dwmci_send_cmd.str1.1
                0xffff7c9c       0x16 drivers/mmc/libmmc.o
 .rodata.dwmci_set_ios.str1.1
                0xffff7cb2       0x32 drivers/mmc/libmmc.o
 .rodata.find_mmc_device.str1.1
                0xffff7ce4       0x19 drivers/mmc/libmmc.o
 .rodata.get_current.str1.1
                0xffff7cfd       0x15 drivers/serial/libserial.o
 .rodata.hang.str1.1
                0xffff7d12       0x2a common/spl/libspl.o
 .rodata.hex_asc
                0xffff7d3c       0x11 lib/libgeneric.o
 .rodata.irq_handler_ecc_ocram_corrected.str1.1
                0xffff7d4d       0x24 arch/arm/cpu/armv7/socfpga/libsocfpga.o
 .rodata.irq_handler_ecc_ocram_uncorrected.str1.1
                0xffff7d71       0x27 arch/arm/cpu/armv7/socfpga/libsocfpga.o
 .rodata.jump_to_image_no_args.str1.1
                0xffff7d98       0x1f common/spl/libspl.o
 .rodata.mmc_berase.str1.1
                0xffff7db7       0x6f drivers/mmc/libmmc.o
 .rodata.mmc_bwrite.str1.1
                0xffff7e26       0x59 drivers/mmc/libmmc.o
 .rodata.mmc_init.str1.1
                0xffff7e7f       0x3f drivers/mmc/libmmc.o
 .rodata.mmc_send_status.constprop.5.str1.1
                0xffff7ebe       0x32 drivers/mmc/libmmc.o
 .rodata.mmc_startup.str1.1
                0xffff7ef0       0x29 drivers/mmc/libmmc.o
 .rodata.preloader_console_init.str1.1
                0xffff7f19       0x31 common/spl/libspl.o
 .rodata.print_mmc_devices.str1.1
                0xffff7f4a        0xb drivers/mmc/libmmc.o
                                  0xd (size before relaxing)
 .rodata.run_mem_calibrate.str1.1
                0xffff7f55       0x36 board/altera/socfpga/sdram/libsocfpga-sdram.o
 .rodata.sdram_calibration.str1.1
                0xffff7f8b       0x2e board/altera/socfpga/sdram/libsocfpga-sdram.o
 .rodata.spl_board_init.str1.1
                0xffff7fb9       0x65 arch/arm/cpu/armv7/socfpga/libsocfpga.o
 .rodata.spl_mmc_load_image.str1.1
                0xffff801e       0x93 drivers/mmc/libmmc.o
 .rodata.spl_parse_image_header.str1.1
                0xffff80b1        0x7 common/spl/libspl.o
 .rodata.string.isra.0.str1.1
                0xffff80b8        0x7 lib/libgeneric.o

.rel.dyn        0xffff80c0        0x0
 .rel.iplt      0xffff80c0        0x0 arch/arm/cpu/armv7/start.o
                0xffff80c0                . = ALIGN (0x4)

.data           0xffff80c0      0xed4
 *(SORT(.data*))
 .data          0xffff80c0       0x80 arch/arm/lib/libarm.o
                0xffff80c0                gdata
 .data          0xffff8140       0x14 arch/arm/cpu/armv7/socfpga/libsocfpga.o
                0xffff8140                cm_l4_sp_clock
                0xffff8144                cm_sdmmc_clock
                0xffff8148                cm_qspi_clock
                0xffff814c                rst_mgr_status
                0xffff8150                debug_memory_write_addr
 .data.interrupt_vectors
                0xffff8154      0x6a0 arch/arm/cpu/armv7/socfpga/libsocfpga.o
                0xffff8154                interrupt_vectors
 .data.sys_mgr_init_table
                0xffff87f4      0x33c board/altera/socfpga/libsocfpga.o
                0xffff87f4                sys_mgr_init_table
 .data.av_      0xffff8b30      0x408 common/libcommon.o
 .data.sbrk_base
                0xffff8f38        0x4 common/libcommon.o
 .data.trim_threshold
                0xffff8f3c        0x4 common/libcommon.o
 .data          0xffff8f40       0x20 common/spl/libspl.o
 .data.cur_dev_num
                0xffff8f60        0x4 drivers/mmc/libmmc.o
 .data.eserial1_device
                0xffff8f64       0x30 drivers/serial/libserial.o
                0xffff8f64                eserial1_device
                0xffff8f94                __ecc_padding_start = .

.igot.plt       0xffff8f94        0x0
 .igot.plt      0xffff8f94        0x0 arch/arm/cpu/armv7/start.o
                0xffff8f94                . = ALIGN (0x4)
                0xffff8f94                __image_copy_end = .
                0xffff8f94                _end = .

.bss            0xffff8f94       0xa4
                0xffff8f94                . = ALIGN (0x4)
                0xffff8f94                __bss_start = .
 *(.bss*)
 .bss.frzctrl_channel_freeze
                0xffff8f94       0x10 arch/arm/cpu/armv7/socfpga/libsocfpga.o
 .bss.irq_cnt_ecc_ocram_corrected
                0xffff8fa4        0x4 arch/arm/cpu/armv7/socfpga/libsocfpga.o
                0xffff8fa4                irq_cnt_ecc_ocram_corrected
 .bss.irq_cnt_ecc_ocram_uncorrected
                0xffff8fa8        0x4 arch/arm/cpu/armv7/socfpga/libsocfpga.o
                0xffff8fa8                irq_cnt_ecc_ocram_uncorrected
 .bss.dyn_calib_steps
                0xffff8fac        0x2 board/altera/socfpga/sdram/libsocfpga-sdram.o
                0xffff8fac                dyn_calib_steps
 *fill*         0xffff8fae        0x2 
 .bss.gbl       0xffff8fb0        0x4 board/altera/socfpga/sdram/libsocfpga-sdram.o
                0xffff8fb0                gbl
 .bss.param     0xffff8fb4        0x4 board/altera/socfpga/sdram/libsocfpga-sdram.o
                0xffff8fb4                param
 .bss.skip_delay_mask
                0xffff8fb8        0x2 board/altera/socfpga/sdram/libsocfpga-sdram.o
                0xffff8fb8                skip_delay_mask
 *fill*         0xffff8fba        0x2 
 .bss.current_mallinfo
                0xffff8fbc       0x28 common/libcommon.o
 .bss.max_sbrked_mem
                0xffff8fe4        0x4 common/libcommon.o
 .bss.max_total_mem
                0xffff8fe8        0x4 common/libcommon.o
 .bss.mem_malloc_brk
                0xffff8fec        0x4 common/libcommon.o
                0xffff8fec                mem_malloc_brk
 .bss.mem_malloc_end
                0xffff8ff0        0x4 common/libcommon.o
                0xffff8ff0                mem_malloc_end
 .bss.mem_malloc_start
                0xffff8ff4        0x4 common/libcommon.o
                0xffff8ff4                mem_malloc_start
 .bss.top_pad   0xffff8ff8        0x4 common/libcommon.o
 .bss.stdio_devices
                0xffff8ffc        0xc common/libcommon.o
                0xffff8ffc                stdio_devices
 .bss.boot_params_ptr
                0xffff9008        0x4 common/spl/libspl.o
                0xffff9008                boot_params_ptr
 .bss.spl_image
                0xffff900c       0x20 common/spl/libspl.o
                0xffff900c                spl_image
 .bss.mmc_devices
                0xffff902c        0x8 drivers/mmc/libmmc.o
 .bss.serial_current
                0xffff9034        0x4 drivers/serial/libserial.o
                0xffff9038                . = ALIGN (0x4)
                0xffff9038                __bss_end__ = .

.malloc         0xffff9038     0x1400
                0xffff9038                . = ALIGN (0x8)
                0xffff9038                __malloc_start = .
                0xffffa438                . = (. + 0x1400)
 *fill*         0xffff9038     0x1400 
                0xffffa438                __malloc_end = .

.stack          0xffffa438     0x1000
                0xffffb438                . = (. + 0x1000)
 *fill*         0xffffa438     0x1000 
                0xffffb438                . = ALIGN (0x8)
                0xffffb438                __stack_start = .

.spl_irq_stack  0xffffb438      0x408
                0xffffb838                . = (. + 0x400)
 *fill*         0xffffb438      0x400 
                0xffffb838                . = ALIGN (0x8)
                0xffffb838                __irq_stack_start = .
                0xffffb840                . = (. + 0x8)
 *fill*         0xffffb838        0x8 
                0xffffb840                __ecc_padding_end = .
Address of section .text set to 0xffff0000
LOAD arch/arm/cpu/armv7/start.o
START GROUP
LOAD arch/arm/cpu/armv7/libarmv7.o
LOAD arch/arm/cpu/armv7/socfpga/libsocfpga.o
LOAD arch/arm/lib/libarm.o
LOAD board/altera/socfpga/libsocfpga.o
LOAD board/altera/socfpga/sdram/libsocfpga-sdram.o
LOAD common/libcommon.o
LOAD common/spl/libspl.o
LOAD drivers/dma/libdma.o
LOAD drivers/mmc/libmmc.o
LOAD drivers/serial/libserial.o
LOAD lib/libgeneric.o
END GROUP
LOAD /cygdrive/c/Users/zc/Desktop/TSOM_GHRD-gao/TSOM_GHRD/software/preloader/uboot-socfpga/spl/arch/arm/lib/eabi_compat.o
LOAD d:/intelfpga/17.1/embedded/host_tools/mentor/gnu/arm/baremetal/bin/../lib/gcc/arm-altera-eabi/6.2.0\libgcc.a
OUTPUT(u-boot-spl elf32-littlearm)

.ARM.attributes
                0x00000000       0x29
 .ARM.attributes
                0x00000000       0x1d arch/arm/cpu/armv7/start.o
 .ARM.attributes
                0x0000001d       0x2b arch/arm/cpu/armv7/libarmv7.o
 .ARM.attributes
                0x00000048       0x2b arch/arm/cpu/armv7/socfpga/libsocfpga.o
 .ARM.attributes
                0x00000073       0x29 arch/arm/lib/libarm.o
 .ARM.attributes
                0x0000009c       0x2d board/altera/socfpga/libsocfpga.o
 .ARM.attributes
                0x000000c9       0x2d board/altera/socfpga/sdram/libsocfpga-sdram.o
 .ARM.attributes
                0x000000f6       0x2d common/libcommon.o
 .ARM.attributes
                0x00000123       0x2d common/spl/libspl.o
 .ARM.attributes
                0x00000150       0x2d drivers/mmc/libmmc.o
 .ARM.attributes
                0x0000017d       0x2d drivers/serial/libserial.o
 .ARM.attributes
                0x000001aa       0x2d lib/libgeneric.o
 .ARM.attributes
                0x000001d7       0x18 d:/intelfpga/17.1/embedded/host_tools/mentor/gnu/arm/baremetal/bin/../lib/gcc/arm-altera-eabi/6.2.0\libgcc.a(_udivsi3.o)
 .ARM.attributes
                0x000001ef       0x18 d:/intelfpga/17.1/embedded/host_tools/mentor/gnu/arm/baremetal/bin/../lib/gcc/arm-altera-eabi/6.2.0\libgcc.a(_dvmd_tls.o)
 .ARM.attributes
                0x00000207       0x18 d:/intelfpga/17.1/embedded/host_tools/mentor/gnu/arm/baremetal/bin/../lib/gcc/arm-altera-eabi/6.2.0\libgcc.a(_lshrdi3.o)
 .ARM.attributes
                0x0000021f       0x18 d:/intelfpga/17.1/embedded/host_tools/mentor/gnu/arm/baremetal/bin/../lib/gcc/arm-altera-eabi/6.2.0\libgcc.a(_ashldi3.o)

.comment        0x00000000       0x30
 .comment       0x00000000       0x30 arch/arm/cpu/armv7/libarmv7.o
                                 0x93 (size before relaxing)
 .comment       0x00000030      0x341 arch/arm/cpu/armv7/socfpga/libsocfpga.o
 .comment       0x00000030       0xf5 arch/arm/lib/libarm.o
 .comment       0x00000030       0xc4 board/altera/socfpga/libsocfpga.o
 .comment       0x00000030       0xc4 board/altera/socfpga/sdram/libsocfpga-sdram.o
 .comment       0x00000030      0x157 common/libcommon.o
 .comment       0x00000030       0x31 common/spl/libspl.o
 .comment       0x00000030       0xc4 drivers/mmc/libmmc.o
 .comment       0x00000030       0x93 drivers/serial/libserial.o
 .comment       0x00000030      0x157 lib/libgeneric.o

.debug_line     0x00000000     0xc561
 .debug_line    0x00000000       0x84 arch/arm/cpu/armv7/start.o
 .debug_line    0x00000084      0x703 arch/arm/cpu/armv7/libarmv7.o
 .debug_line    0x00000787     0x39f5 arch/arm/cpu/armv7/socfpga/libsocfpga.o
 .debug_line    0x0000417c      0xd73 arch/arm/lib/libarm.o
 .debug_line    0x00004eef      0x57f board/altera/socfpga/libsocfpga.o
 .debug_line    0x0000546e     0x1ae2 board/altera/socfpga/sdram/libsocfpga-sdram.o
 .debug_line    0x00006f50     0x1f1f common/libcommon.o
 .debug_line    0x00008e6f      0x4ca common/spl/libspl.o
 .debug_line    0x00009339     0x1289 drivers/mmc/libmmc.o
 .debug_line    0x0000a5c2      0xb87 drivers/serial/libserial.o
 .debug_line    0x0000b149     0x1418 lib/libgeneric.o

.debug_info     0x00000000    0x38f58
 .debug_info    0x00000000       0x83 arch/arm/cpu/armv7/start.o
 .debug_info    0x00000083     0x1e6e arch/arm/cpu/armv7/libarmv7.o
 .debug_info    0x00001ef1    0x120a1 arch/arm/cpu/armv7/socfpga/libsocfpga.o
 .debug_info    0x00013f92     0x3cd2 arch/arm/lib/libarm.o
 .debug_info    0x00017c64     0x185a board/altera/socfpga/libsocfpga.o
 .debug_info    0x000194be     0x7269 board/altera/socfpga/sdram/libsocfpga-sdram.o
 .debug_info    0x00020727     0x9112 common/libcommon.o
 .debug_info    0x00029839     0x1891 common/spl/libspl.o
 .debug_info    0x0002b0ca     0x6d23 drivers/mmc/libmmc.o
 .debug_info    0x00031ded     0x344f drivers/serial/libserial.o
 .debug_info    0x0003523c     0x3d1c lib/libgeneric.o

.debug_abbrev   0x00000000     0x8e1f
 .debug_abbrev  0x00000000       0x14 arch/arm/cpu/armv7/start.o
 .debug_abbrev  0x00000014      0x608 arch/arm/cpu/armv7/libarmv7.o
 .debug_abbrev  0x0000061c     0x2f51 arch/arm/cpu/armv7/socfpga/libsocfpga.o
 .debug_abbrev  0x0000356d      0xbf0 arch/arm/lib/libarm.o
 .debug_abbrev  0x0000415d      0x511 board/altera/socfpga/libsocfpga.o
 .debug_abbrev  0x0000466e      0x57a board/altera/socfpga/sdram/libsocfpga-sdram.o
 .debug_abbrev  0x00004be8     0x17e9 common/libcommon.o
 .debug_abbrev  0x000063d1      0x3cc common/spl/libspl.o
 .debug_abbrev  0x0000679d     0x1089 drivers/mmc/libmmc.o
 .debug_abbrev  0x00007826      0x8e3 drivers/serial/libserial.o
 .debug_abbrev  0x00008109      0xd16 lib/libgeneric.o

.debug_aranges  0x00000000     0x1338
 .debug_aranges
                0x00000000       0x20 arch/arm/cpu/armv7/start.o
 .debug_aranges
                0x00000020       0xa8 arch/arm/cpu/armv7/libarmv7.o
 .debug_aranges
                0x000000c8      0x4b8 arch/arm/cpu/armv7/socfpga/libsocfpga.o
 .debug_aranges
                0x00000580      0x160 arch/arm/lib/libarm.o
 .debug_aranges
                0x000006e0       0x90 board/altera/socfpga/libsocfpga.o
 .debug_aranges
                0x00000770      0x258 board/altera/socfpga/sdram/libsocfpga-sdram.o
 .debug_aranges
                0x000009c8      0x370 common/libcommon.o
 .debug_aranges
                0x00000d38       0x48 common/spl/libspl.o
 .debug_aranges
                0x00000d80      0x140 drivers/mmc/libmmc.o
 .debug_aranges
                0x00000ec0      0x248 drivers/serial/libserial.o
 .debug_aranges
                0x00001108      0x230 lib/libgeneric.o

.debug_frame    0x00000000     0x2e14
 .debug_frame   0x00000000      0x17c arch/arm/cpu/armv7/libarmv7.o
 .debug_frame   0x0000017c      0x94c arch/arm/cpu/armv7/socfpga/libsocfpga.o
 .debug_frame   0x00000ac8      0x294 arch/arm/lib/libarm.o
 .debug_frame   0x00000d5c       0xb4 board/altera/socfpga/libsocfpga.o
 .debug_frame   0x00000e10      0x720 board/altera/socfpga/sdram/libsocfpga-sdram.o
 .debug_frame   0x00001530      0x9ac common/libcommon.o
 .debug_frame   0x00001edc       0x94 common/spl/libspl.o
 .debug_frame   0x00001f70      0x3b4 drivers/mmc/libmmc.o
 .debug_frame   0x00002324      0x534 drivers/serial/libserial.o
 .debug_frame   0x00002858      0x59c lib/libgeneric.o
 .debug_frame   0x00002df4       0x20 d:/intelfpga/17.1/embedded/host_tools/mentor/gnu/arm/baremetal/bin/../lib/gcc/arm-altera-eabi/6.2.0\libgcc.a(_udivsi3.o)

.debug_str      0x00000000     0x654e
 .debug_str     0x00000000      0x8a0 arch/arm/cpu/armv7/libarmv7.o
                               0x196a (size before relaxing)
 .debug_str     0x000008a0     0x1a54 arch/arm/cpu/armv7/socfpga/libsocfpga.o
                               0xb6ed (size before relaxing)
 .debug_str     0x000022f4      0x2f7 arch/arm/lib/libarm.o
                               0x2d70 (size before relaxing)
 .debug_str     0x000025eb      0x1ce board/altera/socfpga/libsocfpga.o
                               0x15f6 (size before relaxing)
 .debug_str     0x000027b9      0xf49 board/altera/socfpga/sdram/libsocfpga-sdram.o
                               0x1e8c (size before relaxing)
 .debug_str     0x00003702     0x1bc8 common/libcommon.o
                               0x5745 (size before relaxing)
 .debug_str     0x000052ca      0x3e9 common/spl/libspl.o
                               0x1086 (size before relaxing)
 .debug_str     0x000056b3      0x65f drivers/mmc/libmmc.o
                               0x2fd1 (size before relaxing)
 .debug_str     0x00005d12      0x594 drivers/serial/libserial.o
                               0x1cdf (size before relaxing)
 .debug_str     0x000062a6      0x2a8 lib/libgeneric.o
                               0x2323 (size before relaxing)

.debug_loc      0x00000000    0x15e0f
 .debug_loc     0x00000000      0x140 arch/arm/cpu/armv7/libarmv7.o
 .debug_loc     0x00000140     0x55ac arch/arm/cpu/armv7/socfpga/libsocfpga.o
 .debug_loc     0x000056ec      0x34f arch/arm/lib/libarm.o
 .debug_loc     0x00005a3b       0x77 board/altera/socfpga/libsocfpga.o
 .debug_loc     0x00005ab2     0x5e6a board/altera/socfpga/sdram/libsocfpga-sdram.o
 .debug_loc     0x0000b91c     0x3f58 common/libcommon.o
 .debug_loc     0x0000f874       0xa0 common/spl/libspl.o
 .debug_loc     0x0000f914     0x2bbe drivers/mmc/libmmc.o
 .debug_loc     0x000124d2      0x736 drivers/serial/libserial.o
 .debug_loc     0x00012c08     0x3207 lib/libgeneric.o

.debug_ranges   0x00000000     0x2c98
 .debug_ranges  0x00000000       0x58 arch/arm/cpu/armv7/libarmv7.o
 .debug_ranges  0x00000058      0xb88 arch/arm/cpu/armv7/socfpga/libsocfpga.o
 .debug_ranges  0x00000be0       0xf0 arch/arm/lib/libarm.o
 .debug_ranges  0x00000cd0       0x58 board/altera/socfpga/libsocfpga.o
 .debug_ranges  0x00000d28     0x10e0 board/altera/socfpga/sdram/libsocfpga-sdram.o
 .debug_ranges  0x00001e08      0x528 common/libcommon.o
 .debug_ranges  0x00002330       0x38 common/spl/libspl.o
 .debug_ranges  0x00002368      0x3b8 drivers/mmc/libmmc.o
 .debug_ranges  0x00002720      0x230 drivers/serial/libserial.o
 .debug_ranges  0x00002950      0x348 lib/libgeneric.o
