Component: ARM Compiler 5.05 (build 41) Tool: armlink [4d0eb9]

==============================================================================

Section Cross References

    lm75b.o(.constdata) refers to lm75b.o(.constdata) for default_config
    main.o(i.bsp_event_handler) refers to app_twi.o(i.app_twi_schedule) for app_twi_schedule
    main.o(i.bsp_event_handler) refers to app_error.o(i.app_error_handler_bare) for app_error_handler_bare
    main.o(i.bsp_event_handler) refers to main.o(.constdata) for .constdata
    main.o(i.bsp_event_handler) refers to main.o(.data) for .data
    main.o(i.main) refers to boards.o(i.bsp_board_leds_init) for bsp_board_leds_init
    main.o(i.main) refers to nrf_drv_clock.o(i.nrf_drv_clock_init) for nrf_drv_clock_init
    main.o(i.main) refers to app_error.o(i.app_error_handler_bare) for app_error_handler_bare
    main.o(i.main) refers to nrf_drv_clock.o(i.nrf_drv_clock_lfclk_request) for nrf_drv_clock_lfclk_request
    main.o(i.main) refers to app_timer.o(i.app_timer_init) for app_timer_init
    main.o(i.main) refers to bsp.o(i.bsp_init) for bsp_init
    main.o(i.main) refers to nrf_log_frontend.o(i.nrf_log_init) for nrf_log_init
    main.o(i.main) refers to nrf_log_frontend.o(i.nrf_log_frontend_std_0) for nrf_log_frontend_std_0
    main.o(i.main) refers to nrf_log_frontend.o(i.nrf_log_frontend_dequeue) for nrf_log_frontend_dequeue
    main.o(i.main) refers to app_twi.o(i.app_twi_init) for app_twi_init
    main.o(i.main) refers to app_twi.o(i.app_twi_perform) for app_twi_perform
    main.o(i.main) refers to nrf_drv_rtc.o(i.nrf_drv_rtc_init) for nrf_drv_rtc_init
    main.o(i.main) refers to nrf_drv_rtc.o(i.nrf_drv_rtc_tick_enable) for nrf_drv_rtc_tick_enable
    main.o(i.main) refers to nrf_drv_rtc.o(i.nrf_drv_rtc_enable) for nrf_drv_rtc_enable
    main.o(i.main) refers to main.o(.bss) for .bss
    main.o(i.main) refers to main.o(i.bsp_event_handler) for bsp_event_handler
    main.o(i.main) refers to main.o(.constdata) for .constdata
    main.o(i.main) refers to main.o(.data) for .data
    main.o(i.main) refers to lm75b.o(.constdata) for lm75b_init_transfers
    main.o(i.main) refers to mma7660.o(.constdata) for mma7660_init_transfers
    main.o(i.main) refers to main.o(i.rtc_handler) for rtc_handler
    main.o(i.read_all_cb) refers to nrf_log_frontend.o(i.nrf_log_frontend_std_1) for nrf_log_frontend_std_1
    main.o(i.read_all_cb) refers to dflti.o(.text) for __aeabi_i2d
    main.o(i.read_all_cb) refers to dscalb.o(.text) for __ARM_scalbn
    main.o(i.read_all_cb) refers to d2f.o(.text) for __aeabi_d2f
    main.o(i.read_all_cb) refers to ffixi.o(.text) for __aeabi_f2iz
    main.o(i.read_all_cb) refers to fflti.o(.text) for __aeabi_i2f
    main.o(i.read_all_cb) refers to fadd.o(.text) for __aeabi_fsub
    main.o(i.read_all_cb) refers to fmul.o(.text) for __aeabi_fmul
    main.o(i.read_all_cb) refers to nrf_log_frontend.o(i.nrf_log_frontend_std_5) for nrf_log_frontend_std_5
    main.o(i.read_all_cb) refers to nrf_log_frontend.o(i.nrf_log_frontend_std_3) for nrf_log_frontend_std_3
    main.o(i.read_all_cb) refers to main.o(.data) for .data
    main.o(i.read_all_cb) refers to main.o(.bss) for .bss
    main.o(i.read_lm75b_registers_cb) refers to nrf_log_frontend.o(i.nrf_log_frontend_std_1) for nrf_log_frontend_std_1
    main.o(i.read_lm75b_registers_cb) refers to nrf_log_frontend.o(i.nrf_log_frontend_std_0) for nrf_log_frontend_std_0
    main.o(i.read_lm75b_registers_cb) refers to nrf_log_frontend.o(i.nrf_log_frontend_hexdump) for nrf_log_frontend_hexdump
    main.o(i.read_lm75b_registers_cb) refers to main.o(.bss) for .bss
    main.o(i.read_mma7660_registers_cb) refers to nrf_log_frontend.o(i.nrf_log_frontend_std_1) for nrf_log_frontend_std_1
    main.o(i.read_mma7660_registers_cb) refers to nrf_log_frontend.o(i.nrf_log_frontend_std_0) for nrf_log_frontend_std_0
    main.o(i.read_mma7660_registers_cb) refers to nrf_log_frontend.o(i.nrf_log_frontend_hexdump) for nrf_log_frontend_hexdump
    main.o(i.read_mma7660_registers_cb) refers to main.o(.bss) for .bss
    main.o(i.rtc_handler) refers to boards.o(i.bsp_board_led_invert) for bsp_board_led_invert
    main.o(i.rtc_handler) refers to app_twi.o(i.app_twi_schedule) for app_twi_schedule
    main.o(i.rtc_handler) refers to app_error.o(i.app_error_handler_bare) for app_error_handler_bare
    main.o(i.rtc_handler) refers to main.o(.constdata) for .constdata
    main.o(i.rtc_handler) refers to main.o(.data) for .data
    main.o(.constdata) refers to main.o(i.read_all_cb) for read_all_cb
    main.o(.constdata) refers to main.o(.constdata) for transfers
    main.o(.constdata) refers to main.o(i.read_lm75b_registers_cb) for read_lm75b_registers_cb
    main.o(.constdata) refers to main.o(.constdata) for transfers
    main.o(.constdata) refers to main.o(i.read_mma7660_registers_cb) for read_mma7660_registers_cb
    main.o(.constdata) refers to main.o(.constdata) for transfers
[...]
    ..\..\..\..\..\..\components\libraries\util\app_error.c 0x00000000   Number         0  app_error.o ABSOLUTE
    ..\..\..\..\..\..\components\libraries\util\app_error_weak.c 0x00000000   Number         0  app_error_weak.o ABSOLUTE
    ..\..\..\..\..\..\components\libraries\util\app_util_platform.c 0x00000000   Number         0  app_util_platform.o ABSOLUTE
    ..\..\..\..\..\..\components\libraries\util\nrf_assert.c 0x00000000   Number         0  nrf_assert.o ABSOLUTE
    ..\..\..\..\..\..\components\libraries\util\sdk_errors.c 0x00000000   Number         0  sdk_errors.o ABSOLUTE
    ..\..\..\..\..\..\external\segger_rtt\RTT_Syscalls_KEIL.c 0x00000000   Number         0  rtt_syscalls_keil.o ABSOLUTE
    ..\..\..\..\..\..\external\segger_rtt\SEGGER_RTT.c 0x00000000   Number         0  segger_rtt.o ABSOLUTE
    ..\..\..\..\..\..\external\segger_rtt\SEGGER_RTT_printf.c 0x00000000   Number         0  segger_rtt_printf.o ABSOLUTE
    ..\..\..\lm75b.c                         0x00000000   Number         0  lm75b.o ABSOLUTE
    ..\..\..\main.c                          0x00000000   Number         0  main.o ABSOLUTE
    ..\..\..\mma7660.c                       0x00000000   Number         0  mma7660.o ABSOLUTE
    ..\\..\\..\\..\\..\\..\\components\\boards\\boards.c 0x00000000   Number         0  boards.o ABSOLUTE
    ..\\..\\..\\..\\..\\..\\components\\drivers_nrf\\clock\\nrf_drv_clock.c 0x00000000   Number         0  nrf_drv_clock.o ABSOLUTE
    ..\\..\\..\\..\\..\\..\\components\\drivers_nrf\\common\\nrf_drv_common.c 0x00000000   Number         0  nrf_drv_common.o ABSOLUTE
    ..\\..\\..\\..\\..\\..\\components\\drivers_nrf\\gpiote\\nrf_drv_gpiote.c 0x00000000   Number         0  nrf_drv_gpiote.o ABSOLUTE
    ..\\..\\..\\..\\..\\..\\components\\drivers_nrf\\nrf_soc_nosd\\nrf_nvic.c 0x00000000   Number         0  nrf_nvic.o ABSOLUTE
    ..\\..\\..\\..\\..\\..\\components\\drivers_nrf\\nrf_soc_nosd\\nrf_soc.c 0x00000000   Number         0  nrf_soc.o ABSOLUTE
    ..\\..\\..\\..\\..\\..\\components\\drivers_nrf\\rtc\\nrf_drv_rtc.c 0x00000000   Number         0  nrf_drv_rtc.o ABSOLUTE
    ..\\..\\..\\..\\..\\..\\components\\drivers_nrf\\twi_master\\nrf_drv_twi.c 0x00000000   Number         0  nrf_drv_twi.o ABSOLUTE
    ..\\..\\..\\..\\..\\..\\components\\drivers_nrf\\uart\\nrf_drv_uart.c 0x00000000   Number         0  nrf_drv_uart.o ABSOLUTE
    ..\\..\\..\\..\\..\\..\\components\\libraries\\bsp\\bsp.c 0x00000000   Number         0  bsp.o ABSOLUTE
    ..\\..\\..\\..\\..\\..\\components\\libraries\\bsp\\bsp_nfc.c 0x00000000   Number         0  bsp_nfc.o ABSOLUTE
    ..\\..\\..\\..\\..\\..\\components\\libraries\\button\\app_button.c 0x00000000   Number         0  app_button.o ABSOLUTE
    ..\\..\\..\\..\\..\\..\\components\\libraries\\log\\src\\nrf_log_backend_serial.c 0x00000000   Number         0  nrf_log_backend_serial.o ABSOLUTE
    ..\\..\\..\\..\\..\\..\\components\\libraries\\log\\src\\nrf_log_frontend.c 0x00000000   Number         0  nrf_log_frontend.o ABSOLUTE
    ..\\..\\..\\..\\..\\..\\components\\libraries\\timer\\app_timer.c 0x00000000   Number         0  app_timer.o ABSOLUTE
    ..\\..\\..\\..\\..\\..\\components\\libraries\\twi\\app_twi.c 0x00000000   Number         0  app_twi.o ABSOLUTE
    ..\\..\\..\\..\\..\\..\\components\\libraries\\util\\app_error.c 0x00000000   Number         0  app_error.o ABSOLUTE
    ..\\..\\..\\..\\..\\..\\components\\libraries\\util\\app_error_weak.c 0x00000000   Number         0  app_error_weak.o ABSOLUTE
    ..\\..\\..\\..\\..\\..\\components\\libraries\\util\\app_util_platform.c 0x00000000   Number         0  app_util_platform.o ABSOLUTE
    ..\\..\\..\\..\\..\\..\\components\\libraries\\util\\nrf_assert.c 0x00000000   Number         0  nrf_assert.o ABSOLUTE
    ..\\..\\..\\..\\..\\..\\external\\segger_rtt\\SEGGER_RTT.c 0x00000000   Number         0  segger_rtt.o ABSOLUTE
    ..\\..\\..\\lm75b.c                      0x00000000   Number         0  lm75b.o ABSOLUTE
    ..\\..\\..\\main.c                       0x00000000   Number         0  main.o ABSOLUTE
    ..\\..\\..\\mma7660.c                    0x00000000   Number         0  mma7660.o ABSOLUTE
    RTE\Device\nRF51422_xxAC\arm_startup_nrf51.s 0x00000000   Number         0  arm_startup_nrf51.o ABSOLUTE
    RTE\Device\nRF51422_xxAC\system_nrf51.c  0x00000000   Number         0  system_nrf51.o ABSOLUTE
    RTE\\Device\\nRF51422_xxAC\\system_nrf51.c 0x00000000   Number         0  system_nrf51.o ABSOLUTE
    cdrcmple.s                               0x00000000   Number         0  cdrcmple.o ABSOLUTE
    dc.s                                     0x00000000   Number         0  dc.o ABSOLUTE
    handlers.s                               0x00000000   Number         0  handlers.o ABSOLUTE
    init.s                                   0x00000000   Number         0  init.o ABSOLUTE
    .ARM.Collect$$$$00000000                 0x000000c0   Section        0  entry.o(.ARM.Collect$$$$00000000)
    .ARM.Collect$$$$00000001                 0x000000c0   Section        4  entry2.o(.ARM.Collect$$$$00000001)
    .ARM.Collect$$$$00000004                 0x000000c4   Section        4  entry5.o(.ARM.Collect$$$$00000004)
    .ARM.Collect$$$$00000008                 0x000000c8   Section        0  entry7b.o(.ARM.Collect$$$$00000008)
    .ARM.Collect$$$$0000000A                 0x000000c8   Section        0  entry8b.o(.ARM.Collect$$$$0000000A)
    .ARM.Collect$$$$0000000B                 0x000000c8   Section        8  entry9a.o(.ARM.Collect$$$$0000000B)
    .ARM.Collect$$$$0000000D                 0x000000d0   Section        0  entry10a.o(.ARM.Collect$$$$0000000D)
    .ARM.Collect$$$$0000000F                 0x000000d0   Section        0  entry11a.o(.ARM.Collect$$$$0000000F)
    .ARM.Collect$$$$00002712                 0x000000d0   Section        4  entry2.o(.ARM.Collect$$$$00002712)
    __lit__00000000                          0x000000d0   Data           4  entry2.o(.ARM.Collect$$$$00002712)
    .text                                    0x000000d4   Section       56  arm_startup_nrf51.o(.text)
    .text                                    0x0000010c   Section        0  uidiv.o(.text)
    .text                                    0x00000138   Section        0  ctype_o.o(.text)
    .text                                    0x00000140   Section        0  memcpya.o(.text)
    .text                                    0x00000164   Section        0  strlen.o(.text)
    .text                                    0x00000172   Section        0  fadd.o(.text)
    .text                                    0x00000224   Section        0  fmul.o(.text)
    .text                                    0x0000029e   Section        0  dscalb.o(.text)
    .text                                    0x000002ca   Section        0  fflti.o(.text)
    .text                                    0x000002e0   Section        0  dflti.o(.text)
    .text                                    0x00000308   Section        0  ffixi.o(.text)
    .text                                    0x0000033a   Section        0  d2f.o(.text)
    .text                                    0x00000372   Section        0  uldiv.o(.text)
    .text                                    0x000003d2   Section        0  fepilogue.o(.text)
    .text                                    0x000003d2   Section        0  iusefp.o(.text)
    .text                                    0x00000454   Section        0  depilogue.o(.text)
    .text                                    0x00000514   Section       36  init.o(.text)
    .text                                    0x00000538   Section        0  llshl.o(.text)
    .text                                    0x00000558   Section        0  llushr.o(.text)
    i.GPIOTE_IRQHandler                      0x0000057c   Section        0  nrf_drv_gpiote.o(i.GPIOTE_IRQHandler)
    i.NVIC_SetPriority                       0x000006f4   Section        0  app_timer.o(i.NVIC_SetPriority)
    NVIC_SetPriority                         0x000006f5   Thumb Code    60  app_timer.o(i.NVIC_SetPriority)
    i.POWER_CLOCK_IRQHandler                 0x00000738   Section        0  nrf_drv_clock.o(i.POWER_CLOCK_IRQHandler)
    i.RTC0_IRQHandler                        0x0000078c   Section        0  nrf_drv_rtc.o(i.RTC0_IRQHandler)
    i.RTC1_IRQHandler                        0x000007a0   Section        0  app_timer.o(i.RTC1_IRQHandler)
    i.SPI0_TWI0_IRQHandler                   0x000007c0   Section        0  nrf_drv_twi.o(i.SPI0_TWI0_IRQHandler)
    i.SWI0_IRQHandler                        0x000007d4   Section        0  app_timer.o(i.SWI0_IRQHandler)
    i.SystemInit                             0x000007dc   Section        0  system_nrf51.o(i.SystemInit)
    i.UART0_IRQHandler                       0x0000087c   Section        0  nrf_drv_uart.o(i.UART0_IRQHandler)
    i.__0snprintf$8                          0x00000890   Section        0  printf8.o(i.__0snprintf$8)
    i.__ARM_clz                              0x000008bc   Section        0  depilogue.o(i.__ARM_clz)
    i.__ARM_common_switch8                   0x000008ea   Section        0  bsp.o(i.__ARM_common_switch8)
    i.__scatterload_copy                     0x00000904   Section       14  handlers.o(i.__scatterload_copy)
    i.__scatterload_null                     0x00000912   Section        2  handlers.o(i.__scatterload_null)
    i.__scatterload_zeroinit                 0x00000914   Section       14  handlers.o(i.__scatterload_zeroinit)
    i._printf_core                           0x00000924   Section        0  printf8.o(i._printf_core)
    _printf_core                             0x00000925   Thumb Code  1020  printf8.o(i._printf_core)
    i._printf_post_padding                   0x00000d4c   Section        0  printf8.o(i._printf_post_padding)
    _printf_post_padding                     0x00000d4d   Thumb Code    32  printf8.o(i._printf_post_padding)
    i._printf_pre_padding                    0x00000d6c   Section        0  printf8.o(i._printf_pre_padding)
    _printf_pre_padding                      0x00000d6d   Thumb Code    44  printf8.o(i._printf_pre_padding)
    i._snputc                                0x00000d98   Section        0  printf8.o(i._snputc)
    _snputc                                  0x00000d99   Thumb Code    22  printf8.o(i._snputc)
    i.alert_timer_handler                    0x00000dae   Section        0  bsp.o(i.alert_timer_handler)
    alert_timer_handler                      0x00000daf   Thumb Code    10  bsp.o(i.alert_timer_handler)
    i.app_button_enable                      0x00000db8   Section        0  app_button.o(i.app_button_enable)
    i.app_button_init                        0x00000ddc   Section        0  app_button.o(i.app_button_init)
    i.app_error_fault_handler                0x00000e50   Section        0  app_error_weak.o(i.app_error_fault_handler)
    i.app_error_handler_bare                 0x00000e98   Section        0  app_error.o(i.app_error_handler_bare)
    i.app_timer_create                       0x00000eb0   Section        0  app_timer.o(i.app_timer_create)
    i.app_timer_init                         0x00000edc   Section        0  app_timer.o(i.app_timer_init)
    i.app_timer_start                        0x00000f50   Section        0  app_timer.o(i.app_timer_start)
    i.app_timer_stop                         0x00000fd0   Section        0  app_timer.o(i.app_timer_stop)
    i.app_twi_init                           0x00000ff8   Section        0  app_twi.o(i.app_twi_init)
    i.app_twi_perform                        0x0000102c   Section        0  app_twi.o(i.app_twi_perform)
    i.app_twi_schedule                       0x0000108c   Section        0  app_twi.o(i.app_twi_schedule)
    i.app_util_critical_region_enter         0x000010e0   Section        0  app_util_platform.o(i.app_util_critical_region_enter)
    i.app_util_critical_region_exit          0x000010e8   Section        0  app_util_platform.o(i.app_util_critical_region_exit)
    i.app_util_disable_irq                   0x000010f0   Section        0  app_util_platform.o(i.app_util_disable_irq)
    i.app_util_enable_irq                    0x00001100   Section        0  app_util_platform.o(i.app_util_enable_irq)
    i.apply_config                           0x00001114   Section        0  nrf_drv_uart.o(i.apply_config)
    apply_config                             0x00001115   Thumb Code   128  nrf_drv_uart.o(i.apply_config)
    i.bsp_board_led_invert                   0x00001198   Section        0  boards.o(i.bsp_board_led_invert)
    i.bsp_board_led_off                      0x000011b8   Section        0  boards.o(i.bsp_board_led_off)
    i.bsp_board_led_on                       0x000011cc   Section        0  boards.o(i.bsp_board_led_on)
    i.bsp_board_led_state_get                0x000011e0   Section        0  boards.o(i.bsp_board_led_state_get)
    i.bsp_board_leds_init                    0x00001200   Section        0  boards.o(i.bsp_board_leds_init)
    i.bsp_board_leds_off                     0x00001228   Section        0  boards.o(i.bsp_board_leds_off)
    i.bsp_board_leds_on                      0x0000123a   Section        0  boards.o(i.bsp_board_leds_on)
    i.bsp_board_pin_to_button_idx            0x0000124c   Section        0  boards.o(i.bsp_board_pin_to_button_idx)
    i.bsp_button_event_handler               0x00001270   Section        0  bsp.o(i.bsp_button_event_handler)
    bsp_button_event_handler                 0x00001271   Thumb Code   134  bsp.o(i.bsp_button_event_handler)
    i.bsp_event_handler                      0x00001304   Section        0  main.o(i.bsp_event_handler)
    bsp_event_handler                        0x00001305   Thumb Code    34  main.o(i.bsp_event_handler)
    i.bsp_event_to_button_action_assign      0x00001330   Section        0  bsp.o(i.bsp_event_to_button_action_assign)
    i.bsp_init                               0x00001378   Section        0  bsp.o(i.bsp_init)
    i.bsp_led_indication                     0x00001410   Section        0  bsp.o(i.bsp_led_indication)
    bsp_led_indication                       0x00001411   Thumb Code   376  bsp.o(i.bsp_led_indication)
    i.buf_len_update                         0x00001590   Section        0  nrf_log_backend_serial.o(i.buf_len_update)
    buf_len_update                           0x00001591   Thumb Code    18  nrf_log_backend_serial.o(i.buf_len_update)
    i.buf_prealloc                           0x000015a4   Section        0  nrf_log_frontend.o(i.buf_prealloc)
    buf_prealloc                             0x000015a5   Thumb Code    90  nrf_log_frontend.o(i.buf_prealloc)
    i.buffer_is_empty                        0x0000160c   Section        0  nrf_log_frontend.o(i.buffer_is_empty)
    i.button_timer_handler                   0x00001620   Section        0  bsp.o(i.button_timer_handler)
    button_timer_handler                     0x00001621   Thumb Code    12  bsp.o(i.button_timer_handler)
    i.channel_free                           0x0000162c   Section        0  nrf_drv_gpiote.o(i.channel_free)
    channel_free                             0x0000162d   Thumb Code    22  nrf_drv_gpiote.o(i.channel_free)
    i.channel_port_alloc                     0x00001648   Section        0  nrf_drv_gpiote.o(i.channel_port_alloc)
    channel_port_alloc                       0x00001649   Thumb Code    66  nrf_drv_gpiote.o(i.channel_port_alloc)
    i.channel_port_get                       0x00001690   Section        0  nrf_drv_gpiote.o(i.channel_port_get)
    channel_port_get                         0x00001691   Thumb Code    10  nrf_drv_gpiote.o(i.channel_port_get)
    i.clock_clk_started_notify               0x000016a0   Section        0  nrf_drv_clock.o(i.clock_clk_started_notify)
    clock_clk_started_notify                 0x000016a1   Thumb Code    34  nrf_drv_clock.o(i.clock_clk_started_notify)
    i.compare_reg_update                     0x000016c8   Section        0  app_timer.o(i.compare_reg_update)
    compare_reg_update                       0x000016c9   Thumb Code   142  app_timer.o(i.compare_reg_update)
    i.detection_delay_timeout_handler        0x00001770   Section        0  app_button.o(i.detection_delay_timeout_handler)
    detection_delay_timeout_handler          0x00001771   Thumb Code    90  app_button.o(i.detection_delay_timeout_handler)
    i.elapsed_ticks_acquire                  0x000017d0   Section        0  app_timer.o(i.elapsed_ticks_acquire)
    elapsed_ticks_acquire                    0x000017d1   Thumb Code    58  app_timer.o(i.elapsed_ticks_acquire)
    i.gpiote_event_handler                   0x00001810   Section        0  app_button.o(i.gpiote_event_handler)
    gpiote_event_handler                     0x00001811   Thumb Code    72  app_button.o(i.gpiote_event_handler)
    i.internal_transaction_cb                0x00001860   Section        0  app_twi.o(i.internal_transaction_cb)
    internal_transaction_cb                  0x00001861   Thumb Code     8  app_twi.o(i.internal_transaction_cb)
    i.irq_handler_twi                        0x00001868   Section        0  nrf_drv_twi.o(i.irq_handler_twi)
    irq_handler_twi                          0x00001869   Thumb Code   172  nrf_drv_twi.o(i.irq_handler_twi)
    i.is_manual_peripheral_setup_needed      0x00001914   Section        0  system_nrf51.o(i.is_manual_peripheral_setup_needed)
    is_manual_peripheral_setup_needed        0x00001915   Thumb Code    66  system_nrf51.o(i.is_manual_peripheral_setup_needed)
    i.item_enqueue                           0x0000195c   Section        0  nrf_drv_clock.o(i.item_enqueue)
    item_enqueue                             0x0000195d   Thumb Code    22  nrf_drv_clock.o(i.item_enqueue)
    i.leds_timer_handler                     0x00001974   Section        0  bsp.o(i.leds_timer_handler)
    leds_timer_handler                       0x00001975   Thumb Code    18  bsp.o(i.leds_timer_handler)
    i.list_deletions_handler                 0x0000198c   Section        0  app_timer.o(i.list_deletions_handler)
    list_deletions_handler                   0x0000198d   Thumb Code   162  app_timer.o(i.list_deletions_handler)
    i.list_insertions_handler                0x00001a38   Section        0  app_timer.o(i.list_insertions_handler)
    list_insertions_handler                  0x00001a39   Thumb Code   178  app_timer.o(i.list_insertions_handler)
    i.main                                   0x00001af4   Section        0  main.o(i.main)
    i.nrf_bitmask_bit_is_set                 0x00001c1c   Section        0  nrf_drv_gpiote.o(i.nrf_bitmask_bit_is_set)
    nrf_bitmask_bit_is_set                   0x00001c1d   Thumb Code    16  nrf_drv_gpiote.o(i.nrf_bitmask_bit_is_set)
    i.nrf_clock_event_check                  0x00001c2c   Section        0  nrf_drv_clock.o(i.nrf_clock_event_check)
    nrf_clock_event_check                    0x00001c2d   Thumb Code    16  nrf_drv_clock.o(i.nrf_clock_event_check)
    i.nrf_delay_us                           0x00001c3c   Section        0  nrf_drv_twi.o(i.nrf_delay_us)
    nrf_delay_us                             0x00001c3d   Thumb Code    38  nrf_drv_twi.o(i.nrf_delay_us)
    i.nrf_delay_us                           0x00001c6c   Section        0  app_timer.o(i.nrf_delay_us)
    nrf_delay_us                             0x00001c6d   Thumb Code    38  app_timer.o(i.nrf_delay_us)
    i.nrf_drv_clock_init                     0x00001c9c   Section        0  nrf_drv_clock.o(i.nrf_drv_clock_init)
    i.nrf_drv_clock_lfclk_request            0x00001cdc   Section        0  nrf_drv_clock.o(i.nrf_drv_clock_lfclk_request)
    i.nrf_drv_common_irq_enable              0x00001d40   Section        0  nrf_drv_common.o(i.nrf_drv_common_irq_enable)
    i.nrf_drv_gpiote_in_event_enable         0x00001da0   Section        0  nrf_drv_gpiote.o(i.nrf_drv_gpiote_in_event_enable)
    i.nrf_drv_gpiote_in_init                 0x00001e38   Section        0  nrf_drv_gpiote.o(i.nrf_drv_gpiote_in_init)
    i.nrf_drv_gpiote_in_is_set               0x00001ee0   Section        0  nrf_drv_gpiote.o(i.nrf_drv_gpiote_in_is_set)
    i.nrf_drv_gpiote_init                    0x00001ef4   Section        0  nrf_drv_gpiote.o(i.nrf_drv_gpiote_init)
    i.nrf_drv_gpiote_is_init                 0x00001f50   Section        0  nrf_drv_gpiote.o(i.nrf_drv_gpiote_is_init)
    i.nrf_drv_rtc_enable                     0x00001f60   Section        0  nrf_drv_rtc.o(i.nrf_drv_rtc_enable)
    i.nrf_drv_rtc_init                       0x00001f78   Section        0  nrf_drv_rtc.o(i.nrf_drv_rtc_init)
    i.nrf_drv_rtc_int_handler                0x00001fe4   Section        0  nrf_drv_rtc.o(i.nrf_drv_rtc_int_handler)
    nrf_drv_rtc_int_handler                  0x00001fe5   Thumb Code   150  nrf_drv_rtc.o(i.nrf_drv_rtc_int_handler)
    i.nrf_drv_rtc_tick_enable                0x00002080   Section        0  nrf_drv_rtc.o(i.nrf_drv_rtc_tick_enable)
    i.nrf_drv_twi_enable                     0x000020a4   Section        0  nrf_drv_twi.o(i.nrf_drv_twi_enable)
    i.nrf_drv_twi_init                       0x000020c4   Section        0  nrf_drv_twi.o(i.nrf_drv_twi_init)
    i.nrf_drv_twi_xfer                       0x0000214c   Section        0  nrf_drv_twi.o(i.nrf_drv_twi_xfer)
    i.nrf_drv_uart_init                      0x00002174   Section        0  nrf_drv_uart.o(i.nrf_drv_uart_init)
    i.nrf_drv_uart_tx                        0x000021f4   Section        0  nrf_drv_uart.o(i.nrf_drv_uart_tx)
    i.nrf_drv_uart_tx_for_uart               0x00002228   Section        0  nrf_drv_uart.o(i.nrf_drv_uart_tx_for_uart)
    nrf_drv_uart_tx_for_uart                 0x00002229   Thumb Code   134  nrf_drv_uart.o(i.nrf_drv_uart_tx_for_uart)
    i.nrf_drv_uart_tx_in_progress            0x000022b4   Section        0  nrf_drv_uart.o(i.nrf_drv_uart_tx_in_progress)
    i.nrf_drv_uart_uninit                    0x000022cc   Section        0  nrf_drv_uart.o(i.nrf_drv_uart_uninit)
    i.nrf_gpio_cfg                           0x00002364   Section        0  boards.o(i.nrf_gpio_cfg)
    nrf_gpio_cfg                             0x00002365   Thumb Code    40  boards.o(i.nrf_gpio_cfg)
    i.nrf_gpio_cfg                           0x0000238c   Section        0  nrf_drv_gpiote.o(i.nrf_gpio_cfg)
    nrf_gpio_cfg                             0x0000238d   Thumb Code    40  nrf_drv_gpiote.o(i.nrf_gpio_cfg)
    i.nrf_gpio_cfg                           0x000023b4   Section        0  nrf_drv_uart.o(i.nrf_gpio_cfg)
    nrf_gpio_cfg                             0x000023b5   Thumb Code    40  nrf_drv_uart.o(i.nrf_gpio_cfg)
    i.nrf_gpio_cfg_default                   0x000023dc   Section        0  nrf_drv_uart.o(i.nrf_gpio_cfg_default)
    nrf_gpio_cfg_default                     0x000023dd   Thumb Code    18  nrf_drv_uart.o(i.nrf_gpio_cfg_default)
    i.nrf_gpio_cfg_input                     0x000023ee   Section        0  nrf_drv_uart.o(i.nrf_gpio_cfg_input)
    nrf_gpio_cfg_input                       0x000023ef   Thumb Code    18  nrf_drv_uart.o(i.nrf_gpio_cfg_input)
    i.nrf_gpio_cfg_output                    0x00002400   Section        0  nrf_drv_uart.o(i.nrf_gpio_cfg_output)
    nrf_gpio_cfg_output                      0x00002401   Thumb Code    20  nrf_drv_uart.o(i.nrf_gpio_cfg_output)
    i.nrf_gpio_cfg_sense_set                 0x00002414   Section        0  nrf_drv_gpiote.o(i.nrf_gpio_cfg_sense_set)
    nrf_gpio_cfg_sense_set                   0x00002415   Thumb Code    34  nrf_drv_gpiote.o(i.nrf_gpio_cfg_sense_set)
    i.nrf_gpio_pin_set                       0x00002438   Section        0  nrf_drv_twi.o(i.nrf_gpio_pin_set)
    nrf_gpio_pin_set                         0x00002439   Thumb Code    10  nrf_drv_twi.o(i.nrf_gpio_pin_set)
    i.nrf_gpio_pin_write                     0x00002448   Section        0  boards.o(i.nrf_gpio_pin_write)
    nrf_gpio_pin_write                       0x00002449   Thumb Code    18  boards.o(i.nrf_gpio_pin_write)
    i.nrf_gpio_ports_read                    0x00002460   Section        0  nrf_drv_gpiote.o(i.nrf_gpio_ports_read)
    nrf_gpio_ports_read                      0x00002461   Thumb Code    36  nrf_drv_gpiote.o(i.nrf_gpio_ports_read)
    i.nrf_gpiote_event_clear                 0x00002488   Section        0  nrf_drv_gpiote.o(i.nrf_gpiote_event_clear)
    nrf_gpiote_event_clear                   0x00002489   Thumb Code    10  nrf_drv_gpiote.o(i.nrf_gpiote_event_clear)
    i.nrf_gpiote_event_is_set                0x00002498   Section        0  nrf_drv_gpiote.o(i.nrf_gpiote_event_is_set)
    nrf_gpiote_event_is_set                  0x00002499   Thumb Code    14  nrf_drv_gpiote.o(i.nrf_gpiote_event_is_set)
    i.nrf_log_backend_hexdump_handler_get    0x000024ac   Section        0  nrf_log_backend_serial.o(i.nrf_log_backend_hexdump_handler_get)
    i.nrf_log_backend_init                   0x000024b4   Section        0  nrf_log_backend_serial.o(i.nrf_log_backend_init)
    i.nrf_log_backend_serial_hexdump_handler 0x0000252c   Section        0  nrf_log_backend_serial.o(i.nrf_log_backend_serial_hexdump_handler)
    nrf_log_backend_serial_hexdump_handler   0x0000252d   Thumb Code   306  nrf_log_backend_serial.o(i.nrf_log_backend_serial_hexdump_handler)
    i.nrf_log_backend_serial_std_handler     0x0000265e   Section        0  nrf_log_backend_serial.o(i.nrf_log_backend_serial_std_handler)
    nrf_log_backend_serial_std_handler       0x0000265f   Thumb Code   260  nrf_log_backend_serial.o(i.nrf_log_backend_serial_std_handler)
    i.nrf_log_backend_std_handler_get        0x00002764   Section        0  nrf_log_backend_serial.o(i.nrf_log_backend_std_handler_get)
    i.nrf_log_blocking_backend_set           0x0000276c   Section        0  nrf_log_frontend.o(i.nrf_log_blocking_backend_set)
    i.nrf_log_frontend_dequeue               0x00002778   Section        0  nrf_log_frontend.o(i.nrf_log_frontend_dequeue)
    i.nrf_log_frontend_hexdump               0x000028c4   Section        0  nrf_log_frontend.o(i.nrf_log_frontend_hexdump)
    i.nrf_log_frontend_init                  0x00002958   Section        0  nrf_log_frontend.o(i.nrf_log_frontend_init)
    i.nrf_log_frontend_std_0                 0x00002970   Section        0  nrf_log_frontend.o(i.nrf_log_frontend_std_0)
    i.nrf_log_frontend_std_1                 0x000029bc   Section        0  nrf_log_frontend.o(i.nrf_log_frontend_std_1)
    i.nrf_log_frontend_std_3                 0x00002a1c   Section        0  nrf_log_frontend.o(i.nrf_log_frontend_std_3)
    i.nrf_log_frontend_std_5                 0x00002a98   Section        0  nrf_log_frontend.o(i.nrf_log_frontend_std_5)
    i.nrf_log_handlers_set                   0x00002b30   Section        0  nrf_log_frontend.o(i.nrf_log_handlers_set)
    i.nrf_log_init                           0x00002b3c   Section        0  nrf_log_frontend.o(i.nrf_log_init)
    i.nrf_twi_event_check                    0x00002b60   Section        0  nrf_drv_twi.o(i.nrf_twi_event_check)
    nrf_twi_event_check                      0x00002b61   Thumb Code    10  nrf_drv_twi.o(i.nrf_twi_event_check)
    i.nrf_uart_event_check                   0x00002b6a   Section        0  nrf_drv_uart.o(i.nrf_uart_event_check)
    nrf_uart_event_check                     0x00002b6b   Thumb Code    10  nrf_drv_uart.o(i.nrf_uart_event_check)
    i.nrf_uart_int_enable_check              0x00002b74   Section        0  nrf_drv_uart.o(i.nrf_uart_int_enable_check)
    nrf_uart_int_enable_check                0x00002b75   Thumb Code    16  nrf_drv_uart.o(i.nrf_uart_int_enable_check)
    i.pin_in_use_by_port                     0x00002b84   Section        0  nrf_drv_gpiote.o(i.pin_in_use_by_port)
    pin_in_use_by_port                       0x00002b85   Thumb Code    20  nrf_drv_gpiote.o(i.pin_in_use_by_port)
    i.pin_in_use_by_te                       0x00002b9c   Section        0  nrf_drv_gpiote.o(i.pin_in_use_by_te)
    pin_in_use_by_te                         0x00002b9d   Thumb Code    20  nrf_drv_gpiote.o(i.pin_in_use_by_te)
    i.read_all_cb                            0x00002bb4   Section        0  main.o(i.read_all_cb)
    i.read_lm75b_registers_cb                0x00002e3c   Section        0  main.o(i.read_lm75b_registers_cb)
    read_lm75b_registers_cb                  0x00002e3d   Thumb Code    40  main.o(i.read_lm75b_registers_cb)
    i.read_mma7660_registers_cb              0x00002eb8   Section        0  main.o(i.read_mma7660_registers_cb)
    read_mma7660_registers_cb                0x00002eb9   Thumb Code    40  main.o(i.read_mma7660_registers_cb)
    i.rtc1_stop                              0x00002f38   Section        0  app_timer.o(i.rtc1_stop)
    rtc1_stop                                0x00002f39   Thumb Code    50  app_timer.o(i.rtc1_stop)
    i.rtc_handler                            0x00002f7c   Section        0  main.o(i.rtc_handler)
    rtc_handler                              0x00002f7d   Thumb Code    30  main.o(i.rtc_handler)
    i.rx_byte                                0x00002fa4   Section        0  nrf_drv_uart.o(i.rx_byte)
    rx_byte                                  0x00002fa5   Thumb Code    38  nrf_drv_uart.o(i.rx_byte)
    i.rx_done_event                          0x00002fca   Section        0  nrf_drv_uart.o(i.rx_done_event)
    rx_done_event                            0x00002fcb   Thumb Code    20  nrf_drv_uart.o(i.rx_done_event)
    i.serial_is_busy                         0x00002fe0   Section        0  nrf_log_backend_serial.o(i.serial_is_busy)
    serial_is_busy                           0x00002fe1   Thumb Code    10  nrf_log_backend_serial.o(i.serial_is_busy)
    i.serial_tx                              0x00002ff0   Section        0  nrf_log_backend_serial.o(i.serial_tx)
    serial_tx                                0x00002ff1   Thumb Code    36  nrf_log_backend_serial.o(i.serial_tx)
    i.signal_end_of_transaction              0x0000301c   Section        0  app_twi.o(i.signal_end_of_transaction)
    signal_end_of_transaction                0x0000301d   Thumb Code    24  app_twi.o(i.signal_end_of_transaction)
    i.start_pending_transaction              0x00003034   Section        0  app_twi.o(i.start_pending_transaction)
    start_pending_transaction                0x00003035   Thumb Code   104  app_twi.o(i.start_pending_transaction)
    i.start_transfer                         0x0000309c   Section        0  app_twi.o(i.start_transfer)
    start_transfer                           0x0000309d   Thumb Code   158  app_twi.o(i.start_transfer)
    i.timer_list_handler                     0x0000313c   Section        0  app_timer.o(i.timer_list_handler)
    timer_list_handler                       0x0000313d   Thumb Code   128  app_timer.o(i.timer_list_handler)
    i.timer_list_handler_sched               0x000031c0   Section        0  app_timer.o(i.timer_list_handler_sched)
    timer_list_handler_sched                 0x000031c1   Thumb Code    10  app_timer.o(i.timer_list_handler_sched)
    i.timer_list_insert                      0x000031d0   Section        0  app_timer.o(i.timer_list_insert)
    timer_list_insert                        0x000031d1   Thumb Code    60  app_timer.o(i.timer_list_insert)
    i.timer_stop_op_schedule                 0x00003210   Section        0  app_timer.o(i.timer_stop_op_schedule)
    timer_stop_op_schedule                   0x00003211   Thumb Code    60  app_timer.o(i.timer_stop_op_schedule)
    i.timer_timeouts_check                   0x00003250   Section        0  app_timer.o(i.timer_timeouts_check)
    timer_timeouts_check                     0x00003251   Thumb Code   118  app_timer.o(i.timer_timeouts_check)
    i.timestamp_process                      0x000032d0   Section        0  nrf_log_backend_serial.o(i.timestamp_process)
    timestamp_process                        0x000032d1   Thumb Code    42  nrf_log_backend_serial.o(i.timestamp_process)
    i.twi_clear_bus                          0x00003304   Section        0  nrf_drv_twi.o(i.twi_clear_bus)
    twi_clear_bus                            0x00003305   Thumb Code   138  nrf_drv_twi.o(i.twi_clear_bus)
    i.twi_event_handler                      0x0000339c   Section        0  app_twi.o(i.twi_event_handler)
    twi_event_handler                        0x0000339d   Thumb Code    58  app_twi.o(i.twi_event_handler)
    i.twi_process_error                      0x000033d8   Section        0  nrf_drv_twi.o(i.twi_process_error)
    twi_process_error                        0x000033d9   Thumb Code    28  nrf_drv_twi.o(i.twi_process_error)
    i.twi_rx_start_transfer                  0x000033f8   Section        0  nrf_drv_twi.o(i.twi_rx_start_transfer)
    twi_rx_start_transfer                    0x000033f9   Thumb Code   154  nrf_drv_twi.o(i.twi_rx_start_transfer)
    i.twi_send_byte                          0x00003498   Section        0  nrf_drv_twi.o(i.twi_send_byte)
    twi_send_byte                            0x00003499   Thumb Code    46  nrf_drv_twi.o(i.twi_send_byte)
    i.twi_transfer                           0x000034c6   Section        0  nrf_drv_twi.o(i.twi_transfer)
    twi_transfer                             0x000034c7   Thumb Code   264  nrf_drv_twi.o(i.twi_transfer)
    i.twi_tx_start_transfer                  0x000035d0   Section        0  nrf_drv_twi.o(i.twi_tx_start_transfer)
    twi_tx_start_transfer                    0x000035d1   Thumb Code   152  nrf_drv_twi.o(i.twi_tx_start_transfer)
    i.twi_xfer                               0x0000366c   Section        0  nrf_drv_twi.o(i.twi_xfer)
    twi_xfer                                 0x0000366d   Thumb Code   140  nrf_drv_twi.o(i.twi_xfer)
    i.tx_byte                                0x000036f8   Section        0  nrf_drv_uart.o(i.tx_byte)
    tx_byte                                  0x000036f9   Thumb Code    30  nrf_drv_uart.o(i.tx_byte)
    i.tx_done_event                          0x00003716   Section        0  nrf_drv_uart.o(i.tx_done_event)
    tx_done_event                            0x00003717   Thumb Code    24  nrf_drv_uart.o(i.tx_done_event)
    i.uart_event_handler                     0x00003730   Section        0  nrf_log_backend_serial.o(i.uart_event_handler)
    uart_event_handler                       0x00003731   Thumb Code    12  nrf_log_backend_serial.o(i.uart_event_handler)
    i.uart_irq_handler                       0x00003740   Section        0  nrf_drv_uart.o(i.uart_irq_handler)
    uart_irq_handler                         0x00003741   Thumb Code   296  nrf_drv_uart.o(i.uart_irq_handler)
    i.user_op_alloc                          0x00003868   Section        0  app_timer.o(i.user_op_alloc)
    user_op_alloc                            0x00003869   Thumb Code    40  app_timer.o(i.user_op_alloc)
    .constdata                               0x00003894   Section        1  lm75b.o(.constdata)
    .constdata                               0x00003895   Section        1  lm75b.o(.constdata)
    .constdata                               0x00003896   Section        1  lm75b.o(.constdata)
    .constdata                               0x00003897   Section        1  lm75b.o(.constdata)
    .constdata                               0x00003898   Section        2  lm75b.o(.constdata)
    default_config                           0x00003898   Data           2  lm75b.o(.constdata)
    .constdata                               0x0000389c   Section        8  lm75b.o(.constdata)
    .constdata                               0x000038a4   Section       80  main.o(.constdata)
    m_rtc                                    0x000038ac   Data           8  main.o(.constdata)
    transaction                              0x000038b4   Data          16  main.o(.constdata)
    transaction                              0x000038c4   Data          16  main.o(.constdata)
    transaction                              0x000038d4   Data          16  main.o(.constdata)
    .constdata                               0x000038f4   Section       32  main.o(.constdata)
    transfers                                0x000038f4   Data          32  main.o(.constdata)
    .constdata                               0x00003914   Section       64  main.o(.constdata)
    transfers                                0x00003914   Data          64  main.o(.constdata)
    .constdata                               0x00003954   Section       16  main.o(.constdata)
    transfers                                0x00003954   Data          16  main.o(.constdata)
    .constdata                               0x00003964   Section        1  mma7660.o(.constdata)
    .constdata                               0x00003965   Section        2  mma7660.o(.constdata)
    default_config                           0x00003965   Data           2  mma7660.o(.constdata)
    .constdata                               0x00003968   Section        8  mma7660.o(.constdata)
    .constdata                               0x00003970   Section        8  boards.o(.constdata)
    m_board_led_list                         0x00003970   Data           4  boards.o(.constdata)
    m_board_btn_list                         0x00003974   Data           4  boards.o(.constdata)
    .constdata                               0x00003978   Section       44  bsp.o(.constdata)
    m_leds_timer_id                          0x00003978   Data           4  bsp.o(.constdata)
    m_alert_timer_id                         0x0000397c   Data           4  bsp.o(.constdata)
    m_button_timer_id                        0x00003980   Data           4  bsp.o(.constdata)
    app_buttons                              0x00003984   Data          32  bsp.o(.constdata)
    .constdata                               0x000039a4   Section        4  nrf_drv_gpiote.o(.constdata)
    .constdata                               0x000039a8   Section        8  app_button.o(.constdata)
    m_detection_delay_timer_id               0x000039a8   Data           4  app_button.o(.constdata)
    .constdata                               0x000039b0   Section       16  app_twi.o(.constdata)
    .constdata                               0x000039c0   Section       32  nrf_log_backend_serial.o(.constdata)
    .constdata                               0x000039e0   Section       36  nrf_log_frontend.o(.constdata)
    .constdata                               0x00003a04   Section      129  ctype_o.o(.constdata)
    .constdata                               0x00003a88   Section        4  ctype_o.o(.constdata)
    table                                    0x00003a88   Data           4  ctype_o.o(.constdata)
    .conststring                             0x00003a8c   Section       11  nrf_log_frontend.o(.conststring)
    .data                                    0x20000000   Section       36  main.o(.data)
    m_sample_idx                             0x20000000   Data           1  main.o(.data)
    m_prev_tilt                              0x20000001   Data           1  main.o(.data)
    m_sum                                    0x20000002   Data           8  main.o(.data)
    m_app_twi                                0x2000000c   Data          24  main.o(.data)
    .data                                    0x20000024   Section       20  bsp.o(.data)
    m_stable_state                           0x20000024   Data           1  bsp.o(.data)
    m_leds_clear                             0x20000025   Data           1  bsp.o(.data)
    current_long_push_pin_no                 0x20000026   Data           1  bsp.o(.data)
    m_app_ticks_per_100ms                    0x20000028   Data           4  bsp.o(.data)
    m_indication_type                        0x2000002c   Data           4  bsp.o(.data)
    m_registered_callback                    0x20000030   Data           4  bsp.o(.data)
    release_event_at_push                    0x20000034   Data           4  bsp.o(.data)
    .data                                    0x20000038   Section        8  nrf_drv_rtc.o(.data)
    m_cb                                     0x20000038   Data           3  nrf_drv_rtc.o(.data)
    m_handlers                               0x2000003c   Data           4  nrf_drv_rtc.o(.data)
    .data                                    0x20000040   Section       20  app_button.o(.data)
    m_button_count                           0x20000040   Data           1  app_button.o(.data)
    mp_buttons                               0x20000044   Data           4  app_button.o(.data)
    m_detection_delay                        0x20000048   Data           4  app_button.o(.data)
    m_pin_state                              0x2000004c   Data           4  app_button.o(.data)
    m_pin_transition                         0x20000050   Data           4  app_button.o(.data)
    .data                                    0x20000054   Section       32  app_timer.o(.data)
    m_ticks_elapsed_q_read_ind               0x20000054   Data           1  app_timer.o(.data)
    m_ticks_elapsed_q_write_ind              0x20000055   Data           1  app_timer.o(.data)
    m_rtc1_running                           0x20000056   Data           1  app_timer.o(.data)
    m_rtc1_reset                             0x20000057   Data           1  app_timer.o(.data)
    mp_timer_id_head                         0x20000058   Data           4  app_timer.o(.data)
    m_ticks_latest                           0x2000005c   Data           4  app_timer.o(.data)
    m_evt_schedule_func                      0x20000060   Data           4  app_timer.o(.data)
    m_op_queue                               0x20000064   Data           8  app_timer.o(.data)
    m_ticks_elapsed                          0x2000006c   Data           8  app_timer.o(.data)
    .data                                    0x20000074   Section        4  app_util_platform.o(.data)
    m_in_critical_region                     0x20000074   Data           4  app_util_platform.o(.data)
    .data                                    0x20000078   Section       12  nrf_log_backend_serial.o(.data)
    m_initialized                            0x20000078   Data           1  nrf_log_backend_serial.o(.data)
    m_blocking_mode                          0x20000079   Data           1  nrf_log_backend_serial.o(.data)
    m_rx_done                                0x2000007a   Data           1  nrf_log_backend_serial.o(.data)
    m_uart                                   0x2000007c   Data           8  nrf_log_backend_serial.o(.data)
    .data                                    0x20000084   Section        4  nrf_log_frontend.o(.data)
    m_overflow_info                          0x20000084   Data           4  nrf_log_frontend.o(.data)
    .data                                    0x20000088   Section        4  system_nrf51.o(.data)
    __tagsym$$used                           0x20000088   Number         0  system_nrf51.o(.data)
    .bss                                     0x2000008c   Section      203  main.o(.bss)
    m_samples                                0x2000008c   Data          96  main.o(.bss)
    APP_TIMER_BUF                            0x200000ec   Data          72  main.o(.bss)
    queue_buffer                             0x20000134   Data          24  main.o(.bss)
    m_buffer                                 0x2000014c   Data          11  main.o(.bss)
    .bss                                     0x20000158   Section       32  bsp.o(.bss)
    m_leds_timer_id_data                     0x20000158   Data          32  bsp.o(.bss)
    .bss                                     0x20000178   Section       32  bsp.o(.bss)
    m_alert_timer_id_data                    0x20000178   Data          32  bsp.o(.bss)
    .bss                                     0x20000198   Section       12  bsp.o(.bss)
    m_events_list                            0x20000198   Data          12  bsp.o(.bss)
    .bss                                     0x200001a4   Section       32  bsp.o(.bss)
    m_button_timer_id_data                   0x200001a4   Data          32  bsp.o(.bss)
    .bss                                     0x200001c4   Section       20  nrf_drv_clock.o(.bss)
    m_clock_cb                               0x200001c4   Data          20  nrf_drv_clock.o(.bss)
    .bss                                     0x200001d8   Section       72  nrf_drv_gpiote.o(.bss)
    m_cb                                     0x200001d8   Data          72  nrf_drv_gpiote.o(.bss)
    .bss                                     0x20000220   Section       40  nrf_drv_twi.o(.bss)
    m_cb                                     0x20000220   Data          40  nrf_drv_twi.o(.bss)
    .bss                                     0x20000248   Section       28  nrf_drv_uart.o(.bss)
    m_cb                                     0x20000248   Data          28  nrf_drv_uart.o(.bss)
    .bss                                     0x20000264   Section       32  app_button.o(.bss)
    m_detection_delay_timer_id_data          0x20000264   Data          32  app_button.o(.bss)
    .bss                                     0x20000284   Section      256  nrf_log_backend_serial.o(.bss)
    m_uart_buffer                            0x20000284   Data         256  nrf_log_backend_serial.o(.bss)
    .bss                                     0x20000384   Section     1048  nrf_log_frontend.o(.bss)
    m_log_data                               0x20000384   Data        1048  nrf_log_frontend.o(.bss)
    STACK                                    0x200007a0   Section     2048  arm_startup_nrf51.o(STACK)

    Global Symbols

    Symbol Name                              Value     Ov Type        Size  Object(Section)

    BuildAttributes$$THM_ISAv3M$S$PE$A:L22$X:L11$S22$IEEE1$IW$USESV6$~STKCKD$USESV7$~SHL$OTIME$ROPI$EBA8$MICROLIB$REQ8$PRES8$EABIv2 0x00000000   Number         0  anon$$obj.o ABSOLUTE
    __ARM_use_no_argv                        0x00000000   Number         0  main.o ABSOLUTE
    __Vectors                                0x00000000   Data           4  arm_startup_nrf51.o(RESET)
    _printf_a                                0x00000000   Number         0  stubs.o ABSOLUTE
    _printf_c                                0x00000000   Number         0  stubs.o ABSOLUTE
    _printf_charcount                        0x00000000   Number         0  stubs.o ABSOLUTE
    _printf_d                                0x00000000   Number         0  stubs.o ABSOLUTE
    _printf_e                                0x00000000   Number         0  stubs.o ABSOLUTE
    _printf_f                                0x00000000   Number         0  stubs.o ABSOLUTE
    _printf_flags                            0x00000000   Number         0  stubs.o ABSOLUTE
    _printf_fp_dec                           0x00000000   Number         0  stubs.o ABSOLUTE
    _printf_fp_hex                           0x00000000   Number         0  stubs.o ABSOLUTE
    _printf_g                                0x00000000   Number         0  stubs.o ABSOLUTE
    _printf_i                                0x00000000   Number         0  stubs.o ABSOLUTE
    _printf_int_dec                          0x00000000   Number         0  stubs.o ABSOLUTE
    _printf_l                                0x00000000   Number         0  stubs.o ABSOLUTE
    _printf_lc                               0x00000000   Number         0  stubs.o ABSOLUTE
    _printf_ll                               0x00000000   Number         0  stubs.o ABSOLUTE
    _printf_lld                              0x00000000   Number         0  stubs.o ABSOLUTE
    _printf_lli                              0x00000000   Number         0  stubs.o ABSOLUTE
    _printf_llo                              0x00000000   Number         0  stubs.o ABSOLUTE
    _printf_llu                              0x00000000   Number         0  stubs.o ABSOLUTE
    _printf_llx                              0x00000000   Number         0  stubs.o ABSOLUTE
    _printf_longlong_dec                     0x00000000   Number         0  stubs.o ABSOLUTE
    _printf_longlong_hex                     0x00000000   Number         0  stubs.o ABSOLUTE
    _printf_longlong_oct                     0x00000000   Number         0  stubs.o ABSOLUTE
    _printf_ls                               0x00000000   Number         0  stubs.o ABSOLUTE
    _printf_mbtowc                           0x00000000   Number         0  stubs.o ABSOLUTE
    _printf_n                                0x00000000   Number         0  stubs.o ABSOLUTE
    _printf_o                                0x00000000   Number         0  stubs.o ABSOLUTE
    _printf_p                                0x00000000   Number         0  stubs.o ABSOLUTE
    _printf_percent                          0x00000000   Number         0  stubs.o ABSOLUTE
    _printf_pre_padding                      0x00000000   Number         0  stubs.o ABSOLUTE
    _printf_return_value                     0x00000000   Number         0  stubs.o ABSOLUTE
    _printf_s                                0x00000000   Number         0  stubs.o ABSOLUTE
    _printf_sizespec                         0x00000000   Number         0  stubs.o ABSOLUTE
    _printf_str                              0x00000000   Number         0  stubs.o ABSOLUTE
    _printf_truncate_signed                  0x00000000   Number         0  stubs.o ABSOLUTE
    _printf_truncate_unsigned                0x00000000   Number         0  stubs.o ABSOLUTE
    _printf_u                                0x00000000   Number         0  stubs.o ABSOLUTE
    _printf_wc                               0x00000000   Number         0  stubs.o ABSOLUTE
    _printf_wctomb                           0x00000000   Number         0  stubs.o ABSOLUTE
    _printf_widthprec                        0x00000000   Number         0  stubs.o ABSOLUTE
    _printf_x                                0x00000000   Number         0  stubs.o ABSOLUTE
    __cpp_initialize__aeabi_                  - Undefined Weak Reference
    __cxa_finalize                            - Undefined Weak Reference
    __decompress                              - Undefined Weak Reference
    _clock_init                               - Undefined Weak Reference
    _microlib_exit                            - Undefined Weak Reference
    __Vectors_End                            0x000000c0   Data           0  arm_startup_nrf51.o(RESET)
    __Vectors_Size                           0x000000c0   Number         0  arm_startup_nrf51.o ABSOLUTE
    __main                                   0x000000c1   Thumb Code     0  entry.o(.ARM.Collect$$$$00000000)
    _main_stk                                0x000000c1   Thumb Code     0  entry2.o(.ARM.Collect$$$$00000001)
    _main_scatterload                        0x000000c5   Thumb Code     0  entry5.o(.ARM.Collect$$$$00000004)
    __main_after_scatterload                 0x000000c9   Thumb Code     0  entry5.o(.ARM.Collect$$$$00000004)
    _main_clock                              0x000000c9   Thumb Code     0  entry7b.o(.ARM.Collect$$$$00000008)
    _main_cpp_init                           0x000000c9   Thumb Code     0  entry8b.o(.ARM.Collect$$$$0000000A)
    _main_init                               0x000000c9   Thumb Code     0  entry9a.o(.ARM.Collect$$$$0000000B)
    __rt_final_cpp                           0x000000d1   Thumb Code     0  entry10a.o(.ARM.Collect$$$$0000000D)
    __rt_final_exit                          0x000000d1   Thumb Code     0  entry11a.o(.ARM.Collect$$$$0000000F)
    Reset_Handler                            0x000000d5   Thumb Code    26  arm_startup_nrf51.o(.text)
    NMI_Handler                              0x000000ef   Thumb Code     2  arm_startup_nrf51.o(.text)
    HardFault_Handler                        0x000000f1   Thumb Code     2  arm_startup_nrf51.o(.text)
    SVC_Handler                              0x000000f3   Thumb Code     2  arm_startup_nrf51.o(.text)
    PendSV_Handler                           0x000000f5   Thumb Code     2  arm_startup_nrf51.o(.text)
    SysTick_Handler                          0x000000f7   Thumb Code     2  arm_startup_nrf51.o(.text)
    ADC_IRQHandler                           0x000000f9   Thumb Code     0  arm_startup_nrf51.o(.text)
    CCM_AAR_IRQHandler                       0x000000f9   Thumb Code     0  arm_startup_nrf51.o(.text)
    ECB_IRQHandler                           0x000000f9   Thumb Code     0  arm_startup_nrf51.o(.text)
    LPCOMP_IRQHandler                        0x000000f9   Thumb Code     0  arm_startup_nrf51.o(.text)
    QDEC_IRQHandler                          0x000000f9   Thumb Code     0  arm_startup_nrf51.o(.text)
    RADIO_IRQHandler                         0x000000f9   Thumb Code     0  arm_startup_nrf51.o(.text)
    RNG_IRQHandler                           0x000000f9   Thumb Code     0  arm_startup_nrf51.o(.text)
    SPI1_TWI1_IRQHandler                     0x000000f9   Thumb Code     0  arm_startup_nrf51.o(.text)
    SWI1_IRQHandler                          0x000000f9   Thumb Code     0  arm_startup_nrf51.o(.text)
    SWI2_IRQHandler                          0x000000f9   Thumb Code     0  arm_startup_nrf51.o(.text)
    SWI3_IRQHandler                          0x000000f9   Thumb Code     0  arm_startup_nrf51.o(.text)
    SWI4_IRQHandler                          0x000000f9   Thumb Code     0  arm_startup_nrf51.o(.text)
    SWI5_IRQHandler                          0x000000f9   Thumb Code     0  arm_startup_nrf51.o(.text)
    TEMP_IRQHandler                          0x000000f9   Thumb Code     0  arm_startup_nrf51.o(.text)
    TIMER0_IRQHandler                        0x000000f9   Thumb Code     0  arm_startup_nrf51.o(.text)
    TIMER1_IRQHandler                        0x000000f9   Thumb Code     0  arm_startup_nrf51.o(.text)
    TIMER2_IRQHandler                        0x000000f9   Thumb Code     0  arm_startup_nrf51.o(.text)
    WDT_IRQHandler                           0x000000f9   Thumb Code     0  arm_startup_nrf51.o(.text)
    __aeabi_uidiv                            0x0000010d   Thumb Code     0  uidiv.o(.text)
    __aeabi_uidivmod                         0x0000010d   Thumb Code    44  uidiv.o(.text)
    __rt_ctype_table                         0x00000139   Thumb Code     4  ctype_o.o(.text)
    __aeabi_memcpy                           0x00000141   Thumb Code    36  memcpya.o(.text)
    __aeabi_memcpy4                          0x00000141   Thumb Code     0  memcpya.o(.text)
    __aeabi_memcpy8                          0x00000141   Thumb Code     0  memcpya.o(.text)
    strlen                                   0x00000165   Thumb Code    14  strlen.o(.text)
    __aeabi_fadd                             0x00000173   Thumb Code   162  fadd.o(.text)
    __aeabi_fsub                             0x00000215   Thumb Code     8  fadd.o(.text)
    __aeabi_frsub                            0x0000021d   Thumb Code     8  fadd.o(.text)
    __aeabi_fmul                             0x00000225   Thumb Code   122  fmul.o(.text)
    __ARM_scalbn                             0x0000029f   Thumb Code    44  dscalb.o(.text)
    scalbn                                   0x0000029f   Thumb Code     0  dscalb.o(.text)
    __aeabi_i2f                              0x000002cb   Thumb Code    22  fflti.o(.text)
    __aeabi_i2d                              0x000002e1   Thumb Code    34  dflti.o(.text)
    __aeabi_f2iz                             0x00000309   Thumb Code    50  ffixi.o(.text)
    __aeabi_d2f                              0x0000033b   Thumb Code    56  d2f.o(.text)
    __aeabi_uldivmod                         0x00000373   Thumb Code    96  uldiv.o(.text)
    __I$use$fp                               0x000003d3   Thumb Code     0  iusefp.o(.text)
    _float_round                             0x000003d3   Thumb Code    16  fepilogue.o(.text)
    _float_epilogue                          0x000003e3   Thumb Code   114  fepilogue.o(.text)
    _double_round                            0x00000455   Thumb Code    26  depilogue.o(.text)
    _double_epilogue                         0x0000046f   Thumb Code   164  depilogue.o(.text)
    __scatterload                            0x00000515   Thumb Code    28  init.o(.text)
    __scatterload_rt2                        0x00000515   Thumb Code     0  init.o(.text)
    __aeabi_llsl                             0x00000539   Thumb Code    32  llshl.o(.text)
    _ll_shift_l                              0x00000539   Thumb Code     0  llshl.o(.text)
    __aeabi_llsr                             0x00000559   Thumb Code    34  llushr.o(.text)
    _ll_ushift_r                             0x00000559   Thumb Code     0  llushr.o(.text)
    GPIOTE_IRQHandler                        0x0000057d   Thumb Code   364  nrf_drv_gpiote.o(i.GPIOTE_IRQHandler)
    POWER_CLOCK_IRQHandler                   0x00000739   Thumb Code    70  nrf_drv_clock.o(i.POWER_CLOCK_IRQHandler)
    RTC0_IRQHandler                          0x0000078d   Thumb Code    14  nrf_drv_rtc.o(i.RTC0_IRQHandler)
    RTC1_IRQHandler                          0x000007a1   Thumb Code    28  app_timer.o(i.RTC1_IRQHandler)
    SPI0_TWI0_IRQHandler                     0x000007c1   Thumb Code    12  nrf_drv_twi.o(i.SPI0_TWI0_IRQHandler)
    SWI0_IRQHandler                          0x000007d5   Thumb Code     8  app_timer.o(i.SWI0_IRQHandler)
    SystemInit                               0x000007dd   Thumb Code   130  system_nrf51.o(i.SystemInit)
    UART0_IRQHandler                         0x0000087d   Thumb Code    12  nrf_drv_uart.o(i.UART0_IRQHandler)
    __0snprintf$8                            0x00000891   Thumb Code    38  printf8.o(i.__0snprintf$8)
    __1snprintf$8                            0x00000891   Thumb Code     0  printf8.o(i.__0snprintf$8)
    __2snprintf                              0x00000891   Thumb Code     0  printf8.o(i.__0snprintf$8)
    __ARM_clz                                0x000008bd   Thumb Code    46  depilogue.o(i.__ARM_clz)
    __ARM_common_switch8                     0x000008eb   Thumb Code    26  bsp.o(i.__ARM_common_switch8)
    __scatterload_copy                       0x00000905   Thumb Code    14  handlers.o(i.__scatterload_copy)
    __scatterload_null                       0x00000913   Thumb Code     2  handlers.o(i.__scatterload_null)
    __scatterload_zeroinit                   0x00000915   Thumb Code    14  handlers.o(i.__scatterload_zeroinit)
    app_button_enable                        0x00000db9   Thumb Code    32  app_button.o(i.app_button_enable)
    app_button_init                          0x00000ddd   Thumb Code   100  app_button.o(i.app_button_init)
    app_error_fault_handler                  0x00000e51   Thumb Code    38  app_error_weak.o(i.app_error_fault_handler)
    app_error_handler_bare                   0x00000e99   Thumb Code    20  app_error.o(i.app_error_handler_bare)
    app_timer_create                         0x00000eb1   Thumb Code    40  app_timer.o(i.app_timer_create)
    app_timer_init                           0x00000edd   Thumb Code    98  app_timer.o(i.app_timer_init)
    app_timer_start                          0x00000f51   Thumb Code   120  app_timer.o(i.app_timer_start)
    app_timer_stop                           0x00000fd1   Thumb Code    36  app_timer.o(i.app_timer_stop)
    app_twi_init                             0x00000ff9   Thumb Code    46  app_twi.o(i.app_twi_init)
    app_twi_perform                          0x0000102d   Thumb Code    92  app_twi.o(i.app_twi_perform)
    app_twi_schedule                         0x0000108d   Thumb Code    84  app_twi.o(i.app_twi_schedule)
    app_util_critical_region_enter           0x000010e1   Thumb Code     8  app_util_platform.o(i.app_util_critical_region_enter)
    app_util_critical_region_exit            0x000010e9   Thumb Code     8  app_util_platform.o(i.app_util_critical_region_exit)
    app_util_disable_irq                     0x000010f1   Thumb Code    12  app_util_platform.o(i.app_util_disable_irq)
    app_util_enable_irq                      0x00001101   Thumb Code    14  app_util_platform.o(i.app_util_enable_irq)
    bsp_board_led_invert                     0x00001199   Thumb Code    24  boards.o(i.bsp_board_led_invert)
    bsp_board_led_off                        0x000011b9   Thumb Code    14  boards.o(i.bsp_board_led_off)
    bsp_board_led_on                         0x000011cd   Thumb Code    14  boards.o(i.bsp_board_led_on)
    bsp_board_led_state_get                  0x000011e1   Thumb Code    24  boards.o(i.bsp_board_led_state_get)
    bsp_board_leds_init                      0x00001201   Thumb Code    36  boards.o(i.bsp_board_leds_init)
    bsp_board_leds_off                       0x00001229   Thumb Code    18  boards.o(i.bsp_board_leds_off)
    bsp_board_leds_on                        0x0000123b   Thumb Code    18  boards.o(i.bsp_board_leds_on)
    bsp_board_pin_to_button_idx              0x0000124d   Thumb Code    30  boards.o(i.bsp_board_pin_to_button_idx)
    bsp_event_to_button_action_assign        0x00001331   Thumb Code    66  bsp.o(i.bsp_event_to_button_action_assign)
    bsp_init                                 0x00001379   Thumb Code   132  bsp.o(i.bsp_init)
    buffer_is_empty                          0x0000160d   Thumb Code    16  nrf_log_frontend.o(i.buffer_is_empty)
    main                                     0x00001af5   Thumb Code   228  main.o(i.main)
    nrf_drv_clock_init                       0x00001c9d   Thumb Code    52  nrf_drv_clock.o(i.nrf_drv_clock_init)
    nrf_drv_clock_lfclk_request              0x00001cdd   Thumb Code    88  nrf_drv_clock.o(i.nrf_drv_clock_lfclk_request)
    nrf_drv_common_irq_enable                0x00001d41   Thumb Code    78  nrf_drv_common.o(i.nrf_drv_common_irq_enable)
    nrf_drv_gpiote_in_event_enable           0x00001da1   Thumb Code   136  nrf_drv_gpiote.o(i.nrf_drv_gpiote_in_event_enable)
    nrf_drv_gpiote_in_init                   0x00001e39   Thumb Code   154  nrf_drv_gpiote.o(i.nrf_drv_gpiote_in_init)
    nrf_drv_gpiote_in_is_set                 0x00001ee1   Thumb Code    16  nrf_drv_gpiote.o(i.nrf_drv_gpiote_in_is_set)
    nrf_drv_gpiote_init                      0x00001ef5   Thumb Code    84  nrf_drv_gpiote.o(i.nrf_drv_gpiote_init)
    nrf_drv_gpiote_is_init                   0x00001f51   Thumb Code    12  nrf_drv_gpiote.o(i.nrf_drv_gpiote_is_init)
    nrf_drv_rtc_enable                       0x00001f61   Thumb Code    20  nrf_drv_rtc.o(i.nrf_drv_rtc_enable)
    nrf_drv_rtc_init                         0x00001f79   Thumb Code   102  nrf_drv_rtc.o(i.nrf_drv_rtc_init)
    nrf_drv_rtc_tick_enable                  0x00002081   Thumb Code    36  nrf_drv_rtc.o(i.nrf_drv_rtc_tick_enable)
    nrf_drv_twi_enable                       0x000020a5   Thumb Code    28  nrf_drv_twi.o(i.nrf_drv_twi_enable)
    nrf_drv_twi_init                         0x000020c5   Thumb Code   124  nrf_drv_twi.o(i.nrf_drv_twi_init)
    nrf_drv_twi_xfer                         0x0000214d   Thumb Code    36  nrf_drv_twi.o(i.nrf_drv_twi_xfer)
    nrf_drv_uart_init                        0x00002175   Thumb Code   118  nrf_drv_uart.o(i.nrf_drv_uart_init)
    nrf_drv_uart_tx                          0x000021f5   Thumb Code    46  nrf_drv_uart.o(i.nrf_drv_uart_tx)
    nrf_drv_uart_tx_in_progress              0x000022b5   Thumb Code    20  nrf_drv_uart.o(i.nrf_drv_uart_tx_in_progress)
    nrf_drv_uart_uninit                      0x000022cd   Thumb Code   140  nrf_drv_uart.o(i.nrf_drv_uart_uninit)
    nrf_log_backend_hexdump_handler_get      0x000024ad   Thumb Code     4  nrf_log_backend_serial.o(i.nrf_log_backend_hexdump_handler_get)
    nrf_log_backend_init                     0x000024b5   Thumb Code   102  nrf_log_backend_serial.o(i.nrf_log_backend_init)
    nrf_log_backend_std_handler_get          0x00002765   Thumb Code     4  nrf_log_backend_serial.o(i.nrf_log_backend_std_handler_get)
    nrf_log_blocking_backend_set             0x0000276d   Thumb Code    10  nrf_log_frontend.o(i.nrf_log_blocking_backend_set)
    nrf_log_frontend_dequeue                 0x00002779   Thumb Code   318  nrf_log_frontend.o(i.nrf_log_frontend_dequeue)
    nrf_log_frontend_hexdump                 0x000028c5   Thumb Code   138  nrf_log_frontend.o(i.nrf_log_frontend_hexdump)
    nrf_log_frontend_init                    0x00002959   Thumb Code    20  nrf_log_frontend.o(i.nrf_log_frontend_init)
    nrf_log_frontend_std_0                   0x00002971   Thumb Code    68  nrf_log_frontend.o(i.nrf_log_frontend_std_0)
    nrf_log_frontend_std_1                   0x000029bd   Thumb Code    86  nrf_log_frontend.o(i.nrf_log_frontend_std_1)
    nrf_log_frontend_std_3                   0x00002a1d   Thumb Code   114  nrf_log_frontend.o(i.nrf_log_frontend_std_3)
    nrf_log_frontend_std_5                   0x00002a99   Thumb Code   144  nrf_log_frontend.o(i.nrf_log_frontend_std_5)
    nrf_log_handlers_set                     0x00002b31   Thumb Code     8  nrf_log_frontend.o(i.nrf_log_handlers_set)
    nrf_log_init                             0x00002b3d   Thumb Code    36  nrf_log_frontend.o(i.nrf_log_init)
    read_all_cb                              0x00002bb5   Thumb Code   486  main.o(i.read_all_cb)
    lm75b_conf_reg_addr                      0x00003894   Data           1  lm75b.o(.constdata)
    lm75b_temp_reg_addr                      0x00003895   Data           1  lm75b.o(.constdata)
    lm75b_tos_reg_addr                       0x00003896   Data           1  lm75b.o(.constdata)
    lm75b_thyst_reg_addr                     0x00003897   Data           1  lm75b.o(.constdata)
    lm75b_init_transfers                     0x0000389c   Data           8  lm75b.o(.constdata)
    mma7660_xout_reg_addr                    0x00003964   Data           1  mma7660.o(.constdata)
    mma7660_init_transfers                   0x00003968   Data           8  mma7660.o(.constdata)
    __ctype_table                            0x00003a04   Data         129  ctype_o.o(.constdata)
    Region$$Table$$Base                      0x00003a98   Number         0  anon$$obj.o(Region$$Table)
    Region$$Table$$Limit                     0x00003ab8   Number         0  anon$$obj.o(Region$$Table)
    SystemCoreClock                          0x20000088   Data           4  system_nrf51.o(.data)
    __initial_sp                             0x20000fa0   Data           0  arm_startup_nrf51.o(STACK)



==============================================================================

Memory Map of the image

  Image Entry point : 0x000000c1

  Load Region LR_IROM1 (Base: 0x00000000, Size: 0x00003b44, Max: 0x00040000, ABSOLUTE)

    Execution Region ER_IROM1 (Base: 0x00000000, Size: 0x00003ab8, Max: 0x00040000, ABSOLUTE)

    Base Addr    Size         Type   Attr      Idx    E Section Name        Object

    0x00000000   0x000000c0   Data   RO         2287    RESET               arm_startup_nrf51.o
    0x000000c0   0x00000000   Code   RO         2329  * .ARM.Collect$$$$00000000  mc_p.l(entry.o)
    0x000000c0   0x00000004   Code   RO         2645    .ARM.Collect$$$$00000001  mc_p.l(entry2.o)
    0x000000c4   0x00000004   Code   RO         2648    .ARM.Collect$$$$00000004  mc_p.l(entry5.o)
    0x000000c8   0x00000000   Code   RO         2650    .ARM.Collect$$$$00000008  mc_p.l(entry7b.o)
    0x000000c8   0x00000000   Code   RO         2652    .ARM.Collect$$$$0000000A  mc_p.l(entry8b.o)
    0x000000c8   0x00000008   Code   RO         2653    .ARM.Collect$$$$0000000B  mc_p.l(entry9a.o)
    0x000000d0   0x00000000   Code   RO         2655    .ARM.Collect$$$$0000000D  mc_p.l(entry10a.o)
    0x000000d0   0x00000000   Code   RO         2657    .ARM.Collect$$$$0000000F  mc_p.l(entry11a.o)
    0x000000d0   0x00000004   Code   RO         2646    .ARM.Collect$$$$00002712  mc_p.l(entry2.o)
    0x000000d4   0x00000038   Code   RO         2288    .text               arm_startup_nrf51.o
    0x0000010c   0x0000002c   Code   RO         2332    .text               mc_p.l(uidiv.o)
    0x00000138   0x00000008   Code   RO         2334    .text               mc_p.l(ctype_o.o)
    0x00000140   0x00000024   Code   RO         2362    .text               mc_p.l(memcpya.o)
    0x00000164   0x0000000e   Code   RO         2364    .text               mc_p.l(strlen.o)
    0x00000172   0x000000b2   Code   RO         2631    .text               mf_p.l(fadd.o)
    0x00000224   0x0000007a   Code   RO         2633    .text               mf_p.l(fmul.o)
    0x0000029e   0x0000002c   Code   RO         2635    .text               mf_p.l(dscalb.o)
    0x000002ca   0x00000016   Code   RO         2637    .text               mf_p.l(fflti.o)
    0x000002e0   0x00000028   Code   RO         2639    .text               mf_p.l(dflti.o)
    0x00000308   0x00000032   Code   RO         2641    .text               mf_p.l(ffixi.o)
    0x0000033a   0x00000038   Code   RO         2643    .text               mf_p.l(d2f.o)
    0x00000372   0x00000060   Code   RO         2662    .text               mc_p.l(uldiv.o)
    0x000003d2   0x00000000   Code   RO         2664    .text               mc_p.l(iusefp.o)
    0x000003d2   0x00000082   Code   RO         2665    .text               mf_p.l(fepilogue.o)
    0x00000454   0x000000be   Code   RO         2667    .text               mf_p.l(depilogue.o)
    0x00000512   0x00000002   PAD
    0x00000514   0x00000024   Code   RO         2681    .text               mc_p.l(init.o)
    0x00000538   0x00000020   Code   RO         2684    .text               mc_p.l(llshl.o)
    0x00000558   0x00000022   Code   RO         2686    .text               mc_p.l(llushr.o)
    0x0000057a   0x00000002   PAD
    0x0000057c   0x00000178   Code   RO          742    i.GPIOTE_IRQHandler  nrf_drv_gpiote.o
    0x000006f4   0x00000044   Code   RO         1623    i.NVIC_SetPriority  app_timer.o
    0x00000738   0x00000054   Code   RO          547    i.POWER_CLOCK_IRQHandler  nrf_drv_clock.o
    0x0000078c   0x00000014   Code   RO          960    i.RTC0_IRQHandler   nrf_drv_rtc.o
    0x000007a0   0x00000020   Code   RO         1624    i.RTC1_IRQHandler   app_timer.o
    0x000007c0   0x00000014   Code   RO         1065    i.SPI0_TWI0_IRQHandler  nrf_drv_twi.o
    0x000007d4   0x00000008   Code   RO         1625    i.SWI0_IRQHandler   app_timer.o
    0x000007dc   0x000000a0   Code   RO         2295    i.SystemInit        system_nrf51.o
    0x0000087c   0x00000014   Code   RO         1221    i.UART0_IRQHandler  nrf_drv_uart.o
    0x00000890   0x0000002c   Code   RO         2578    i.__0snprintf$8     mc_p.l(printf8.o)
    0x000008bc   0x0000002e   Code   RO         2669    i.__ARM_clz         mf_p.l(depilogue.o)
    0x000008ea   0x0000001a   Code   RO          480    i.__ARM_common_switch8  bsp.o
    0x00000904   0x0000000e   Code   RO         2693    i.__scatterload_copy  mc_p.l(handlers.o)
    0x00000912   0x00000002   Code   RO         2694    i.__scatterload_null  mc_p.l(handlers.o)
    0x00000914   0x0000000e   Code   RO         2695    i.__scatterload_zeroinit  mc_p.l(handlers.o)
    0x00000922   0x00000002   PAD
    0x00000924   0x00000428   Code   RO         2584    i._printf_core      mc_p.l(printf8.o)
    0x00000d4c   0x00000020   Code   RO         2585    i._printf_post_padding  mc_p.l(printf8.o)
    0x00000d6c   0x0000002c   Code   RO         2586    i._printf_pre_padding  mc_p.l(printf8.o)
    0x00000d98   0x00000016   Code   RO         2587    i._snputc           mc_p.l(printf8.o)
    0x00000dae   0x0000000a   Code   RO          386    i.alert_timer_handler  bsp.o
    0x00000db8   0x00000024   Code   RO         1498    i.app_button_enable  app_button.o
    0x00000ddc   0x00000074   Code   RO         1499    i.app_button_init   app_button.o
    0x00000e50   0x00000048   Code   RO         1600    i.app_error_fault_handler  app_error_weak.o
    0x00000e98   0x00000018   Code   RO         1562    i.app_error_handler_bare  app_error.o
    0x00000eb0   0x0000002c   Code   RO         1628    i.app_timer_create  app_timer.o
    0x00000edc   0x00000074   Code   RO         1629    i.app_timer_init    app_timer.o
    0x00000f50   0x00000080   Code   RO         1630    i.app_timer_start   app_timer.o
    0x00000fd0   0x00000028   Code   RO         1631    i.app_timer_stop    app_timer.o
    0x00000ff8   0x00000034   Code   RO         1765    i.app_twi_init      app_twi.o
    0x0000102c   0x00000060   Code   RO         1766    i.app_twi_perform   app_twi.o
    0x0000108c   0x00000054   Code   RO         1767    i.app_twi_schedule  app_twi.o
    0x000010e0   0x00000008   Code   RO         1832    i.app_util_critical_region_enter  app_util_platform.o
    0x000010e8   0x00000008   Code   RO         1833    i.app_util_critical_region_exit  app_util_platform.o
    0x000010f0   0x00000010   Code   RO         1834    i.app_util_disable_irq  app_util_platform.o
    0x00001100   0x00000014   Code   RO         1835    i.app_util_enable_irq  app_util_platform.o
    0x00001114   0x00000084   Code   RO         1222    i.apply_config      nrf_drv_uart.o
    0x00001198   0x00000020   Code   RO          282    i.bsp_board_led_invert  boards.o
    0x000011b8   0x00000014   Code   RO          283    i.bsp_board_led_off  boards.o
    0x000011cc   0x00000014   Code   RO          284    i.bsp_board_led_on  boards.o
    0x000011e0   0x00000020   Code   RO          285    i.bsp_board_led_state_get  boards.o
    0x00001200   0x00000028   Code   RO          286    i.bsp_board_leds_init  boards.o
    0x00001228   0x00000012   Code   RO          287    i.bsp_board_leds_off  boards.o
    0x0000123a   0x00000012   Code   RO          288    i.bsp_board_leds_on  boards.o
    0x0000124c   0x00000024   Code   RO          289    i.bsp_board_pin_to_button_idx  boards.o
    0x00001270   0x00000094   Code   RO          387    i.bsp_button_event_handler  bsp.o
    0x00001304   0x0000002c   Code   RO           99    i.bsp_event_handler  main.o
    0x00001330   0x00000048   Code   RO          391    i.bsp_event_to_button_action_assign  bsp.o
    0x00001378   0x00000098   Code   RO          393    i.bsp_init          bsp.o
    0x00001410   0x00000180   Code   RO          394    i.bsp_led_indication  bsp.o
    0x00001590   0x00000012   Code   RO         1911    i.buf_len_update    nrf_log_backend_serial.o
    0x000015a2   0x00000002   PAD
    0x000015a4   0x00000068   Code   RO         2008    i.buf_prealloc      nrf_log_frontend.o
    0x0000160c   0x00000014   Code   RO         2009    i.buffer_is_empty   nrf_log_frontend.o
    0x00001620   0x0000000c   Code   RO          397    i.button_timer_handler  bsp.o
    0x0000162c   0x0000001c   Code   RO          743    i.channel_free      nrf_drv_gpiote.o
    0x00001648   0x00000048   Code   RO          744    i.channel_port_alloc  nrf_drv_gpiote.o
    0x00001690   0x00000010   Code   RO          745    i.channel_port_get  nrf_drv_gpiote.o
    0x000016a0   0x00000028   Code   RO          548    i.clock_clk_started_notify  nrf_drv_clock.o
    0x000016c8   0x000000a8   Code   RO         1633    i.compare_reg_update  app_timer.o
    0x00001770   0x00000060   Code   RO         1501    i.detection_delay_timeout_handler  app_button.o
    0x000017d0   0x00000040   Code   RO         1634    i.elapsed_ticks_acquire  app_timer.o
    0x00001810   0x00000050   Code   RO         1502    i.gpiote_event_handler  app_button.o
    0x00001860   0x00000008   Code   RO         1769    i.internal_transaction_cb  app_twi.o
    0x00001868   0x000000ac   Code   RO         1066    i.irq_handler_twi   nrf_drv_twi.o
    0x00001914   0x00000048   Code   RO         2296    i.is_manual_peripheral_setup_needed  system_nrf51.o
    0x0000195c   0x00000016   Code   RO          550    i.item_enqueue      nrf_drv_clock.o
    0x00001972   0x00000002   PAD
    0x00001974   0x00000018   Code   RO          398    i.leds_timer_handler  bsp.o
    0x0000198c   0x000000ac   Code   RO         1635    i.list_deletions_handler  app_timer.o
    0x00001a38   0x000000bc   Code   RO         1636    i.list_insertions_handler  app_timer.o
    0x00001af4   0x00000128   Code   RO          100    i.main              main.o
    0x00001c1c   0x00000010   Code   RO          746    i.nrf_bitmask_bit_is_set  nrf_drv_gpiote.o
    0x00001c2c   0x00000010   Code   RO          552    i.nrf_clock_event_check  nrf_drv_clock.o
    0x00001c3c   0x00000030   Code   RO         1067    i.nrf_delay_us      nrf_drv_twi.o
    0x00001c6c   0x00000030   Code   RO         1637    i.nrf_delay_us      app_timer.o
    0x00001c9c   0x00000040   Code   RO          559    i.nrf_drv_clock_init  nrf_drv_clock.o
    0x00001cdc   0x00000064   Code   RO          564    i.nrf_drv_clock_lfclk_request  nrf_drv_clock.o
    0x00001d40   0x00000060   Code   RO          704    i.nrf_drv_common_irq_enable  nrf_drv_common.o
    0x00001da0   0x00000098   Code   RO          749    i.nrf_drv_gpiote_in_event_enable  nrf_drv_gpiote.o
    0x00001e38   0x000000a8   Code   RO          750    i.nrf_drv_gpiote_in_init  nrf_drv_gpiote.o
    0x00001ee0   0x00000014   Code   RO          751    i.nrf_drv_gpiote_in_is_set  nrf_drv_gpiote.o
    0x00001ef4   0x0000005c   Code   RO          753    i.nrf_drv_gpiote_init  nrf_drv_gpiote.o
    0x00001f50   0x00000010   Code   RO          754    i.nrf_drv_gpiote_is_init  nrf_drv_gpiote.o
    0x00001f60   0x00000018   Code   RO          964    i.nrf_drv_rtc_enable  nrf_drv_rtc.o
    0x00001f78   0x0000006c   Code   RO          965    i.nrf_drv_rtc_init  nrf_drv_rtc.o
    0x00001fe4   0x0000009c   Code   RO          966    i.nrf_drv_rtc_int_handler  nrf_drv_rtc.o
    0x00002080   0x00000024   Code   RO          971    i.nrf_drv_rtc_tick_enable  nrf_drv_rtc.o
    0x000020a4   0x00000020   Code   RO         1070    i.nrf_drv_twi_enable  nrf_drv_twi.o
    0x000020c4   0x00000088   Code   RO         1071    i.nrf_drv_twi_init  nrf_drv_twi.o
    0x0000214c   0x00000028   Code   RO         1077    i.nrf_drv_twi_xfer  nrf_drv_twi.o
    0x00002174   0x00000080   Code   RO         1224    i.nrf_drv_uart_init  nrf_drv_uart.o
    0x000021f4   0x00000034   Code   RO         1230    i.nrf_drv_uart_tx   nrf_drv_uart.o
    0x00002228   0x0000008c   Code   RO         1232    i.nrf_drv_uart_tx_for_uart  nrf_drv_uart.o
    0x000022b4   0x00000018   Code   RO         1233    i.nrf_drv_uart_tx_in_progress  nrf_drv_uart.o
    0x000022cc   0x00000098   Code   RO         1234    i.nrf_drv_uart_uninit  nrf_drv_uart.o
    0x00002364   0x00000028   Code   RO          291    i.nrf_gpio_cfg      boards.o
    0x0000238c   0x00000028   Code   RO          766    i.nrf_gpio_cfg      nrf_drv_gpiote.o
    0x000023b4   0x00000028   Code   RO         1235    i.nrf_gpio_cfg      nrf_drv_uart.o
    0x000023dc   0x00000012   Code   RO         1236    i.nrf_gpio_cfg_default  nrf_drv_uart.o
    0x000023ee   0x00000012   Code   RO         1237    i.nrf_gpio_cfg_input  nrf_drv_uart.o
    0x00002400   0x00000014   Code   RO         1238    i.nrf_gpio_cfg_output  nrf_drv_uart.o
    0x00002414   0x00000022   Code   RO          768    i.nrf_gpio_cfg_sense_set  nrf_drv_gpiote.o
    0x00002436   0x00000002   PAD
    0x00002438   0x00000010   Code   RO         1078    i.nrf_gpio_pin_set  nrf_drv_twi.o
    0x00002448   0x00000018   Code   RO          292    i.nrf_gpio_pin_write  boards.o
    0x00002460   0x00000028   Code   RO          769    i.nrf_gpio_ports_read  nrf_drv_gpiote.o
    0x00002488   0x00000010   Code   RO          770    i.nrf_gpiote_event_clear  nrf_drv_gpiote.o
    0x00002498   0x00000014   Code   RO          771    i.nrf_gpiote_event_is_set  nrf_drv_gpiote.o
    0x000024ac   0x00000008   Code   RO         1913    i.nrf_log_backend_hexdump_handler_get  nrf_log_backend_serial.o
    0x000024b4   0x00000078   Code   RO         1914    i.nrf_log_backend_init  nrf_log_backend_serial.o
    0x0000252c   0x00000132   Code   RO         1915    i.nrf_log_backend_serial_hexdump_handler  nrf_log_backend_serial.o
    0x0000265e   0x00000104   Code   RO         1916    i.nrf_log_backend_serial_std_handler  nrf_log_backend_serial.o
    0x00002762   0x00000002   PAD
    0x00002764   0x00000008   Code   RO         1917    i.nrf_log_backend_std_handler_get  nrf_log_backend_serial.o
    0x0000276c   0x0000000a   Code   RO         2011    i.nrf_log_blocking_backend_set  nrf_log_frontend.o
    0x00002776   0x00000002   PAD
    0x00002778   0x0000014c   Code   RO         2012    i.nrf_log_frontend_dequeue  nrf_log_frontend.o
    0x000028c4   0x00000094   Code   RO         2013    i.nrf_log_frontend_hexdump  nrf_log_frontend.o
    0x00002958   0x00000018   Code   RO         2014    i.nrf_log_frontend_init  nrf_log_frontend.o
    0x00002970   0x0000004c   Code   RO         2015    i.nrf_log_frontend_std_0  nrf_log_frontend.o
    0x000029bc   0x00000060   Code   RO         2016    i.nrf_log_frontend_std_1  nrf_log_frontend.o
    0x00002a1c   0x0000007c   Code   RO         2018    i.nrf_log_frontend_std_3  nrf_log_frontend.o
    0x00002a98   0x00000098   Code   RO         2020    i.nrf_log_frontend_std_5  nrf_log_frontend.o
    0x00002b30   0x0000000c   Code   RO         2023    i.nrf_log_handlers_set  nrf_log_frontend.o
    0x00002b3c   0x00000024   Code   RO         2024    i.nrf_log_init      nrf_log_frontend.o
    0x00002b60   0x0000000a   Code   RO         1079    i.nrf_twi_event_check  nrf_drv_twi.o
    0x00002b6a   0x0000000a   Code   RO         1239    i.nrf_uart_event_check  nrf_drv_uart.o
    0x00002b74   0x00000010   Code   RO         1240    i.nrf_uart_int_enable_check  nrf_drv_uart.o
    0x00002b84   0x00000018   Code   RO          772    i.pin_in_use_by_port  nrf_drv_gpiote.o
    0x00002b9c   0x00000018   Code   RO          773    i.pin_in_use_by_te  nrf_drv_gpiote.o
    0x00002bb4   0x00000288   Code   RO          101    i.read_all_cb       main.o
    0x00002e3c   0x0000007c   Code   RO          102    i.read_lm75b_registers_cb  main.o
    0x00002eb8   0x00000080   Code   RO          103    i.read_mma7660_registers_cb  main.o
    0x00002f38   0x00000044   Code   RO         1638    i.rtc1_stop         app_timer.o
    0x00002f7c   0x00000028   Code   RO          104    i.rtc_handler       main.o
    0x00002fa4   0x00000026   Code   RO         1241    i.rx_byte           nrf_drv_uart.o
    0x00002fca   0x00000014   Code   RO         1242    i.rx_done_event     nrf_drv_uart.o
    0x00002fde   0x00000002   PAD
    0x00002fe0   0x00000010   Code   RO         1918    i.serial_is_busy    nrf_log_backend_serial.o
    0x00002ff0   0x0000002c   Code   RO         1919    i.serial_tx         nrf_log_backend_serial.o
    0x0000301c   0x00000018   Code   RO         1770    i.signal_end_of_transaction  app_twi.o
    0x00003034   0x00000068   Code   RO         1771    i.start_pending_transaction  app_twi.o
    0x0000309c   0x0000009e   Code   RO         1772    i.start_transfer    app_twi.o
    0x0000313a   0x00000002   PAD
    0x0000313c   0x00000084   Code   RO         1639    i.timer_list_handler  app_timer.o
    0x000031c0   0x00000010   Code   RO         1640    i.timer_list_handler_sched  app_timer.o
    0x000031d0   0x00000040   Code   RO         1641    i.timer_list_insert  app_timer.o
    0x00003210   0x00000040   Code   RO         1642    i.timer_stop_op_schedule  app_timer.o
    0x00003250   0x00000080   Code   RO         1643    i.timer_timeouts_check  app_timer.o
    0x000032d0   0x00000034   Code   RO         1920    i.timestamp_process  nrf_log_backend_serial.o
    0x00003304   0x00000098   Code   RO         1080    i.twi_clear_bus     nrf_drv_twi.o
    0x0000339c   0x0000003a   Code   RO         1773    i.twi_event_handler  app_twi.o
    0x000033d6   0x00000002   PAD
    0x000033d8   0x00000020   Code   RO         1081    i.twi_process_error  nrf_drv_twi.o
    0x000033f8   0x000000a0   Code   RO         1082    i.twi_rx_start_transfer  nrf_drv_twi.o
    0x00003498   0x0000002e   Code   RO         1083    i.twi_send_byte     nrf_drv_twi.o
    0x000034c6   0x00000108   Code   RO         1084    i.twi_transfer      nrf_drv_twi.o
    0x000035ce   0x00000002   PAD
    0x000035d0   0x0000009c   Code   RO         1085    i.twi_tx_start_transfer  nrf_drv_twi.o
    0x0000366c   0x0000008c   Code   RO         1086    i.twi_xfer          nrf_drv_twi.o
    0x000036f8   0x0000001e   Code   RO         1244    i.tx_byte           nrf_drv_uart.o
    0x00003716   0x00000018   Code   RO         1245    i.tx_done_event     nrf_drv_uart.o
    0x0000372e   0x00000002   PAD
    0x00003730   0x00000010   Code   RO         1921    i.uart_event_handler  nrf_log_backend_serial.o
    0x00003740   0x00000128   Code   RO         1246    i.uart_irq_handler  nrf_drv_uart.o
    0x00003868   0x0000002c   Code   RO         1644    i.user_op_alloc     app_timer.o
    0x00003894   0x00000001   Data   RO            3    .constdata          lm75b.o
    0x00003895   0x00000001   Data   RO            4    .constdata          lm75b.o
    0x00003896   0x00000001   Data   RO            5    .constdata          lm75b.o
    0x00003897   0x00000001   Data   RO            6    .constdata          lm75b.o
    0x00003898   0x00000002   Data   RO            7    .constdata          lm75b.o
    0x0000389a   0x00000002   PAD
    0x0000389c   0x00000008   Data   RO            8    .constdata          lm75b.o
    0x000038a4   0x00000050   Data   RO          106    .constdata          main.o
    0x000038f4   0x00000020   Data   RO          107    .constdata          main.o
    0x00003914   0x00000040   Data   RO          108    .constdata          main.o
    0x00003954   0x00000010   Data   RO          109    .constdata          main.o
    0x00003964   0x00000001   Data   RO          256    .constdata          mma7660.o
    0x00003965   0x00000002   Data   RO          257    .constdata          mma7660.o
    0x00003967   0x00000001   PAD
    0x00003968   0x00000008   Data   RO          258    .constdata          mma7660.o
    0x00003970   0x00000008   Data   RO          293    .constdata          boards.o
    0x00003978   0x0000002c   Data   RO          404    .constdata          bsp.o
    0x000039a4   0x00000004   Data   RO          775    .constdata          nrf_drv_gpiote.o
    0x000039a8   0x00000008   Data   RO         1504    .constdata          app_button.o
    0x000039b0   0x00000010   Data   RO         1774    .constdata          app_twi.o
    0x000039c0   0x00000020   Data   RO         1924    .constdata          nrf_log_backend_serial.o
    0x000039e0   0x00000024   Data   RO         2027    .constdata          nrf_log_frontend.o
    0x00003a04   0x00000081   Data   RO         2335    .constdata          mc_p.l(ctype_o.o)
    0x00003a85   0x00000003   PAD
    0x00003a88   0x00000004   Data   RO         2336    .constdata          mc_p.l(ctype_o.o)
    0x00003a8c   0x0000000b   Data   RO         2028    .conststring        nrf_log_frontend.o
    0x00003a97   0x00000001   PAD
    0x00003a98   0x00000020   Data   RO         2691    Region$$Table       anon$$obj.o


    Execution Region RW_IRAM1 (Base: 0x20000000, Size: 0x00000fa0, Max: 0x00008000, ABSOLUTE)

    Base Addr    Size         Type   Attr      Idx    E Section Name        Object

    0x20000000   0x00000024   Data   RW          110    .data               main.o
    0x20000024   0x00000014   Data   RW          405    .data               bsp.o
    0x20000038   0x00000008   Data   RW          976    .data               nrf_drv_rtc.o
    0x20000040   0x00000014   Data   RW         1505    .data               app_button.o
    0x20000054   0x00000020   Data   RW         1645    .data               app_timer.o
    0x20000074   0x00000004   Data   RW         1836    .data               app_util_platform.o
    0x20000078   0x0000000c   Data   RW         1925    .data               nrf_log_backend_serial.o
    0x20000084   0x00000004   Data   RW         2029    .data               nrf_log_frontend.o
    0x20000088   0x00000004   Data   RW         2297    .data               system_nrf51.o
    0x2000008c   0x000000cb   Zero   RW          105    .bss                main.o
    0x20000157   0x00000001   PAD
    0x20000158   0x00000020   Zero   RW          400    .bss                bsp.o
    0x20000178   0x00000020   Zero   RW          401    .bss                bsp.o
    0x20000198   0x0000000c   Zero   RW          402    .bss                bsp.o
    0x200001a4   0x00000020   Zero   RW          403    .bss                bsp.o
    0x200001c4   0x00000014   Zero   RW          566    .bss                nrf_drv_clock.o
    0x200001d8   0x00000048   Zero   RW          774    .bss                nrf_drv_gpiote.o
    0x20000220   0x00000028   Zero   RW         1087    .bss                nrf_drv_twi.o
    0x20000248   0x0000001c   Zero   RW         1247    .bss                nrf_drv_uart.o
    0x20000264   0x00000020   Zero   RW         1503    .bss                app_button.o
    0x20000284   0x00000100   Zero   RW         1922    .bss                nrf_log_backend_serial.o
    0x20000384   0x00000418   Zero   RW         2026    .bss                nrf_log_frontend.o
    0x2000079c   0x00000004   PAD
    0x200007a0   0x00000800   Zero   RW         2285    STACK               arm_startup_nrf51.o


==============================================================================

Image component sizes


      Code (inc. data)   RO Data    RW Data    ZI Data      Debug   Object Name

       328         34          8         20         32       8610   app_button.o
        24          4          0          0          0       2161   app_error.o
        72         34          0          0          0       7094   app_error_weak.o
      1592        158          0         32          0      40455   app_timer.o
       584         10         16          0          0       9000   app_twi.o
        52         10          0          4          0       3132   app_util_platform.o
        56         18        192          0       2048        700   arm_startup_nrf51.o
       280         44          8          0          0      10341   boards.o
       828         80         44         20        108      15535   bsp.o
         0          0          0          0          0       4304   bsp_nfc.o
         0          0         14          0          0      30866   lm75b.o
      1280        422        192         36        203      25912   main.o
         0          0         11          0          0        723   mma7660.o
       326         44          0          0         20      11624   nrf_drv_clock.o
        96         18          0          0          0       8912   nrf_drv_common.o
      1154        100          4          0         72      26128   nrf_drv_gpiote.o
       344         22          0          8          0      16776   nrf_drv_rtc.o
      1424         72          0          0         40      28072   nrf_drv_twi.o
      1178         50          0          0         28      25141   nrf_drv_uart.o
       848         64         32         12        256      15123   nrf_log_backend_serial.o
      1134         86         47          4       1048      12497   nrf_log_frontend.o
       232         36          0          4          0       2307   system_nrf51.o

    ----------------------------------------------------------------------
     11852       1306        604        140       3860     305413   Object Totals
         0          0         32          0          0          0   (incl. Generated)
        20          0          4          0          5          0   (incl. Padding)

    ----------------------------------------------------------------------

      Code (inc. data)   RO Data    RW Data    ZI Data      Debug   Library Member Name

         8          4        133          0          0         60   ctype_o.o
         0          0          0          0          0          0   entry.o
         0          0          0          0          0          0   entry10a.o
         0          0          0          0          0          0   entry11a.o
         8          4          0          0          0          0   entry2.o
         4          0          0          0          0          0   entry5.o
         0          0          0          0          0          0   entry7b.o
         0          0          0          0          0          0   entry8b.o
         8          4          0          0          0          0   entry9a.o
        30          0          0          0          0          0   handlers.o
        36          8          0          0          0         68   init.o
         0          0          0          0          0          0   iusefp.o
        32          0          0          0          0         68   llshl.o
        34          0          0          0          0         68   llushr.o
        36          0          0          0          0         60   memcpya.o
      1206         50          0          0          0        384   printf8.o
        14          0          0          0          0         60   strlen.o
        44          0          0          0          0         72   uidiv.o
        96          0          0          0          0         84   uldiv.o
        56          0          0          0          0         68   d2f.o
       236          0          0          0          0        216   depilogue.o
        40          6          0          0          0         68   dflti.o
        44          0          0          0          0         72   dscalb.o
       178          0          0          0          0        108   fadd.o
       130          0          0          0          0        144   fepilogue.o
        50          0          0          0          0         60   ffixi.o
        22          0          0          0          0         68   fflti.o
       122          0          0          0          0         72   fmul.o

    ----------------------------------------------------------------------
      2440         76        136          0          0       1800   Library Totals
         6          0          3          0          0          0   (incl. Padding)

    ----------------------------------------------------------------------

      Code (inc. data)   RO Data    RW Data    ZI Data      Debug   Library Name

      1556         70        133          0          0        924   mc_p.l
       878          6          0          0          0        876   mf_p.l

    ----------------------------------------------------------------------
      2440         76        136          0          0       1800   Library Totals

    ----------------------------------------------------------------------

==============================================================================


      Code (inc. data)   RO Data    RW Data    ZI Data      Debug   

     14292       1382        740        140       3860     300105   Grand Totals
     14292       1382        740        140       3860     300105   ELF Image Totals
     14292       1382        740        140          0          0   ROM Totals

==============================================================================

    Total RO  Size (Code + RO Data)                15032 (  14.68kB)
    Total RW  Size (RW Data + ZI Data)              4000 (   3.91kB)
    Total ROM Size (Code + RO Data + RW Data)      15172 (  14.82kB)

==============================================================================

