<html>
<body>
<pre>
<h1>µVision Build Log</h1>
<h2>Tool Versions:</h2>
IDE-Version: ¦ÌVision V5.12.0.0
Copyright (C) 2014 ARM Ltd and ARM Germany GmbH. All rights reserved.
License Information: a Microsoft, Microsoft, LIC=EXJUH-W57R8-2ZJW4-FI5Y3-4VUYG-KH17Z
 
Tool Versions:
Toolchain:       MDK-ARM Standard  Version: 5.12.0.0
Toolchain Path:  D:\ARM_KEIL\ARM\ARMCC\Bin
C Compiler:      Armcc.exe V5.05 (build 41)
Assembler:       Armasm.exe V5.05 (build 41)
Linker/Locator:  ArmLink.exe V5.05 (build 41)
Library Manager: ArmAr.exe V5.05 (build 41)
Hex Converter:   FromElf.exe V5.05 (build 41)
CPU DLL:         
Dialog DLL:      
    Target DLL: Segger\JL2CM3.dll
Dialog DLL:      TARMCM1.DLL V1.08.00.0
 
<h2>Project:</h2>
E:\nrf51882_project\nRF5_SDK_12.3.0_d7731ad\examples\peripheral\ppi\pca10028\blank\arm4\ppi_pca10028.uvproj
Project File Date:  05/05/2017

<h2>Output:</h2>
Rebuild target 'nrf51422_xxac'
compiling main.c...
compiling boards.c...
assembling arm_startup_nrf51.s...
compiling system_nrf51.c...
compiling nrf_drv_common.c...
compiling nrf_drv_ppi.c...
compiling nrf_drv_timer.c...
compiling nrf_drv_uart.c...
compiling app_error.c...
compiling app_error_weak.c...
compiling app_util_platform.c...
compiling nrf_assert.c...
compiling sdk_errors.c...
compiling nrf_log_backend_serial.c...
..\..\..\..\..\..\components\libraries\log\src\nrf_log_backend_serial.c(113): warning:  #550-D: variable "uart_config" was set but never used
      nrf_drv_uart_config_t uart_config = NRF_DRV_UART_DEFAULT_CONFIG;
..\..\..\..\..\..\components\libraries\log\src\nrf_log_backend_serial.c(89): warning:  #177-D: function "uart_event_handler" was declared but never referenced
  static void uart_event_handler(nrf_drv_uart_event_t * p_event, void * p_context)
..\..\..\..\..\..\components\libraries\log\src\nrf_log_backend_serial.c: 2 warnings, 0 errors
compiling nrf_log_frontend.c...
compiling RTT_Syscalls_KEIL.c...
compiling SEGGER_RTT.c...
compiling SEGGER_RTT_printf.c...
linking...
Program Size: Code=5708 RO-data=488 RW-data=36 ZI-data=3420  
FromELF: creating hex file...
".\_build\nrf51422_xxac.axf" - 0 Error(s), 2 Warning(s).
