Info: Starting: Create block symbol file (.bsf)
Info: qsys-generate C:\Users\zc\Desktop\TSOM_GHRD-gao\TSOM_GHRD\vio.qsys --block-symbol-file --output-directory=C:\Users\zc\Desktop\TSOM_GHRD-gao\TSOM_GHRD\vio --family="Cyclone V" --part=5CSEBA6U23I7
Progress: Loading TSOM_GHRD/vio.qsys
Progress: Reading input file
Progress: Adding in_system_sources_probes_0 [altera_in_system_sources_probes 17.1]
Progress: Parameterizing module in_system_sources_probes_0
Progress: Building connections
Progress: Parameterizing connections
Progress: Validating
Progress: Done reading input file
Info: qsys-generate succeeded.
Info: Finished: Create block symbol file (.bsf)
Info: 
Info: Starting: Create HDL design files for synthesis
Info: qsys-generate C:\Users\zc\Desktop\TSOM_GHRD-gao\TSOM_GHRD\vio.qsys --synthesis=VERILOG --output-directory=C:\Users\zc\Desktop\TSOM_GHRD-gao\TSOM_GHRD\vio\synthesis --family="Cyclone V" --part=5CSEBA6U23I7
Progress: Loading TSOM_GHRD/vio.qsys
Progress: Reading input file
Progress: Adding in_system_sources_probes_0 [altera_in_system_sources_probes 17.1]
Progress: Parameterizing module in_system_sources_probes_0
Progress: Building connections
Progress: Parameterizing connections
Progress: Validating
Progress: Done reading input file
Info: vio: Generating vio "vio" for QUARTUS_SYNTH
Info: in_system_sources_probes_0: "vio" instantiated altera_in_system_sources_probes "in_system_sources_probes_0"
Info: vio: Done "vio" with 2 modules, 2 files
Info: qsys-generate succeeded.
Info: Finished: Create HDL design files for synthesis
